64.26.187.151 - - [25/Sep/2012:14:11:21 +0300] "HEAD /css/homebase.css HTTP/1.1" 403 0 "-" "curl/7.12.1 (x86_64-redhat-linux-gnu) libcurl/7.12.1 OpenSSL/0.9.7a zlib/1.2.1.2 libidn/0.5.6"
64.26.187.150 - - [25/Sep/2012:14:48:51 +0300] "HEAD /css/homebase.css HTTP/1.1" 403 0 "-" "curl/7.12.1 (i386-redhat-linux-gnu) libcurl/7.12.1 OpenSSL/0.9.7a zlib/1.2.1.2 libidn/0.5.6"
64.26.187.150 - - [25/Sep/2012:15:26:11 +0300] "HEAD /css/homebase.css HTTP/1.1" 403 0 "-" "curl/7.12.1 (i386-redhat-linux-gnu) libcurl/7.12.1 OpenSSL/0.9.7a zlib/1.2.1.2 libidn/0.5.6"
64.26.187.151 - - [25/Sep/2012:15:26:12 +0300] "HEAD /css/homebase.css HTTP/1.1" 403 0 "-" "curl/7.12.1 (x86_64-redhat-linux-gnu) libcurl/7.12.1 OpenSSL/0.9.7a zlib/1.2.1.2 libidn/0.5.6"
64.26.187.150 - - [25/Sep/2012:16:03:48 +0300] "HEAD /css/homebase.css HTTP/1.1" 403 0 "-" "curl/7.12.1 (i386-redhat-linux-gnu) libcurl/7.12.1 OpenSSL/0.9.7a zlib/1.2.1.2 libidn/0.5.6"
64.26.187.151 - - [25/Sep/2012:16:03:49 +0300] "HEAD /css/homebase.css HTTP/1.1" 403 0 "-" "curl/7.12.1 (x86_64-redhat-linux-gnu) libcurl/7.12.1 OpenSSL/0.9.7a zlib/1.2.1.2 libidn/0.5.6"
64.26.187.150 - - [25/Sep/2012:16:41:17 +0300] "HEAD /css/homebase.css HTTP/1.1" 403 0 "-" "curl/7.12.1 (i386-redhat-linux-gnu) libcurl/7.12.1 OpenSSL/0.9.7a zlib/1.2.1.2 libidn/0.5.6"
64.26.187.150 - - [25/Sep/2012:17:18:50 +0300] "HEAD /css/homebase.css HTTP/1.1" 403 0 "-" "curl/7.12.1 (i386-redhat-linux-gnu) libcurl/7.12.1 OpenSSL/0.9.7a zlib/1.2.1.2 libidn/0.5.6"
64.26.187.150 - - [25/Sep/2012:17:56:06 +0300] "HEAD /css/homebase.css HTTP/1.1" 403 0 "-" "curl/7.12.1 (i386-redhat-linux-gnu) libcurl/7.12.1 OpenSSL/0.9.7a zlib/1.2.1.2 libidn/0.5.6"
203.92.58.59 - - [25/Sep/2012:18:04:15 +0300] "HEAD / HTTP/1.0" 200 0 "-" "-"
64.26.187.151 - - [25/Sep/2012:18:33:24 +0300] "HEAD /css/homebase.css HTTP/1.1" 403 0 "-" "curl/7.12.1 (x86_64-redhat-linux-gnu) libcurl/7.12.1 OpenSSL/0.9.7a zlib/1.2.1.2 libidn/0.5.6"
64.26.187.150 - - [25/Sep/2012:18:33:23 +0300] "HEAD /css/homebase.css HTTP/1.1" 403 0 "-" "curl/7.12.1 (i386-redhat-linux-gnu) libcurl/7.12.1 OpenSSL/0.9.7a zlib/1.2.1.2 libidn/0.5.6"
64.26.187.150 - - [25/Sep/2012:19:10:59 +0300] "HEAD /css/homebase.css HTTP/1.1" 403 0 "-" "curl/7.12.1 (i386-redhat-linux-gnu) libcurl/7.12.1 OpenSSL/0.9.7a zlib/1.2.1.2 libidn/0.5.6"
64.26.187.150 - - [25/Sep/2012:19:48:32 +0300] "HEAD /css/homebase.css HTTP/1.1" 403 0 "-" "curl/7.12.1 (i386-redhat-linux-gnu) libcurl/7.12.1 OpenSSL/0.9.7a zlib/1.2.1.2 libidn/0.5.6"
64.26.187.151 - - [25/Sep/2012:19:48:33 +0300] "HEAD /css/homebase.css HTTP/1.1" 403 0 "-" "curl/7.12.1 (x86_64-redhat-linux-gnu) libcurl/7.12.1 OpenSSL/0.9.7a zlib/1.2.1.2 libidn/0.5.6"
64.26.187.150 - - [25/Sep/2012:20:26:07 +0300] "HEAD /css/homebase.css HTTP/1.1" 403 0 "-" "curl/7.12.1 (i386-redhat-linux-gnu) libcurl/7.12.1 OpenSSL/0.9.7a zlib/1.2.1.2 libidn/0.5.6"
64.26.187.150 - - [25/Sep/2012:21:03:44 +0300] "HEAD /css/homebase.css HTTP/1.1" 403 0 "-" "curl/7.12.1 (i386-redhat-linux-gnu) libcurl/7.12.1 OpenSSL/0.9.7a zlib/1.2.1.2 libidn/0.5.6"
64.26.187.150 - - [25/Sep/2012:21:41:07 +0300] "HEAD /css/homebase.css HTTP/1.1" 403 0 "-" "curl/7.12.1 (i386-redhat-linux-gnu) libcurl/7.12.1 OpenSSL/0.9.7a zlib/1.2.1.2 libidn/0.5.6"
64.26.187.150 - - [25/Sep/2012:22:18:28 +0300] "HEAD /css/homebase.css HTTP/1.1" 403 0 "-" "curl/7.12.1 (i386-redhat-linux-gnu) libcurl/7.12.1 OpenSSL/0.9.7a zlib/1.2.1.2 libidn/0.5.6"
200.145.39.241 - - [25/Sep/2012:22:21:12 +0300] "GET /phpmyadmin/translators.html HTTP/1.1" 404 238 "-" "Mozilla/4.0 (compatible; MSIE 6.0; MSIE 5.5; Windows NT 5.1) Opera 7.01 [en]"
193.219.55.21 - - [25/Sep/2012:22:53:52 +0300] "\xE6\xD7.\xFD\xF5\x7F\x9C\xC7:I\xC0\xFF,\xBCZv\x14\x9E\x8Cg\xD4\x8A\x0E\x182\x19|5cqK\xF5\x8F\xDC\xCB\x84" 400 166 "-" "-"
64.26.187.150 - - [25/Sep/2012:22:55:54 +0300] "HEAD /css/homebase.css HTTP/1.1" 403 0 "-" "curl/7.12.1 (i386-redhat-linux-gnu) libcurl/7.12.1 OpenSSL/0.9.7a zlib/1.2.1.2 libidn/0.5.6"
64.26.187.150 - - [25/Sep/2012:23:33:15 +0300] "HEAD /css/homebase.css HTTP/1.1" 403 0 "-" "curl/7.12.1 (i386-redhat-linux-gnu) libcurl/7.12.1 OpenSSL/0.9.7a zlib/1.2.1.2 libidn/0.5.6"
64.26.187.150 - - [26/Sep/2012:00:10:49 +0300] "HEAD /css/homebase.css HTTP/1.1" 403 0 "-" "curl/7.12.1 (i386-redhat-linux-gnu) libcurl/7.12.1 OpenSSL/0.9.7a zlib/1.2.1.2 libidn/0.5.6"
64.26.187.150 - - [26/Sep/2012:00:48:16 +0300] "HEAD /css/homebase.css HTTP/1.1" 403 0 "-" "curl/7.12.1 (i386-redhat-linux-gnu) libcurl/7.12.1 OpenSSL/0.9.7a zlib/1.2.1.2 libidn/0.5.6"
64.26.187.150 - - [26/Sep/2012:01:25:37 +0300] "HEAD /css/homebase.css HTTP/1.1" 403 0 "-" "curl/7.12.1 (i386-redhat-linux-gnu) libcurl/7.12.1 OpenSSL/0.9.7a zlib/1.2.1.2 libidn/0.5.6"
64.26.187.151 - - [26/Sep/2012:01:25:41 +0300] "HEAD /css/homebase.css HTTP/1.1" 403 0 "-" "curl/7.12.1 (x86_64-redhat-linux-gnu) libcurl/7.12.1 OpenSSL/0.9.7a zlib/1.2.1.2 libidn/0.5.6"
64.26.187.150 - - [26/Sep/2012:02:03:02 +0300] "HEAD /css/homebase.css HTTP/1.1" 403 0 "-" "curl/7.12.1 (i386-redhat-linux-gnu) libcurl/7.12.1 OpenSSL/0.9.7a zlib/1.2.1.2 libidn/0.5.6"
64.26.187.150 - - [26/Sep/2012:02:40:30 +0300] "HEAD /css/homebase.css HTTP/1.1" 403 0 "-" "curl/7.12.1 (i386-redhat-linux-gnu) libcurl/7.12.1 OpenSSL/0.9.7a zlib/1.2.1.2 libidn/0.5.6"
64.26.187.151 - - [26/Sep/2012:02:40:32 +0300] "HEAD /css/homebase.css HTTP/1.1" 403 0 "-" "curl/7.12.1 (x86_64-redhat-linux-gnu) libcurl/7.12.1 OpenSSL/0.9.7a zlib/1.2.1.2 libidn/0.5.6"
64.26.187.150 - - [26/Sep/2012:03:17:51 +0300] "HEAD /css/homebase.css HTTP/1.1" 403 0 "-" "curl/7.12.1 (i386-redhat-linux-gnu) libcurl/7.12.1 OpenSSL/0.9.7a zlib/1.2.1.2 libidn/0.5.6"
64.26.187.150 - - [26/Sep/2012:03:55:24 +0300] "HEAD /css/homebase.css HTTP/1.1" 403 0 "-" "curl/7.12.1 (i386-redhat-linux-gnu) libcurl/7.12.1 OpenSSL/0.9.7a zlib/1.2.1.2 libidn/0.5.6"
64.26.187.150 - - [26/Sep/2012:04:32:58 +0300] "HEAD /css/homebase.css HTTP/1.1" 403 0 "-" "curl/7.12.1 (i386-redhat-linux-gnu) libcurl/7.12.1 OpenSSL/0.9.7a zlib/1.2.1.2 libidn/0.5.6"
64.26.187.151 - - [26/Sep/2012:04:33:00 +0300] "HEAD /css/homebase.css HTTP/1.1" 403 0 "-" "curl/7.12.1 (x86_64-redhat-linux-gnu) libcurl/7.12.1 OpenSSL/0.9.7a zlib/1.2.1.2 libidn/0.5.6"
64.26.187.150 - - [26/Sep/2012:05:10:21 +0300] "HEAD /css/homebase.css HTTP/1.1" 403 0 "-" "curl/7.12.1 (i386-redhat-linux-gnu) libcurl/7.12.1 OpenSSL/0.9.7a zlib/1.2.1.2 libidn/0.5.6"
64.26.187.151 - - [26/Sep/2012:05:10:23 +0300] "HEAD /css/homebase.css HTTP/1.1" 403 0 "-" "curl/7.12.1 (x86_64-redhat-linux-gnu) libcurl/7.12.1 OpenSSL/0.9.7a zlib/1.2.1.2 libidn/0.5.6"
64.26.187.150 - - [26/Sep/2012:05:47:38 +0300] "HEAD /css/homebase.css HTTP/1.1" 403 0 "-" "curl/7.12.1 (i386-redhat-linux-gnu) libcurl/7.12.1 OpenSSL/0.9.7a zlib/1.2.1.2 libidn/0.5.6"
64.26.187.150 - - [26/Sep/2012:06:25:09 +0300] "HEAD /css/homebase.css HTTP/1.1" 403 0 "-" "curl/7.12.1 (i386-redhat-linux-gnu) libcurl/7.12.1 OpenSSL/0.9.7a zlib/1.2.1.2 libidn/0.5.6"
92.240.68.152 - - [26/Sep/2012:06:54:23 +0300] "GET http://rogerwittenberns.com/images/roger.jpg/image_preview HTTP/1.1" 404 238 "-" "webcollage/1.135a"
92.240.68.152 - - [26/Sep/2012:06:54:23 +0300] "\x00" 400 0 "-" "-"
64.26.187.150 - - [26/Sep/2012:07:02:45 +0300] "HEAD /css/homebase.css HTTP/1.1" 403 0 "-" "curl/7.12.1 (i386-redhat-linux-gnu) libcurl/7.12.1 OpenSSL/0.9.7a zlib/1.2.1.2 libidn/0.5.6"
204.221.212.176 - - [26/Sep/2012:07:17:33 +0300] "L\xDE@\xEA\x16\xBA\xDA\x88{E\x11E\x1C\x0B|jc\x1E\xF4\xB0\xC4G\x17D\x97v\xD9\x1B\xBCNL\xCAu\xB5.1J<\xE5\xBB\x05gE\xCB\x5C\xCB\xC0\x00\xBD\x96\xC1\x13\x90|\x8EE]zA\x86<\xA4\x011" 400 166 "-" "-"
64.26.187.150 - - [26/Sep/2012:07:40:08 +0300] "HEAD /css/homebase.css HTTP/1.1" 403 0 "-" "curl/7.12.1 (i386-redhat-linux-gnu) libcurl/7.12.1 OpenSSL/0.9.7a zlib/1.2.1.2 libidn/0.5.6"
64.26.187.150 - - [26/Sep/2012:08:17:38 +0300] "HEAD /css/homebase.css HTTP/1.1" 403 0 "-" "curl/7.12.1 (i386-redhat-linux-gnu) libcurl/7.12.1 OpenSSL/0.9.7a zlib/1.2.1.2 libidn/0.5.6"
64.26.187.151 - - [26/Sep/2012:08:17:39 +0300] "HEAD /css/homebase.css HTTP/1.1" 403 0 "-" "curl/7.12.1 (x86_64-redhat-linux-gnu) libcurl/7.12.1 OpenSSL/0.9.7a zlib/1.2.1.2 libidn/0.5.6"
64.26.187.150 - - [26/Sep/2012:08:55:09 +0300] "HEAD /css/homebase.css HTTP/1.1" 403 0 "-" "curl/7.12.1 (i386-redhat-linux-gnu) libcurl/7.12.1 OpenSSL/0.9.7a zlib/1.2.1.2 libidn/0.5.6"
64.26.187.150 - - [26/Sep/2012:09:32:42 +0300] "HEAD /css/homebase.css HTTP/1.1" 403 0 "-" "curl/7.12.1 (i386-redhat-linux-gnu) libcurl/7.12.1 OpenSSL/0.9.7a zlib/1.2.1.2 libidn/0.5.6"
64.26.187.150 - - [26/Sep/2012:10:10:14 +0300] "HEAD /css/homebase.css HTTP/1.1" 403 0 "-" "curl/7.12.1 (i386-redhat-linux-gnu) libcurl/7.12.1 OpenSSL/0.9.7a zlib/1.2.1.2 libidn/0.5.6"
64.26.187.150 - - [26/Sep/2012:10:47:49 +0300] "HEAD /css/homebase.css HTTP/1.1" 403 0 "-" "curl/7.12.1 (i386-redhat-linux-gnu) libcurl/7.12.1 OpenSSL/0.9.7a zlib/1.2.1.2 libidn/0.5.6"
64.26.187.150 - - [26/Sep/2012:11:25:42 +0300] "HEAD /css/homebase.css HTTP/1.1" 403 0 "-" "curl/7.12.1 (i386-redhat-linux-gnu) libcurl/7.12.1 OpenSSL/0.9.7a zlib/1.2.1.2 libidn/0.5.6"
117.79.149.219 - - [26/Sep/2012:12:02:47 +0300] "GET /user/soapCaller.bs HTTP/1.1" 404 238 "-" "Morfeus Fucking Scanner"
64.26.187.150 - - [26/Sep/2012:12:04:31 +0300] "HEAD /css/homebase.css HTTP/1.1" 403 0 "-" "curl/7.12.1 (i386-redhat-linux-gnu) libcurl/7.12.1 OpenSSL/0.9.7a zlib/1.2.1.2 libidn/0.5.6"
64.26.187.151 - - [26/Sep/2012:12:04:34 +0300] "HEAD /css/homebase.css HTTP/1.1" 403 0 "-" "curl/7.12.1 (x86_64-redhat-linux-gnu) libcurl/7.12.1 OpenSSL/0.9.7a zlib/1.2.1.2 libidn/0.5.6"
64.26.187.150 - - [26/Sep/2012:12:42:34 +0300] "HEAD /css/homebase.css HTTP/1.1" 403 0 "-" "curl/7.12.1 (i386-redhat-linux-gnu) libcurl/7.12.1 OpenSSL/0.9.7a zlib/1.2.1.2 libidn/0.5.6"
64.26.187.150 - - [26/Sep/2012:13:20:10 +0300] "HEAD /css/homebase.css HTTP/1.1" 403 0 "-" "curl/7.12.1 (i386-redhat-linux-gnu) libcurl/7.12.1 OpenSSL/0.9.7a zlib/1.2.1.2 libidn/0.5.6"
64.26.187.151 - - [26/Sep/2012:13:20:12 +0300] "HEAD /css/homebase.css HTTP/1.1" 403 0 "-" "curl/7.12.1 (x86_64-redhat-linux-gnu) libcurl/7.12.1 OpenSSL/0.9.7a zlib/1.2.1.2 libidn/0.5.6"
64.26.187.150 - - [26/Sep/2012:13:57:55 +0300] "HEAD /css/homebase.css HTTP/1.1" 403 0 "-" "curl/7.12.1 (i386-redhat-linux-gnu) libcurl/7.12.1 OpenSSL/0.9.7a zlib/1.2.1.2 libidn/0.5.6"
64.26.187.150 - - [26/Sep/2012:14:35:34 +0300] "HEAD /css/homebase.css HTTP/1.1" 403 0 "-" "curl/7.12.1 (i386-redhat-linux-gnu) libcurl/7.12.1 OpenSSL/0.9.7a zlib/1.2.1.2 libidn/0.5.6"
64.26.187.150 - - [26/Sep/2012:15:13:30 +0300] "HEAD /css/homebase.css HTTP/1.1" 403 0 "-" "curl/7.12.1 (i386-redhat-linux-gnu) libcurl/7.12.1 OpenSSL/0.9.7a zlib/1.2.1.2 libidn/0.5.6"
64.26.187.151 - - [26/Sep/2012:15:13:34 +0300] "HEAD /css/homebase.css HTTP/1.1" 403 0 "-" "curl/7.12.1 (x86_64-redhat-linux-gnu) libcurl/7.12.1 OpenSSL/0.9.7a zlib/1.2.1.2 libidn/0.5.6"
64.26.187.150 - - [26/Sep/2012:15:51:21 +0300] "HEAD /css/homebase.css HTTP/1.1" 403 0 "-" "curl/7.12.1 (i386-redhat-linux-gnu) libcurl/7.12.1 OpenSSL/0.9.7a zlib/1.2.1.2 libidn/0.5.6"
64.26.187.151 - - [26/Sep/2012:15:51:23 +0300] "HEAD /css/homebase.css HTTP/1.1" 403 0 "-" "curl/7.12.1 (x86_64-redhat-linux-gnu) libcurl/7.12.1 OpenSSL/0.9.7a zlib/1.2.1.2 libidn/0.5.6"
64.26.187.150 - - [26/Sep/2012:16:29:04 +0300] "HEAD /css/homebase.css HTTP/1.1" 403 0 "-" "curl/7.12.1 (i386-redhat-linux-gnu) libcurl/7.12.1 OpenSSL/0.9.7a zlib/1.2.1.2 libidn/0.5.6"
64.26.187.150 - - [26/Sep/2012:17:06:42 +0300] "HEAD /css/homebase.css HTTP/1.1" 403 0 "-" "curl/7.12.1 (i386-redhat-linux-gnu) libcurl/7.12.1 OpenSSL/0.9.7a zlib/1.2.1.2 libidn/0.5.6"
64.26.187.150 - - [26/Sep/2012:17:44:20 +0300] "HEAD /css/homebase.css HTTP/1.1" 403 0 "-" "curl/7.12.1 (i386-redhat-linux-gnu) libcurl/7.12.1 OpenSSL/0.9.7a zlib/1.2.1.2 libidn/0.5.6"
64.26.187.151 - - [26/Sep/2012:17:44:24 +0300] "HEAD /css/homebase.css HTTP/1.1" 403 0 "-" "curl/7.12.1 (x86_64-redhat-linux-gnu) libcurl/7.12.1 OpenSSL/0.9.7a zlib/1.2.1.2 libidn/0.5.6"
64.26.187.150 - - [26/Sep/2012:18:21:57 +0300] "HEAD /css/homebase.css HTTP/1.1" 403 0 "-" "curl/7.12.1 (i386-redhat-linux-gnu) libcurl/7.12.1 OpenSSL/0.9.7a zlib/1.2.1.2 libidn/0.5.6"
64.26.187.151 - - [26/Sep/2012:18:22:01 +0300] "HEAD /css/homebase.css HTTP/1.1" 403 0 "-" "curl/7.12.1 (x86_64-redhat-linux-gnu) libcurl/7.12.1 OpenSSL/0.9.7a zlib/1.2.1.2 libidn/0.5.6"
95.108.151.244 - - [26/Sep/2012:18:33:01 +0300] "GET /robots.txt HTTP/1.1" 404 238 "-" "Mozilla/5.0 (compatible; YandexBot/3.0; +http://yandex.com/bots)"
95.108.151.244 - - [26/Sep/2012:18:33:01 +0300] "GET /robots.txt HTTP/1.1" 404 238 "-" "Mozilla/5.0 (compatible; YandexBot/3.0; +http://yandex.com/bots)"
95.108.151.244 - - [26/Sep/2012:18:33:02 +0300] "GET / HTTP/1.1" 200 28 "-" "Mozilla/5.0 (compatible; YandexBot/3.0; +http://yandex.com/bots)"
95.108.151.244 - - [26/Sep/2012:18:33:02 +0300] "GET / HTTP/1.1" 200 28 "-" "Mozilla/5.0 (compatible; YandexBot/3.0; +http://yandex.com/bots)"
95.108.151.244 - - [26/Sep/2012:18:33:02 +0300] "GET / HTTP/1.1" 200 28 "-" "Mozilla/5.0 (compatible; YandexBot/3.0; +http://yandex.com/bots)"
95.108.151.244 - - [26/Sep/2012:18:33:03 +0300] "GET / HTTP/1.1" 200 28 "-" "Mozilla/5.0 (compatible; YandexBot/3.0; +http://yandex.com/bots)"
64.26.187.150 - - [26/Sep/2012:18:59:30 +0300] "HEAD /css/homebase.css HTTP/1.1" 403 0 "-" "curl/7.12.1 (i386-redhat-linux-gnu) libcurl/7.12.1 OpenSSL/0.9.7a zlib/1.2.1.2 libidn/0.5.6"
109.160.65.179 - - [26/Sep/2012:19:17:18 +0300] "\xD1\xC9\x18p\x94\xB2\xCFk\x06\x5C\x93\x91|%7\x90\xF8\x17\xBB\x97\xA0\xD9e\x5C7\x1B\xE0\x09\xE9\xA4\xEAO\xF0\xF6" 400 166 "-" "-"
64.26.187.150 - - [26/Sep/2012:19:36:42 +0300] "HEAD /css/homebase.css HTTP/1.1" 403 0 "-" "curl/7.12.1 (i386-redhat-linux-gnu) libcurl/7.12.1 OpenSSL/0.9.7a zlib/1.2.1.2 libidn/0.5.6"
174.143.169.191 - - [26/Sep/2012:20:04:10 +0300] "POST //vb/vbseocp.php HTTP/1.1" 404 0 "-" "ZmEu"
174.143.169.191 - - [26/Sep/2012:20:04:11 +0300] "POST //forum/vbseocp.php HTTP/1.1" 404 0 "-" "ZmEu"
174.143.169.191 - - [26/Sep/2012:20:04:11 +0300] "POST //vbseocp.php HTTP/1.1" 404 0 "-" "ZmEu"
174.143.169.191 - - [26/Sep/2012:20:04:11 +0300] "POST //foro HTTP/1.1" 404 0 "-" "ZmEu"
174.143.169.191 - - [26/Sep/2012:20:04:12 +0300] "POST //foros HTTP/1.1" 404 0 "-" "ZmEu"
174.143.169.191 - - [26/Sep/2012:20:04:12 +0300] "POST //forums HTTP/1.1" 404 0 "-" "ZmEu"
64.26.187.150 - - [26/Sep/2012:20:13:44 +0300] "HEAD /css/homebase.css HTTP/1.1" 403 0 "-" "curl/7.12.1 (i386-redhat-linux-gnu) libcurl/7.12.1 OpenSSL/0.9.7a zlib/1.2.1.2 libidn/0.5.6"
218.108.85.252 - - [26/Sep/2012:20:44:49 +0300] "HEAD /manager/html HTTP/1.0" 499 0 "-" "-"
64.26.187.150 - - [26/Sep/2012:20:50:48 +0300] "HEAD /css/homebase.css HTTP/1.1" 403 0 "-" "curl/7.12.1 (i386-redhat-linux-gnu) libcurl/7.12.1 OpenSSL/0.9.7a zlib/1.2.1.2 libidn/0.5.6"
64.26.187.151 - - [26/Sep/2012:20:50:52 +0300] "HEAD /css/homebase.css HTTP/1.1" 403 0 "-" "curl/7.12.1 (x86_64-redhat-linux-gnu) libcurl/7.12.1 OpenSSL/0.9.7a zlib/1.2.1.2 libidn/0.5.6"
200.145.39.241 - - [26/Sep/2012:20:59:31 +0300] "GET /phpMyAdmin/translators.html HTTP/1.1" 404 238 "-" "Mozilla/4.0 (compatible; MSIE 6.0; MSIE 5.5; Windows NT 5.1) Opera 7.01 [en]"
66.249.71.116 - - [26/Sep/2012:21:14:00 +0300] "GET /robots.txt HTTP/1.1" 404 238 "-" "Mozilla/5.0 (compatible; Googlebot/2.1; +http://www.google.com/bot.html)"
66.249.71.116 - - [26/Sep/2012:21:14:00 +0300] "GET / HTTP/1.1" 200 28 "-" "Mozilla/5.0 (compatible; Googlebot/2.1; +http://www.google.com/bot.html)"
64.26.187.150 - - [26/Sep/2012:21:27:51 +0300] "HEAD /css/homebase.css HTTP/1.1" 403 0 "-" "curl/7.12.1 (i386-redhat-linux-gnu) libcurl/7.12.1 OpenSSL/0.9.7a zlib/1.2.1.2 libidn/0.5.6"
64.26.187.150 - - [26/Sep/2012:22:04:49 +0300] "HEAD /css/homebase.css HTTP/1.1" 403 0 "-" "curl/7.12.1 (i386-redhat-linux-gnu) libcurl/7.12.1 OpenSSL/0.9.7a zlib/1.2.1.2 libidn/0.5.6"
64.26.187.150 - - [26/Sep/2012:22:41:38 +0300] "HEAD /css/homebase.css HTTP/1.1" 403 0 "-" "curl/7.12.1 (i386-redhat-linux-gnu) libcurl/7.12.1 OpenSSL/0.9.7a zlib/1.2.1.2 libidn/0.5.6"
64.26.187.151 - - [26/Sep/2012:22:41:42 +0300] "HEAD /css/homebase.css HTTP/1.1" 403 0 "-" "curl/7.12.1 (x86_64-redhat-linux-gnu) libcurl/7.12.1 OpenSSL/0.9.7a zlib/1.2.1.2 libidn/0.5.6"
64.26.187.150 - - [26/Sep/2012:23:18:24 +0300] "HEAD /css/homebase.css HTTP/1.1" 403 0 "-" "curl/7.12.1 (i386-redhat-linux-gnu) libcurl/7.12.1 OpenSSL/0.9.7a zlib/1.2.1.2 libidn/0.5.6"
64.26.187.151 - - [26/Sep/2012:23:18:28 +0300] "HEAD /css/homebase.css HTTP/1.1" 403 0 "-" "curl/7.12.1 (x86_64-redhat-linux-gnu) libcurl/7.12.1 OpenSSL/0.9.7a zlib/1.2.1.2 libidn/0.5.6"
64.26.187.150 - - [26/Sep/2012:23:55:21 +0300] "HEAD /css/homebase.css HTTP/1.1" 403 0 "-" "curl/7.12.1 (i386-redhat-linux-gnu) libcurl/7.12.1 OpenSSL/0.9.7a zlib/1.2.1.2 libidn/0.5.6"
64.26.187.150 - - [27/Sep/2012:00:31:53 +0300] "HEAD /css/homebase.css HTTP/1.1" 403 0 "-" "curl/7.12.1 (i386-redhat-linux-gnu) libcurl/7.12.1 OpenSSL/0.9.7a zlib/1.2.1.2 libidn/0.5.6"
64.26.187.150 - - [27/Sep/2012:01:08:15 +0300] "HEAD /css/homebase.css HTTP/1.1" 403 0 "-" "curl/7.12.1 (i386-redhat-linux-gnu) libcurl/7.12.1 OpenSSL/0.9.7a zlib/1.2.1.2 libidn/0.5.6"
64.26.187.150 - - [27/Sep/2012:01:44:26 +0300] "HEAD /css/homebase.css HTTP/1.1" 403 0 "-" "curl/7.12.1 (i386-redhat-linux-gnu) libcurl/7.12.1 OpenSSL/0.9.7a zlib/1.2.1.2 libidn/0.5.6"
64.26.187.151 - - [27/Sep/2012:01:44:29 +0300] "HEAD /css/homebase.css HTTP/1.1" 403 0 "-" "curl/7.12.1 (x86_64-redhat-linux-gnu) libcurl/7.12.1 OpenSSL/0.9.7a zlib/1.2.1.2 libidn/0.5.6"
64.26.187.150 - - [27/Sep/2012:02:20:37 +0300] "HEAD /css/homebase.css HTTP/1.1" 403 0 "-" "curl/7.12.1 (i386-redhat-linux-gnu) libcurl/7.12.1 OpenSSL/0.9.7a zlib/1.2.1.2 libidn/0.5.6"
64.26.187.150 - - [27/Sep/2012:02:56:35 +0300] "HEAD /css/homebase.css HTTP/1.1" 403 0 "-" "curl/7.12.1 (i386-redhat-linux-gnu) libcurl/7.12.1 OpenSSL/0.9.7a zlib/1.2.1.2 libidn/0.5.6"
64.26.187.150 - - [27/Sep/2012:03:32:32 +0300] "HEAD /css/homebase.css HTTP/1.1" 403 0 "-" "curl/7.12.1 (i386-redhat-linux-gnu) libcurl/7.12.1 OpenSSL/0.9.7a zlib/1.2.1.2 libidn/0.5.6"
64.26.187.150 - - [27/Sep/2012:04:08:19 +0300] "HEAD /css/homebase.css HTTP/1.1" 403 0 "-" "curl/7.12.1 (i386-redhat-linux-gnu) libcurl/7.12.1 OpenSSL/0.9.7a zlib/1.2.1.2 libidn/0.5.6"
64.26.187.151 - - [27/Sep/2012:04:08:21 +0300] "HEAD /css/homebase.css HTTP/1.1" 403 0 "-" "curl/7.12.1 (x86_64-redhat-linux-gnu) libcurl/7.12.1 OpenSSL/0.9.7a zlib/1.2.1.2 libidn/0.5.6"
91.226.212.41 - - [27/Sep/2012:04:12:10 +0300] "GET http://www.proxy-alert.com/remote.php HTTP/1.1" 404 238 "-" "-"
64.26.187.150 - - [27/Sep/2012:04:44:01 +0300] "HEAD /css/homebase.css HTTP/1.1" 403 0 "-" "curl/7.12.1 (i386-redhat-linux-gnu) libcurl/7.12.1 OpenSSL/0.9.7a zlib/1.2.1.2 libidn/0.5.6"
64.26.187.151 - - [27/Sep/2012:04:44:03 +0300] "HEAD /css/homebase.css HTTP/1.1" 403 0 "-" "curl/7.12.1 (x86_64-redhat-linux-gnu) libcurl/7.12.1 OpenSSL/0.9.7a zlib/1.2.1.2 libidn/0.5.6"
64.26.187.150 - - [27/Sep/2012:05:19:37 +0300] "HEAD /css/homebase.css HTTP/1.1" 403 0 "-" "curl/7.12.1 (i386-redhat-linux-gnu) libcurl/7.12.1 OpenSSL/0.9.7a zlib/1.2.1.2 libidn/0.5.6"
64.26.187.150 - - [27/Sep/2012:05:55:27 +0300] "HEAD /css/homebase.css HTTP/1.1" 403 0 "-" "curl/7.12.1 (i386-redhat-linux-gnu) libcurl/7.12.1 OpenSSL/0.9.7a zlib/1.2.1.2 libidn/0.5.6"
64.26.187.150 - - [27/Sep/2012:06:31:08 +0300] "HEAD /css/homebase.css HTTP/1.1" 403 0 "-" "curl/7.12.1 (i386-redhat-linux-gnu) libcurl/7.12.1 OpenSSL/0.9.7a zlib/1.2.1.2 libidn/0.5.6"
64.26.187.151 - - [27/Sep/2012:06:31:10 +0300] "HEAD /css/homebase.css HTTP/1.1" 403 0 "-" "curl/7.12.1 (x86_64-redhat-linux-gnu) libcurl/7.12.1 OpenSSL/0.9.7a zlib/1.2.1.2 libidn/0.5.6"
64.26.187.150 - - [27/Sep/2012:07:06:50 +0300] "HEAD /css/homebase.css HTTP/1.1" 403 0 "-" "curl/7.12.1 (i386-redhat-linux-gnu) libcurl/7.12.1 OpenSSL/0.9.7a zlib/1.2.1.2 libidn/0.5.6"
64.26.187.150 - - [27/Sep/2012:07:42:41 +0300] "HEAD /css/homebase.css HTTP/1.1" 403 0 "-" "curl/7.12.1 (i386-redhat-linux-gnu) libcurl/7.12.1 OpenSSL/0.9.7a zlib/1.2.1.2 libidn/0.5.6"
64.26.187.150 - - [27/Sep/2012:08:18:28 +0300] "HEAD /css/homebase.css HTTP/1.1" 403 0 "-" "curl/7.12.1 (i386-redhat-linux-gnu) libcurl/7.12.1 OpenSSL/0.9.7a zlib/1.2.1.2 libidn/0.5.6"
64.26.187.151 - - [27/Sep/2012:08:18:33 +0300] "HEAD /css/homebase.css HTTP/1.1" 403 0 "-" "curl/7.12.1 (x86_64-redhat-linux-gnu) libcurl/7.12.1 OpenSSL/0.9.7a zlib/1.2.1.2 libidn/0.5.6"
64.26.187.150 - - [27/Sep/2012:08:54:20 +0300] "HEAD /css/homebase.css HTTP/1.1" 403 0 "-" "curl/7.12.1 (i386-redhat-linux-gnu) libcurl/7.12.1 OpenSSL/0.9.7a zlib/1.2.1.2 libidn/0.5.6"
64.26.187.150 - - [27/Sep/2012:09:30:16 +0300] "HEAD /css/homebase.css HTTP/1.1" 403 0 "-" "curl/7.12.1 (i386-redhat-linux-gnu) libcurl/7.12.1 OpenSSL/0.9.7a zlib/1.2.1.2 libidn/0.5.6"
64.26.187.150 - - [27/Sep/2012:10:06:30 +0300] "HEAD /css/homebase.css HTTP/1.1" 403 0 "-" "curl/7.12.1 (i386-redhat-linux-gnu) libcurl/7.12.1 OpenSSL/0.9.7a zlib/1.2.1.2 libidn/0.5.6"
200.105.225.43 - - [27/Sep/2012:10:06:43 +0300] "GET /user/soapCaller.bs HTTP/1.1" 404 238 "-" "Morfeus Fucking Scanner"
64.26.187.150 - - [27/Sep/2012:10:42:57 +0300] "HEAD /css/homebase.css HTTP/1.1" 403 0 "-" "curl/7.12.1 (i386-redhat-linux-gnu) libcurl/7.12.1 OpenSSL/0.9.7a zlib/1.2.1.2 libidn/0.5.6"
64.26.187.150 - - [27/Sep/2012:11:19:25 +0300] "HEAD /css/homebase.css HTTP/1.1" 403 0 "-" "curl/7.12.1 (i386-redhat-linux-gnu) libcurl/7.12.1 OpenSSL/0.9.7a zlib/1.2.1.2 libidn/0.5.6"
64.26.187.150 - - [27/Sep/2012:11:56:57 +0300] "HEAD /css/homebase.css HTTP/1.1" 403 0 "-" "curl/7.12.1 (i386-redhat-linux-gnu) libcurl/7.12.1 OpenSSL/0.9.7a zlib/1.2.1.2 libidn/0.5.6"
64.26.187.150 - - [27/Sep/2012:12:33:29 +0300] "HEAD /css/homebase.css HTTP/1.1" 403 0 "-" "curl/7.12.1 (i386-redhat-linux-gnu) libcurl/7.12.1 OpenSSL/0.9.7a zlib/1.2.1.2 libidn/0.5.6"
64.26.187.151 - - [27/Sep/2012:12:33:34 +0300] "HEAD /css/homebase.css HTTP/1.1" 403 0 "-" "curl/7.12.1 (x86_64-redhat-linux-gnu) libcurl/7.12.1 OpenSSL/0.9.7a zlib/1.2.1.2 libidn/0.5.6"
66.249.71.13 - - [27/Sep/2012:12:43:20 +0300] "GET /robots.txt HTTP/1.1" 404 238 "-" "Mozilla/5.0 (compatible; Googlebot/2.1; +http://www.google.com/bot.html)"
66.249.71.13 - - [27/Sep/2012:12:43:21 +0300] "GET / HTTP/1.1" 200 28 "-" "DoCoMo/2.0 N905i(c100;TB;W24H16) (compatible; Googlebot-Mobile/2.1; +http://www.google.com/bot.html)"
64.26.187.150 - - [27/Sep/2012:13:10:07 +0300] "HEAD /css/homebase.css HTTP/1.1" 403 0 "-" "curl/7.12.1 (i386-redhat-linux-gnu) libcurl/7.12.1 OpenSSL/0.9.7a zlib/1.2.1.2 libidn/0.5.6"
64.26.187.150 - - [27/Sep/2012:13:46:32 +0300] "HEAD /css/homebase.css HTTP/1.1" 403 0 "-" "curl/7.12.1 (i386-redhat-linux-gnu) libcurl/7.12.1 OpenSSL/0.9.7a zlib/1.2.1.2 libidn/0.5.6"
64.26.187.151 - - [27/Sep/2012:13:46:36 +0300] "HEAD /css/homebase.css HTTP/1.1" 403 0 "-" "curl/7.12.1 (x86_64-redhat-linux-gnu) libcurl/7.12.1 OpenSSL/0.9.7a zlib/1.2.1.2 libidn/0.5.6"
64.26.187.150 - - [27/Sep/2012:14:23:18 +0300] "HEAD /css/homebase.css HTTP/1.1" 403 0 "-" "curl/7.12.1 (i386-redhat-linux-gnu) libcurl/7.12.1 OpenSSL/0.9.7a zlib/1.2.1.2 libidn/0.5.6"
64.26.187.150 - - [27/Sep/2012:14:59:55 +0300] "HEAD /css/homebase.css HTTP/1.1" 403 0 "-" "curl/7.12.1 (i386-redhat-linux-gnu) libcurl/7.12.1 OpenSSL/0.9.7a zlib/1.2.1.2 libidn/0.5.6"
64.26.187.151 - - [27/Sep/2012:14:59:58 +0300] "HEAD /css/homebase.css HTTP/1.1" 403 0 "-" "curl/7.12.1 (x86_64-redhat-linux-gnu) libcurl/7.12.1 OpenSSL/0.9.7a zlib/1.2.1.2 libidn/0.5.6"
64.26.187.150 - - [27/Sep/2012:15:36:38 +0300] "HEAD /css/homebase.css HTTP/1.1" 403 0 "-" "curl/7.12.1 (i386-redhat-linux-gnu) libcurl/7.12.1 OpenSSL/0.9.7a zlib/1.2.1.2 libidn/0.5.6"
64.26.187.151 - - [27/Sep/2012:15:36:41 +0300] "HEAD /css/homebase.css HTTP/1.1" 403 0 "-" "curl/7.12.1 (x86_64-redhat-linux-gnu) libcurl/7.12.1 OpenSSL/0.9.7a zlib/1.2.1.2 libidn/0.5.6"
64.26.187.150 - - [27/Sep/2012:16:13:25 +0300] "HEAD /css/homebase.css HTTP/1.1" 403 0 "-" "curl/7.12.1 (i386-redhat-linux-gnu) libcurl/7.12.1 OpenSSL/0.9.7a zlib/1.2.1.2 libidn/0.5.6"
64.26.187.150 - - [27/Sep/2012:16:50:21 +0300] "HEAD /css/homebase.css HTTP/1.1" 403 0 "-" "curl/7.12.1 (i386-redhat-linux-gnu) libcurl/7.12.1 OpenSSL/0.9.7a zlib/1.2.1.2 libidn/0.5.6"
64.26.187.150 - - [27/Sep/2012:17:27:10 +0300] "HEAD /css/homebase.css HTTP/1.1" 403 0 "-" "curl/7.12.1 (i386-redhat-linux-gnu) libcurl/7.12.1 OpenSSL/0.9.7a zlib/1.2.1.2 libidn/0.5.6"
64.26.187.150 - - [27/Sep/2012:18:04:01 +0300] "HEAD /css/homebase.css HTTP/1.1" 403 0 "-" "curl/7.12.1 (i386-redhat-linux-gnu) libcurl/7.12.1 OpenSSL/0.9.7a zlib/1.2.1.2 libidn/0.5.6"
64.26.187.151 - - [27/Sep/2012:18:04:03 +0300] "HEAD /css/homebase.css HTTP/1.1" 403 0 "-" "curl/7.12.1 (x86_64-redhat-linux-gnu) libcurl/7.12.1 OpenSSL/0.9.7a zlib/1.2.1.2 libidn/0.5.6"
200.145.39.241 - - [27/Sep/2012:18:19:32 +0300] "GET /pma/translators.html HTTP/1.1" 404 238 "-" "Mozilla/4.0 (compatible; MSIE 6.0; MSIE 5.5; Windows NT 5.1) Opera 7.01 [en]"
64.26.187.150 - - [27/Sep/2012:18:41:00 +0300] "HEAD /css/homebase.css HTTP/1.1" 403 0 "-" "curl/7.12.1 (i386-redhat-linux-gnu) libcurl/7.12.1 OpenSSL/0.9.7a zlib/1.2.1.2 libidn/0.5.6"
64.26.187.150 - - [27/Sep/2012:19:18:08 +0300] "HEAD /css/homebase.css HTTP/1.1" 403 0 "-" "curl/7.12.1 (i386-redhat-linux-gnu) libcurl/7.12.1 OpenSSL/0.9.7a zlib/1.2.1.2 libidn/0.5.6"
64.26.187.151 - - [27/Sep/2012:19:18:11 +0300] "HEAD /css/homebase.css HTTP/1.1" 403 0 "-" "curl/7.12.1 (x86_64-redhat-linux-gnu) libcurl/7.12.1 OpenSSL/0.9.7a zlib/1.2.1.2 libidn/0.5.6"
64.26.187.150 - - [27/Sep/2012:19:55:09 +0300] "HEAD /css/homebase.css HTTP/1.1" 403 0 "-" "curl/7.12.1 (i386-redhat-linux-gnu) libcurl/7.12.1 OpenSSL/0.9.7a zlib/1.2.1.2 libidn/0.5.6"
64.26.187.150 - - [27/Sep/2012:20:32:18 +0300] "HEAD /css/homebase.css HTTP/1.1" 403 0 "-" "curl/7.12.1 (i386-redhat-linux-gnu) libcurl/7.12.1 OpenSSL/0.9.7a zlib/1.2.1.2 libidn/0.5.6"
64.26.187.151 - - [27/Sep/2012:20:32:21 +0300] "HEAD /css/homebase.css HTTP/1.1" 403 0 "-" "curl/7.12.1 (x86_64-redhat-linux-gnu) libcurl/7.12.1 OpenSSL/0.9.7a zlib/1.2.1.2 libidn/0.5.6"
64.26.187.150 - - [27/Sep/2012:21:09:08 +0300] "HEAD /css/homebase.css HTTP/1.1" 403 0 "-" "curl/7.12.1 (i386-redhat-linux-gnu) libcurl/7.12.1 OpenSSL/0.9.7a zlib/1.2.1.2 libidn/0.5.6"
64.26.187.150 - - [27/Sep/2012:21:46:25 +0300] "HEAD /css/homebase.css HTTP/1.1" 403 0 "-" "curl/7.12.1 (i386-redhat-linux-gnu) libcurl/7.12.1 OpenSSL/0.9.7a zlib/1.2.1.2 libidn/0.5.6"
64.26.187.150 - - [27/Sep/2012:22:23:33 +0300] "HEAD /css/homebase.css HTTP/1.1" 403 0 "-" "curl/7.12.1 (i386-redhat-linux-gnu) libcurl/7.12.1 OpenSSL/0.9.7a zlib/1.2.1.2 libidn/0.5.6"
64.26.187.150 - - [27/Sep/2012:23:00:40 +0300] "HEAD /css/homebase.css HTTP/1.1" 403 0 "-" "curl/7.12.1 (i386-redhat-linux-gnu) libcurl/7.12.1 OpenSSL/0.9.7a zlib/1.2.1.2 libidn/0.5.6"
64.26.187.150 - - [27/Sep/2012:23:37:55 +0300] "HEAD /css/homebase.css HTTP/1.1" 403 0 "-" "curl/7.12.1 (i386-redhat-linux-gnu) libcurl/7.12.1 OpenSSL/0.9.7a zlib/1.2.1.2 libidn/0.5.6"
64.26.187.151 - - [27/Sep/2012:23:37:59 +0300] "HEAD /css/homebase.css HTTP/1.1" 403 0 "-" "curl/7.12.1 (x86_64-redhat-linux-gnu) libcurl/7.12.1 OpenSSL/0.9.7a zlib/1.2.1.2 libidn/0.5.6"
64.26.187.150 - - [28/Sep/2012:00:14:54 +0300] "HEAD /css/homebase.css HTTP/1.1" 403 0 "-" "curl/7.12.1 (i386-redhat-linux-gnu) libcurl/7.12.1 OpenSSL/0.9.7a zlib/1.2.1.2 libidn/0.5.6"
64.26.187.151 - - [28/Sep/2012:00:14:57 +0300] "HEAD /css/homebase.css HTTP/1.1" 403 0 "-" "curl/7.12.1 (x86_64-redhat-linux-gnu) libcurl/7.12.1 OpenSSL/0.9.7a zlib/1.2.1.2 libidn/0.5.6"
64.26.187.150 - - [28/Sep/2012:00:51:38 +0300] "HEAD /css/homebase.css HTTP/1.1" 403 0 "-" "curl/7.12.1 (i386-redhat-linux-gnu) libcurl/7.12.1 OpenSSL/0.9.7a zlib/1.2.1.2 libidn/0.5.6"
64.26.187.150 - - [28/Sep/2012:01:28:14 +0300] "HEAD /css/homebase.css HTTP/1.1" 403 0 "-" "curl/7.12.1 (i386-redhat-linux-gnu) libcurl/7.12.1 OpenSSL/0.9.7a zlib/1.2.1.2 libidn/0.5.6"
64.26.187.151 - - [28/Sep/2012:01:28:18 +0300] "HEAD /css/homebase.css HTTP/1.1" 403 0 "-" "curl/7.12.1 (x86_64-redhat-linux-gnu) libcurl/7.12.1 OpenSSL/0.9.7a zlib/1.2.1.2 libidn/0.5.6"
64.26.187.150 - - [28/Sep/2012:02:04:50 +0300] "HEAD /css/homebase.css HTTP/1.1" 403 0 "-" "curl/7.12.1 (i386-redhat-linux-gnu) libcurl/7.12.1 OpenSSL/0.9.7a zlib/1.2.1.2 libidn/0.5.6"
64.26.187.150 - - [28/Sep/2012:02:41:29 +0300] "HEAD /css/homebase.css HTTP/1.1" 403 0 "-" "curl/7.12.1 (i386-redhat-linux-gnu) libcurl/7.12.1 OpenSSL/0.9.7a zlib/1.2.1.2 libidn/0.5.6"
64.26.187.150 - - [28/Sep/2012:03:17:36 +0300] "HEAD /css/homebase.css HTTP/1.1" 403 0 "-" "curl/7.12.1 (i386-redhat-linux-gnu) libcurl/7.12.1 OpenSSL/0.9.7a zlib/1.2.1.2 libidn/0.5.6"
64.26.187.150 - - [28/Sep/2012:03:53:50 +0300] "HEAD /css/homebase.css HTTP/1.1" 403 0 "-" "curl/7.12.1 (i386-redhat-linux-gnu) libcurl/7.12.1 OpenSSL/0.9.7a zlib/1.2.1.2 libidn/0.5.6"
64.26.187.151 - - [28/Sep/2012:03:53:53 +0300] "HEAD /css/homebase.css HTTP/1.1" 403 0 "-" "curl/7.12.1 (x86_64-redhat-linux-gnu) libcurl/7.12.1 OpenSSL/0.9.7a zlib/1.2.1.2 libidn/0.5.6"
64.26.187.150 - - [28/Sep/2012:04:29:48 +0300] "HEAD /css/homebase.css HTTP/1.1" 403 0 "-" "curl/7.12.1 (i386-redhat-linux-gnu) libcurl/7.12.1 OpenSSL/0.9.7a zlib/1.2.1.2 libidn/0.5.6"
64.26.187.151 - - [28/Sep/2012:04:29:52 +0300] "HEAD /css/homebase.css HTTP/1.1" 403 0 "-" "curl/7.12.1 (x86_64-redhat-linux-gnu) libcurl/7.12.1 OpenSSL/0.9.7a zlib/1.2.1.2 libidn/0.5.6"
64.26.187.150 - - [28/Sep/2012:05:05:52 +0300] "HEAD /css/homebase.css HTTP/1.1" 403 0 "-" "curl/7.12.1 (i386-redhat-linux-gnu) libcurl/7.12.1 OpenSSL/0.9.7a zlib/1.2.1.2 libidn/0.5.6"
64.26.187.150 - - [28/Sep/2012:05:41:55 +0300] "HEAD /css/homebase.css HTTP/1.1" 403 0 "-" "curl/7.12.1 (i386-redhat-linux-gnu) libcurl/7.12.1 OpenSSL/0.9.7a zlib/1.2.1.2 libidn/0.5.6"
64.26.187.150 - - [28/Sep/2012:06:17:52 +0300] "HEAD /css/homebase.css HTTP/1.1" 403 0 "-" "curl/7.12.1 (i386-redhat-linux-gnu) libcurl/7.12.1 OpenSSL/0.9.7a zlib/1.2.1.2 libidn/0.5.6"
64.26.187.150 - - [28/Sep/2012:06:53:59 +0300] "HEAD /css/homebase.css HTTP/1.1" 403 0 "-" "curl/7.12.1 (i386-redhat-linux-gnu) libcurl/7.12.1 OpenSSL/0.9.7a zlib/1.2.1.2 libidn/0.5.6"
64.26.187.150 - - [28/Sep/2012:07:29:45 +0300] "HEAD /css/homebase.css HTTP/1.1" 403 0 "-" "curl/7.12.1 (i386-redhat-linux-gnu) libcurl/7.12.1 OpenSSL/0.9.7a zlib/1.2.1.2 libidn/0.5.6"
64.26.187.151 - - [28/Sep/2012:07:29:50 +0300] "HEAD /css/homebase.css HTTP/1.1" 403 0 "-" "curl/7.12.1 (x86_64-redhat-linux-gnu) libcurl/7.12.1 OpenSSL/0.9.7a zlib/1.2.1.2 libidn/0.5.6"
64.26.187.150 - - [28/Sep/2012:08:05:23 +0300] "HEAD /css/homebase.css HTTP/1.1" 403 0 "-" "curl/7.12.1 (i386-redhat-linux-gnu) libcurl/7.12.1 OpenSSL/0.9.7a zlib/1.2.1.2 libidn/0.5.6"
178.154.243.98 - - [28/Sep/2012:08:11:18 +0300] "GET /robots.txt HTTP/1.1" 404 238 "-" "Mozilla/5.0 (compatible; YandexBot/3.0; +http://yandex.com/bots)"
64.26.187.150 - - [28/Sep/2012:08:41:31 +0300] "HEAD /css/homebase.css HTTP/1.1" 403 0 "-" "curl/7.12.1 (i386-redhat-linux-gnu) libcurl/7.12.1 OpenSSL/0.9.7a zlib/1.2.1.2 libidn/0.5.6"
64.26.187.150 - - [28/Sep/2012:09:17:29 +0300] "HEAD /css/homebase.css HTTP/1.1" 403 0 "-" "curl/7.12.1 (i386-redhat-linux-gnu) libcurl/7.12.1 OpenSSL/0.9.7a zlib/1.2.1.2 libidn/0.5.6"
64.26.187.150 - - [28/Sep/2012:09:54:04 +0300] "HEAD /css/homebase.css HTTP/1.1" 403 0 "-" "curl/7.12.1 (i386-redhat-linux-gnu) libcurl/7.12.1 OpenSSL/0.9.7a zlib/1.2.1.2 libidn/0.5.6"
64.26.187.150 - - [28/Sep/2012:10:30:35 +0300] "HEAD /css/homebase.css HTTP/1.1" 403 0 "-" "curl/7.12.1 (i386-redhat-linux-gnu) libcurl/7.12.1 OpenSSL/0.9.7a zlib/1.2.1.2 libidn/0.5.6"
64.26.187.151 - - [28/Sep/2012:10:30:40 +0300] "HEAD /css/homebase.css HTTP/1.1" 403 0 "-" "curl/7.12.1 (x86_64-redhat-linux-gnu) libcurl/7.12.1 OpenSSL/0.9.7a zlib/1.2.1.2 libidn/0.5.6"
64.26.187.150 - - [28/Sep/2012:11:07:16 +0300] "HEAD /css/homebase.css HTTP/1.1" 403 0 "-" "curl/7.12.1 (i386-redhat-linux-gnu) libcurl/7.12.1 OpenSSL/0.9.7a zlib/1.2.1.2 libidn/0.5.6"
178.154.243.98 - - [28/Sep/2012:11:27:21 +0300] "GET / HTTP/1.1" 200 28 "-" "Mozilla/5.0 (compatible; YandexBot/3.0; +http://yandex.com/bots)"
64.26.187.150 - - [28/Sep/2012:11:44:46 +0300] "HEAD /css/homebase.css HTTP/1.1" 403 0 "-" "curl/7.12.1 (i386-redhat-linux-gnu) libcurl/7.12.1 OpenSSL/0.9.7a zlib/1.2.1.2 libidn/0.5.6"
64.26.187.150 - - [28/Sep/2012:12:21:38 +0300] "HEAD /css/homebase.css HTTP/1.1" 403 0 "-" "curl/7.12.1 (i386-redhat-linux-gnu) libcurl/7.12.1 OpenSSL/0.9.7a zlib/1.2.1.2 libidn/0.5.6"
64.26.187.150 - - [28/Sep/2012:12:58:34 +0300] "HEAD /css/homebase.css HTTP/1.1" 403 0 "-" "curl/7.12.1 (i386-redhat-linux-gnu) libcurl/7.12.1 OpenSSL/0.9.7a zlib/1.2.1.2 libidn/0.5.6"
64.26.187.150 - - [28/Sep/2012:13:35:23 +0300] "HEAD /css/homebase.css HTTP/1.1" 403 0 "-" "curl/7.12.1 (i386-redhat-linux-gnu) libcurl/7.12.1 OpenSSL/0.9.7a zlib/1.2.1.2 libidn/0.5.6"
64.26.187.150 - - [28/Sep/2012:14:12:15 +0300] "HEAD /css/homebase.css HTTP/1.1" 403 0 "-" "curl/7.12.1 (i386-redhat-linux-gnu) libcurl/7.12.1 OpenSSL/0.9.7a zlib/1.2.1.2 libidn/0.5.6"
64.26.187.150 - - [28/Sep/2012:14:49:14 +0300] "HEAD /css/homebase.css HTTP/1.1" 403 0 "-" "curl/7.12.1 (i386-redhat-linux-gnu) libcurl/7.12.1 OpenSSL/0.9.7a zlib/1.2.1.2 libidn/0.5.6"
64.26.187.150 - - [28/Sep/2012:15:26:19 +0300] "HEAD /css/homebase.css HTTP/1.1" 403 0 "-" "curl/7.12.1 (i386-redhat-linux-gnu) libcurl/7.12.1 OpenSSL/0.9.7a zlib/1.2.1.2 libidn/0.5.6"
178.154.243.98 - - [28/Sep/2012:15:28:39 +0300] "GET /robots.txt HTTP/1.1" 404 238 "-" "Mozilla/5.0 (compatible; YandexBot/3.0; +http://yandex.com/bots)"
64.26.187.150 - - [28/Sep/2012:16:03:13 +0300] "HEAD /css/homebase.css HTTP/1.1" 403 0 "-" "curl/7.12.1 (i386-redhat-linux-gnu) libcurl/7.12.1 OpenSSL/0.9.7a zlib/1.2.1.2 libidn/0.5.6"
64.26.187.150 - - [28/Sep/2012:16:40:18 +0300] "HEAD /css/homebase.css HTTP/1.1" 403 0 "-" "curl/7.12.1 (i386-redhat-linux-gnu) libcurl/7.12.1 OpenSSL/0.9.7a zlib/1.2.1.2 libidn/0.5.6"
200.145.39.241 - - [28/Sep/2012:16:53:53 +0300] "GET /mysql/translators.html HTTP/1.1" 404 238 "-" "Mozilla/4.0 (compatible; MSIE 6.0; MSIE 5.5; Windows NT 5.1) Opera 7.01 [en]"
64.26.187.150 - - [28/Sep/2012:17:17:21 +0300] "HEAD /css/homebase.css HTTP/1.1" 403 0 "-" "curl/7.12.1 (i386-redhat-linux-gnu) libcurl/7.12.1 OpenSSL/0.9.7a zlib/1.2.1.2 libidn/0.5.6"
66.249.71.116 - - [28/Sep/2012:17:27:15 +0300] "GET /robots.txt HTTP/1.1" 404 238 "-" "Mozilla/5.0 (compatible; Googlebot/2.1; +http://www.google.com/bot.html)"
66.249.71.116 - - [28/Sep/2012:17:27:15 +0300] "GET / HTTP/1.1" 200 28 "-" "Mozilla/5.0 (compatible; Googlebot/2.1; +http://www.google.com/bot.html)"
64.26.187.150 - - [28/Sep/2012:17:54:39 +0300] "HEAD /css/homebase.css HTTP/1.1" 403 0 "-" "curl/7.12.1 (i386-redhat-linux-gnu) libcurl/7.12.1 OpenSSL/0.9.7a zlib/1.2.1.2 libidn/0.5.6"
64.26.187.150 - - [28/Sep/2012:18:31:44 +0300] "HEAD /css/homebase.css HTTP/1.1" 403 0 "-" "curl/7.12.1 (i386-redhat-linux-gnu) libcurl/7.12.1 OpenSSL/0.9.7a zlib/1.2.1.2 libidn/0.5.6"
64.26.187.151 - - [28/Sep/2012:18:31:48 +0300] "HEAD /css/homebase.css HTTP/1.1" 403 0 "-" "curl/7.12.1 (x86_64-redhat-linux-gnu) libcurl/7.12.1 OpenSSL/0.9.7a zlib/1.2.1.2 libidn/0.5.6"
64.26.187.150 - - [28/Sep/2012:19:09:15 +0300] "HEAD /css/homebase.css HTTP/1.1" 403 0 "-" "curl/7.12.1 (i386-redhat-linux-gnu) libcurl/7.12.1 OpenSSL/0.9.7a zlib/1.2.1.2 libidn/0.5.6"
64.26.187.150 - - [28/Sep/2012:19:46:09 +0300] "HEAD /css/homebase.css HTTP/1.1" 403 0 "-" "curl/7.12.1 (i386-redhat-linux-gnu) libcurl/7.12.1 OpenSSL/0.9.7a zlib/1.2.1.2 libidn/0.5.6"
188.193.233.211 - - [28/Sep/2012:20:07:34 +0300] "\xDC=!M\x0E<\x179\x15\x9C@\x0C\xC8E\xC7%\x0F\x90\xD3b\xE4\xC9\xFA1\xA3\xDE\x9A\xE3\xB5\x0C\x8C\x09\x8A\x92Z\xC2\x85\xFAu\x16`\xA2a\x9E!\x95\xCE\xE4\xFF\xDA11a" 400 166 "-" "-"
64.26.187.150 - - [28/Sep/2012:20:23:15 +0300] "HEAD /css/homebase.css HTTP/1.1" 403 0 "-" "curl/7.12.1 (i386-redhat-linux-gnu) libcurl/7.12.1 OpenSSL/0.9.7a zlib/1.2.1.2 libidn/0.5.6"
91.156.149.75 - - [28/Sep/2012:20:37:50 +0300] "-" 400 0 "-" "-"
91.156.149.75 - - [28/Sep/2012:20:37:58 +0300] "-" 400 0 "-" "-"
178.154.243.98 - - [28/Sep/2012:20:52:18 +0300] "GET / HTTP/1.1" 500 59 "-" "Mozilla/5.0 (compatible; YandexBot/3.0; +http://yandex.com/bots)"
64.26.187.150 - - [28/Sep/2012:21:00:23 +0300] "HEAD /css/homebase.css HTTP/1.1" 403 0 "-" "curl/7.12.1 (i386-redhat-linux-gnu) libcurl/7.12.1 OpenSSL/0.9.7a zlib/1.2.1.2 libidn/0.5.6"
216.214.181.195 - - [28/Sep/2012:21:23:33 +0300] "GET /user/soapCaller.bs HTTP/1.1" 500 59 "-" "Morfeus Fucking Scanner"
64.26.187.150 - - [28/Sep/2012:21:37:39 +0300] "HEAD /css/homebase.css HTTP/1.1" 403 0 "-" "curl/7.12.1 (i386-redhat-linux-gnu) libcurl/7.12.1 OpenSSL/0.9.7a zlib/1.2.1.2 libidn/0.5.6"
92.161.88.55 - - [28/Sep/2012:22:07:50 +0300] "\x90\xEB\xEF\x8Cy\x0B\xEC\xA5j\xFAI\x82#\x86\x17\x85o\xFD\x83\xFDvf&\xFBq.\xF0\x150W\x11\xEC\xF7[b\x01\xDE#v\xBC\xF5e\x9F\xA8ZH\xC95vVh\x01\xCCi\xB6o\x8D\x22^4\x9E\xA4\xF2\x10>\xAA\x9B\x9C" 400 166 "-" "-"
64.26.187.150 - - [28/Sep/2012:22:14:23 +0300] "HEAD /css/homebase.css HTTP/1.1" 403 0 "-" "curl/7.12.1 (i386-redhat-linux-gnu) libcurl/7.12.1 OpenSSL/0.9.7a zlib/1.2.1.2 libidn/0.5.6"
64.26.187.150 - - [28/Sep/2012:22:51:32 +0300] "HEAD /css/homebase.css HTTP/1.1" 403 0 "-" "curl/7.12.1 (i386-redhat-linux-gnu) libcurl/7.12.1 OpenSSL/0.9.7a zlib/1.2.1.2 libidn/0.5.6"
64.26.187.150 - - [28/Sep/2012:23:28:25 +0300] "HEAD /css/homebase.css HTTP/1.1" 403 0 "-" "curl/7.12.1 (i386-redhat-linux-gnu) libcurl/7.12.1 OpenSSL/0.9.7a zlib/1.2.1.2 libidn/0.5.6"
64.26.187.150 - - [29/Sep/2012:00:05:13 +0300] "HEAD /css/homebase.css HTTP/1.1" 403 0 "-" "curl/7.12.1 (i386-redhat-linux-gnu) libcurl/7.12.1 OpenSSL/0.9.7a zlib/1.2.1.2 libidn/0.5.6"
96.8.221.25 - - [29/Sep/2012:00:07:51 +0300] "\xC5\xEF\xF0y\x95\x9D\x98v\xDB^\xAD\x88|\xF0P\xC8,\xE3\x19\x94\xAD\xF9\x92\xF8\xCB\xA4\xDB\xAA\xB8\x0Bd\xC2\xBB\xBD\xACc\xA2\xF3\x19\xD6w\xD36\xE5vu\x1A" 400 166 "-" "-"
64.26.187.150 - - [29/Sep/2012:00:42:03 +0300] "HEAD /css/homebase.css HTTP/1.1" 403 0 "-" "curl/7.12.1 (i386-redhat-linux-gnu) libcurl/7.12.1 OpenSSL/0.9.7a zlib/1.2.1.2 libidn/0.5.6"
64.26.187.150 - - [29/Sep/2012:01:18:52 +0300] "HEAD /css/homebase.css HTTP/1.1" 403 0 "-" "curl/7.12.1 (i386-redhat-linux-gnu) libcurl/7.12.1 OpenSSL/0.9.7a zlib/1.2.1.2 libidn/0.5.6"
64.26.187.150 - - [29/Sep/2012:01:55:37 +0300] "HEAD /css/homebase.css HTTP/1.1" 403 0 "-" "curl/7.12.1 (i386-redhat-linux-gnu) libcurl/7.12.1 OpenSSL/0.9.7a zlib/1.2.1.2 libidn/0.5.6"
64.26.187.151 - - [29/Sep/2012:01:55:39 +0300] "HEAD /css/homebase.css HTTP/1.1" 403 0 "-" "curl/7.12.1 (x86_64-redhat-linux-gnu) libcurl/7.12.1 OpenSSL/0.9.7a zlib/1.2.1.2 libidn/0.5.6"
64.26.187.150 - - [29/Sep/2012:02:32:12 +0300] "HEAD /css/homebase.css HTTP/1.1" 403 0 "-" "curl/7.12.1 (i386-redhat-linux-gnu) libcurl/7.12.1 OpenSSL/0.9.7a zlib/1.2.1.2 libidn/0.5.6"
64.26.187.150 - - [29/Sep/2012:03:08:21 +0300] "HEAD /css/homebase.css HTTP/1.1" 403 0 "-" "curl/7.12.1 (i386-redhat-linux-gnu) libcurl/7.12.1 OpenSSL/0.9.7a zlib/1.2.1.2 libidn/0.5.6"
64.26.187.150 - - [29/Sep/2012:03:44:37 +0300] "HEAD /css/homebase.css HTTP/1.1" 403 0 "-" "curl/7.12.1 (i386-redhat-linux-gnu) libcurl/7.12.1 OpenSSL/0.9.7a zlib/1.2.1.2 libidn/0.5.6"
72.167.52.137 - - [29/Sep/2012:04:12:04 +0300] "-" 400 0 "-" "-"
72.167.52.137 - - [29/Sep/2012:04:18:00 +0300] "GET /muieblackcat HTTP/1.1" 500 59 "-" "-"
72.167.52.137 - - [29/Sep/2012:04:18:01 +0300] "GET //index.php HTTP/1.1" 500 59 "-" "-"
72.167.52.137 - - [29/Sep/2012:04:18:01 +0300] "GET //admin/index.php HTTP/1.1" 500 59 "-" "-"
72.167.52.137 - - [29/Sep/2012:04:18:01 +0300] "GET //admin/pma/index.php HTTP/1.1" 500 59 "-" "-"
72.167.52.137 - - [29/Sep/2012:04:18:02 +0300] "GET //admin/phpmyadmin/index.php HTTP/1.1" 500 59 "-" "-"
72.167.52.137 - - [29/Sep/2012:04:18:02 +0300] "GET //db/index.php HTTP/1.1" 500 59 "-" "-"
72.167.52.137 - - [29/Sep/2012:04:18:02 +0300] "GET //dbadmin/index.php HTTP/1.1" 500 59 "-" "-"
72.167.52.137 - - [29/Sep/2012:04:18:03 +0300] "GET //myadmin/index.php HTTP/1.1" 500 59 "-" "-"
72.167.52.137 - - [29/Sep/2012:04:18:03 +0300] "GET //mysql/index.php HTTP/1.1" 500 59 "-" "-"
72.167.52.137 - - [29/Sep/2012:04:18:04 +0300] "GET //mysqladmin/index.php HTTP/1.1" 500 59 "-" "-"
72.167.52.137 - - [29/Sep/2012:04:18:04 +0300] "GET //typo3/phpmyadmin/index.php HTTP/1.1" 500 59 "-" "-"
72.167.52.137 - - [29/Sep/2012:04:18:04 +0300] "GET //phpadmin/index.php HTTP/1.1" 500 59 "-" "-"
72.167.52.137 - - [29/Sep/2012:04:18:05 +0300] "GET //phpMyAdmin/index.php HTTP/1.1" 500 59 "-" "-"
72.167.52.137 - - [29/Sep/2012:04:18:05 +0300] "GET //phpmyadmin/index.php HTTP/1.1" 500 59 "-" "-"
72.167.52.137 - - [29/Sep/2012:04:18:06 +0300] "GET //phpmyadmin1/index.php HTTP/1.1" 500 59 "-" "-"
72.167.52.137 - - [29/Sep/2012:04:18:06 +0300] "GET //phpmyadmin2/index.php HTTP/1.1" 500 59 "-" "-"
72.167.52.137 - - [29/Sep/2012:04:18:06 +0300] "GET //pma/index.php HTTP/1.1" 500 59 "-" "-"
72.167.52.137 - - [29/Sep/2012:04:18:07 +0300] "GET //web/phpMyAdmin/index.php HTTP/1.1" 500 59 "-" "-"
72.167.52.137 - - [29/Sep/2012:04:18:07 +0300] "GET //xampp/phpmyadmin/index.php HTTP/1.1" 500 59 "-" "-"
72.167.52.137 - - [29/Sep/2012:04:18:07 +0300] "GET //web/index.php HTTP/1.1" 500 59 "-" "-"
72.167.52.137 - - [29/Sep/2012:04:18:08 +0300] "GET //php-my-admin/index.php HTTP/1.1" 500 59 "-" "-"
72.167.52.137 - - [29/Sep/2012:04:18:08 +0300] "GET //websql/index.php HTTP/1.1" 500 59 "-" "-"
72.167.52.137 - - [29/Sep/2012:04:18:09 +0300] "GET //phpmyadmin/index.php HTTP/1.1" 500 59 "-" "-"
72.167.52.137 - - [29/Sep/2012:04:18:09 +0300] "GET //phpMyAdmin/index.php HTTP/1.1" 500 59 "-" "-"
72.167.52.137 - - [29/Sep/2012:04:18:09 +0300] "GET //phpMyAdmin-2/index.php HTTP/1.1" 500 59 "-" "-"
72.167.52.137 - - [29/Sep/2012:04:18:10 +0300] "GET //php-my-admin/index.php HTTP/1.1" 500 59 "-" "-"
72.167.52.137 - - [29/Sep/2012:04:18:10 +0300] "GET //phpMyAdmin-2.5.7-pl1/index.php HTTP/1.1" 500 59 "-" "-"
72.167.52.137 - - [29/Sep/2012:04:18:10 +0300] "GET //phpMyAdmin-2.5.6/index.php HTTP/1.1" 500 59 "-" "-"
72.167.52.137 - - [29/Sep/2012:04:18:10 +0300] "GET //phpMyAdmin-2.5.7/index.php HTTP/1.1" 500 59 "-" "-"
72.167.52.137 - - [29/Sep/2012:04:18:10 +0300] "GET //phpMyAdmin-2.5.6-rc2/index.php HTTP/1.1" 500 59 "-" "-"
72.167.52.137 - - [29/Sep/2012:04:18:10 +0300] "GET //phpMyAdmin-2.5.6-rc1/index.php HTTP/1.1" 500 59 "-" "-"
72.167.52.137 - - [29/Sep/2012:04:18:10 +0300] "GET //phpMyAdmin-2.5.5-pl1/index.php HTTP/1.1" 500 59 "-" "-"
72.167.52.137 - - [29/Sep/2012:04:18:10 +0300] "GET //phpMyAdmin-2.5.5-rc2/index.php HTTP/1.1" 500 59 "-" "-"
72.167.52.137 - - [29/Sep/2012:04:18:10 +0300] "GET //phpMyAdmin-2.5.5/index.php HTTP/1.1" 500 59 "-" "-"
72.167.52.137 - - [29/Sep/2012:04:18:10 +0300] "GET //phpMyAdmin-2.2.6/index.php HTTP/1.1" 500 59 "-" "-"
72.167.52.137 - - [29/Sep/2012:04:18:10 +0300] "GET //phpMyAdmin-2.5.5-rc1/index.php HTTP/1.1" 500 59 "-" "-"
72.167.52.137 - - [29/Sep/2012:04:18:10 +0300] "GET //phpMyAdmin-2.5.4/index.php HTTP/1.1" 500 59 "-" "-"
72.167.52.137 - - [29/Sep/2012:04:18:10 +0300] "GET //phpMyAdmin-2.5.1/index.php HTTP/1.1" 500 59 "-" "-"
72.167.52.137 - - [29/Sep/2012:04:18:10 +0300] "GET //phpMyAdmin-2.2.3/index.php HTTP/1.1" 500 59 "-" "-"
64.26.187.150 - - [29/Sep/2012:04:20:39 +0300] "HEAD /css/homebase.css HTTP/1.1" 403 0 "-" "curl/7.12.1 (i386-redhat-linux-gnu) libcurl/7.12.1 OpenSSL/0.9.7a zlib/1.2.1.2 libidn/0.5.6"
64.26.187.151 - - [29/Sep/2012:04:20:43 +0300] "HEAD /css/homebase.css HTTP/1.1" 403 0 "-" "curl/7.12.1 (x86_64-redhat-linux-gnu) libcurl/7.12.1 OpenSSL/0.9.7a zlib/1.2.1.2 libidn/0.5.6"
64.26.187.150 - - [29/Sep/2012:04:56:48 +0300] "HEAD /css/homebase.css HTTP/1.1" 403 0 "-" "curl/7.12.1 (i386-redhat-linux-gnu) libcurl/7.12.1 OpenSSL/0.9.7a zlib/1.2.1.2 libidn/0.5.6"
64.26.187.151 - - [29/Sep/2012:04:56:51 +0300] "HEAD /css/homebase.css HTTP/1.1" 403 0 "-" "curl/7.12.1 (x86_64-redhat-linux-gnu) libcurl/7.12.1 OpenSSL/0.9.7a zlib/1.2.1.2 libidn/0.5.6"
64.26.187.150 - - [29/Sep/2012:05:32:47 +0300] "HEAD /css/homebase.css HTTP/1.1" 403 0 "-" "curl/7.12.1 (i386-redhat-linux-gnu) libcurl/7.12.1 OpenSSL/0.9.7a zlib/1.2.1.2 libidn/0.5.6"
64.26.187.150 - - [29/Sep/2012:06:09:01 +0300] "HEAD /css/homebase.css HTTP/1.1" 403 0 "-" "curl/7.12.1 (i386-redhat-linux-gnu) libcurl/7.12.1 OpenSSL/0.9.7a zlib/1.2.1.2 libidn/0.5.6"
64.26.187.150 - - [29/Sep/2012:06:45:01 +0300] "HEAD /css/homebase.css HTTP/1.1" 403 0 "-" "curl/7.12.1 (i386-redhat-linux-gnu) libcurl/7.12.1 OpenSSL/0.9.7a zlib/1.2.1.2 libidn/0.5.6"
64.26.187.150 - - [29/Sep/2012:07:21:01 +0300] "HEAD /css/homebase.css HTTP/1.1" 403 0 "-" "curl/7.12.1 (i386-redhat-linux-gnu) libcurl/7.12.1 OpenSSL/0.9.7a zlib/1.2.1.2 libidn/0.5.6"
64.26.187.150 - - [29/Sep/2012:07:56:52 +0300] "HEAD /css/homebase.css HTTP/1.1" 403 0 "-" "curl/7.12.1 (i386-redhat-linux-gnu) libcurl/7.12.1 OpenSSL/0.9.7a zlib/1.2.1.2 libidn/0.5.6"
64.26.187.150 - - [29/Sep/2012:08:33:11 +0300] "HEAD /css/homebase.css HTTP/1.1" 403 0 "-" "curl/7.12.1 (i386-redhat-linux-gnu) libcurl/7.12.1 OpenSSL/0.9.7a zlib/1.2.1.2 libidn/0.5.6"
64.26.187.150 - - [29/Sep/2012:09:09:16 +0300] "HEAD /css/homebase.css HTTP/1.1" 403 0 "-" "curl/7.12.1 (i386-redhat-linux-gnu) libcurl/7.12.1 OpenSSL/0.9.7a zlib/1.2.1.2 libidn/0.5.6"
64.26.187.151 - - [29/Sep/2012:09:09:22 +0300] "HEAD /css/homebase.css HTTP/1.1" 403 0 "-" "curl/7.12.1 (x86_64-redhat-linux-gnu) libcurl/7.12.1 OpenSSL/0.9.7a zlib/1.2.1.2 libidn/0.5.6"
64.26.187.150 - - [29/Sep/2012:09:46:05 +0300] "HEAD /css/homebase.css HTTP/1.1" 403 0 "-" "curl/7.12.1 (i386-redhat-linux-gnu) libcurl/7.12.1 OpenSSL/0.9.7a zlib/1.2.1.2 libidn/0.5.6"
64.26.187.150 - - [29/Sep/2012:10:22:45 +0300] "HEAD /css/homebase.css HTTP/1.1" 403 0 "-" "curl/7.12.1 (i386-redhat-linux-gnu) libcurl/7.12.1 OpenSSL/0.9.7a zlib/1.2.1.2 libidn/0.5.6"
64.26.187.150 - - [29/Sep/2012:10:59:29 +0300] "HEAD /css/homebase.css HTTP/1.1" 403 0 "-" "curl/7.12.1 (i386-redhat-linux-gnu) libcurl/7.12.1 OpenSSL/0.9.7a zlib/1.2.1.2 libidn/0.5.6"
64.26.187.150 - - [29/Sep/2012:11:37:14 +0300] "HEAD /css/homebase.css HTTP/1.1" 403 0 "-" "curl/7.12.1 (i386-redhat-linux-gnu) libcurl/7.12.1 OpenSSL/0.9.7a zlib/1.2.1.2 libidn/0.5.6"
146.185.20.124 - - [29/Sep/2012:11:53:45 +0300] "HEAD /manager/html HTTP/1.0" 500 0 "-" "-"
64.26.187.150 - - [29/Sep/2012:12:14:39 +0300] "HEAD /css/homebase.css HTTP/1.1" 403 0 "-" "curl/7.12.1 (i386-redhat-linux-gnu) libcurl/7.12.1 OpenSSL/0.9.7a zlib/1.2.1.2 libidn/0.5.6"
64.26.187.150 - - [29/Sep/2012:16:48:14 +0300] "-" 400 0 "-" "-"
64.26.187.150 - - [29/Sep/2012:16:48:15 +0300] "HEAD /css/homebase.css HTTP/1.1" 403 0 "-" "curl/7.12.1 (i386-redhat-linux-gnu) libcurl/7.12.1 OpenSSL/0.9.7a zlib/1.2.1.2 libidn/0.5.6"
64.26.187.151 - - [29/Sep/2012:17:13:38 +0300] "HEAD /css/homebase.css HTTP/1.1" 403 0 "-" "curl/7.12.1 (x86_64-redhat-linux-gnu) libcurl/7.12.1 OpenSSL/0.9.7a zlib/1.2.1.2 libidn/0.5.6"
64.26.187.150 - - [29/Sep/2012:17:25:35 +0300] "HEAD /css/homebase.css HTTP/1.1" 403 0 "-" "curl/7.12.1 (i386-redhat-linux-gnu) libcurl/7.12.1 OpenSSL/0.9.7a zlib/1.2.1.2 libidn/0.5.6"
64.26.187.151 - - [29/Sep/2012:17:51:19 +0300] "HEAD /css/homebase.css HTTP/1.1" 403 0 "-" "curl/7.12.1 (x86_64-redhat-linux-gnu) libcurl/7.12.1 OpenSSL/0.9.7a zlib/1.2.1.2 libidn/0.5.6"
64.26.187.150 - - [29/Sep/2012:18:03:18 +0300] "HEAD /css/homebase.css HTTP/1.1" 403 0 "-" "curl/7.12.1 (i386-redhat-linux-gnu) libcurl/7.12.1 OpenSSL/0.9.7a zlib/1.2.1.2 libidn/0.5.6"
64.26.187.151 - - [29/Sep/2012:18:28:53 +0300] "HEAD /css/homebase.css HTTP/1.1" 403 0 "-" "curl/7.12.1 (x86_64-redhat-linux-gnu) libcurl/7.12.1 OpenSSL/0.9.7a zlib/1.2.1.2 libidn/0.5.6"
64.26.187.150 - - [29/Sep/2012:18:40:55 +0300] "HEAD /css/homebase.css HTTP/1.1" 403 0 "-" "curl/7.12.1 (i386-redhat-linux-gnu) libcurl/7.12.1 OpenSSL/0.9.7a zlib/1.2.1.2 libidn/0.5.6"
64.26.187.151 - - [29/Sep/2012:19:06:38 +0300] "HEAD /css/homebase.css HTTP/1.1" 403 0 "-" "curl/7.12.1 (x86_64-redhat-linux-gnu) libcurl/7.12.1 OpenSSL/0.9.7a zlib/1.2.1.2 libidn/0.5.6"
64.26.187.150 - - [29/Sep/2012:19:18:39 +0300] "HEAD /css/homebase.css HTTP/1.1" 403 0 "-" "curl/7.12.1 (i386-redhat-linux-gnu) libcurl/7.12.1 OpenSSL/0.9.7a zlib/1.2.1.2 libidn/0.5.6"
64.26.187.151 - - [29/Sep/2012:19:44:38 +0300] "HEAD /css/homebase.css HTTP/1.1" 403 0 "-" "curl/7.12.1 (x86_64-redhat-linux-gnu) libcurl/7.12.1 OpenSSL/0.9.7a zlib/1.2.1.2 libidn/0.5.6"
64.26.187.150 - - [29/Sep/2012:19:56:34 +0300] "HEAD /css/homebase.css HTTP/1.1" 403 0 "-" "curl/7.12.1 (i386-redhat-linux-gnu) libcurl/7.12.1 OpenSSL/0.9.7a zlib/1.2.1.2 libidn/0.5.6"
64.26.187.151 - - [29/Sep/2012:20:22:21 +0300] "HEAD /css/homebase.css HTTP/1.1" 403 0 "-" "curl/7.12.1 (x86_64-redhat-linux-gnu) libcurl/7.12.1 OpenSSL/0.9.7a zlib/1.2.1.2 libidn/0.5.6"
64.26.187.150 - - [29/Sep/2012:20:34:11 +0300] "HEAD /css/homebase.css HTTP/1.1" 403 0 "-" "curl/7.12.1 (i386-redhat-linux-gnu) libcurl/7.12.1 OpenSSL/0.9.7a zlib/1.2.1.2 libidn/0.5.6"
64.26.187.151 - - [29/Sep/2012:21:00:04 +0300] "HEAD /css/homebase.css HTTP/1.1" 403 0 "-" "curl/7.12.1 (x86_64-redhat-linux-gnu) libcurl/7.12.1 OpenSSL/0.9.7a zlib/1.2.1.2 libidn/0.5.6"
64.26.187.150 - - [29/Sep/2012:21:11:41 +0300] "HEAD /css/homebase.css HTTP/1.1" 403 0 "-" "curl/7.12.1 (i386-redhat-linux-gnu) libcurl/7.12.1 OpenSSL/0.9.7a zlib/1.2.1.2 libidn/0.5.6"
64.26.187.151 - - [29/Sep/2012:21:37:36 +0300] "HEAD /css/homebase.css HTTP/1.1" 403 0 "-" "curl/7.12.1 (x86_64-redhat-linux-gnu) libcurl/7.12.1 OpenSSL/0.9.7a zlib/1.2.1.2 libidn/0.5.6"
64.26.187.150 - - [29/Sep/2012:21:49:10 +0300] "HEAD /css/homebase.css HTTP/1.1" 403 0 "-" "curl/7.12.1 (i386-redhat-linux-gnu) libcurl/7.12.1 OpenSSL/0.9.7a zlib/1.2.1.2 libidn/0.5.6"
64.26.187.151 - - [29/Sep/2012:22:15:10 +0300] "HEAD /css/homebase.css HTTP/1.1" 403 0 "-" "curl/7.12.1 (x86_64-redhat-linux-gnu) libcurl/7.12.1 OpenSSL/0.9.7a zlib/1.2.1.2 libidn/0.5.6"
