64.26.187.150 - - [29/Sep/2012:22:26:40 +0300] "HEAD /css/homebase.css HTTP/1.1" 403 0 "-" "curl/7.12.1 (i386-redhat-linux-gnu) libcurl/7.12.1 OpenSSL/0.9.7a zlib/1.2.1.2 libidn/0.5.6"
64.26.187.151 - - [29/Sep/2012:22:52:45 +0300] "HEAD /css/homebase.css HTTP/1.1" 403 0 "-" "curl/7.12.1 (x86_64-redhat-linux-gnu) libcurl/7.12.1 OpenSSL/0.9.7a zlib/1.2.1.2 libidn/0.5.6"
64.26.187.150 - - [29/Sep/2012:23:04:07 +0300] "HEAD /css/homebase.css HTTP/1.1" 403 0 "-" "curl/7.12.1 (i386-redhat-linux-gnu) libcurl/7.12.1 OpenSSL/0.9.7a zlib/1.2.1.2 libidn/0.5.6"
64.26.187.151 - - [29/Sep/2012:23:30:15 +0300] "HEAD /css/homebase.css HTTP/1.1" 403 0 "-" "curl/7.12.1 (x86_64-redhat-linux-gnu) libcurl/7.12.1 OpenSSL/0.9.7a zlib/1.2.1.2 libidn/0.5.6"
64.26.187.150 - - [29/Sep/2012:23:41:31 +0300] "HEAD /css/homebase.css HTTP/1.1" 403 0 "-" "curl/7.12.1 (i386-redhat-linux-gnu) libcurl/7.12.1 OpenSSL/0.9.7a zlib/1.2.1.2 libidn/0.5.6"
64.26.187.151 - - [30/Sep/2012:00:07:47 +0300] "HEAD /css/homebase.css HTTP/1.1" 403 0 "-" "curl/7.12.1 (x86_64-redhat-linux-gnu) libcurl/7.12.1 OpenSSL/0.9.7a zlib/1.2.1.2 libidn/0.5.6"
64.26.187.150 - - [30/Sep/2012:00:18:55 +0300] "HEAD /css/homebase.css HTTP/1.1" 403 0 "-" "curl/7.12.1 (i386-redhat-linux-gnu) libcurl/7.12.1 OpenSSL/0.9.7a zlib/1.2.1.2 libidn/0.5.6"
64.26.187.151 - - [30/Sep/2012:00:45:14 +0300] "HEAD /css/homebase.css HTTP/1.1" 403 0 "-" "curl/7.12.1 (x86_64-redhat-linux-gnu) libcurl/7.12.1 OpenSSL/0.9.7a zlib/1.2.1.2 libidn/0.5.6"
64.26.187.150 - - [30/Sep/2012:00:56:10 +0300] "HEAD /css/homebase.css HTTP/1.1" 403 0 "-" "curl/7.12.1 (i386-redhat-linux-gnu) libcurl/7.12.1 OpenSSL/0.9.7a zlib/1.2.1.2 libidn/0.5.6"
64.26.187.151 - - [30/Sep/2012:01:22:26 +0300] "HEAD /css/homebase.css HTTP/1.1" 403 0 "-" "curl/7.12.1 (x86_64-redhat-linux-gnu) libcurl/7.12.1 OpenSSL/0.9.7a zlib/1.2.1.2 libidn/0.5.6"
64.26.187.150 - - [30/Sep/2012:01:33:06 +0300] "HEAD /css/homebase.css HTTP/1.1" 403 0 "-" "curl/7.12.1 (i386-redhat-linux-gnu) libcurl/7.12.1 OpenSSL/0.9.7a zlib/1.2.1.2 libidn/0.5.6"
64.26.187.150 - - [30/Sep/2012:02:09:38 +0300] "HEAD /css/homebase.css HTTP/1.1" 403 0 "-" "curl/7.12.1 (i386-redhat-linux-gnu) libcurl/7.12.1 OpenSSL/0.9.7a zlib/1.2.1.2 libidn/0.5.6"
64.26.187.150 - - [30/Sep/2012:02:46:15 +0300] "HEAD /css/homebase.css HTTP/1.1" 403 0 "-" "curl/7.12.1 (i386-redhat-linux-gnu) libcurl/7.12.1 OpenSSL/0.9.7a zlib/1.2.1.2 libidn/0.5.6"
64.26.187.151 - - [30/Sep/2012:02:46:16 +0300] "HEAD /css/homebase.css HTTP/1.1" 403 0 "-" "curl/7.12.1 (x86_64-redhat-linux-gnu) libcurl/7.12.1 OpenSSL/0.9.7a zlib/1.2.1.2 libidn/0.5.6"
64.26.187.150 - - [30/Sep/2012:03:22:52 +0300] "HEAD /css/homebase.css HTTP/1.1" 403 0 "-" "curl/7.12.1 (i386-redhat-linux-gnu) libcurl/7.12.1 OpenSSL/0.9.7a zlib/1.2.1.2 libidn/0.5.6"
64.26.187.151 - - [30/Sep/2012:03:22:55 +0300] "HEAD /css/homebase.css HTTP/1.1" 403 0 "-" "curl/7.12.1 (x86_64-redhat-linux-gnu) libcurl/7.12.1 OpenSSL/0.9.7a zlib/1.2.1.2 libidn/0.5.6"
64.26.187.150 - - [30/Sep/2012:03:59:24 +0300] "HEAD /css/homebase.css HTTP/1.1" 403 0 "-" "curl/7.12.1 (i386-redhat-linux-gnu) libcurl/7.12.1 OpenSSL/0.9.7a zlib/1.2.1.2 libidn/0.5.6"
64.26.187.151 - - [30/Sep/2012:03:59:27 +0300] "HEAD /css/homebase.css HTTP/1.1" 403 0 "-" "curl/7.12.1 (x86_64-redhat-linux-gnu) libcurl/7.12.1 OpenSSL/0.9.7a zlib/1.2.1.2 libidn/0.5.6"
64.26.187.150 - - [30/Sep/2012:04:35:49 +0300] "HEAD /css/homebase.css HTTP/1.1" 403 0 "-" "curl/7.12.1 (i386-redhat-linux-gnu) libcurl/7.12.1 OpenSSL/0.9.7a zlib/1.2.1.2 libidn/0.5.6"
64.26.187.150 - - [30/Sep/2012:05:12:22 +0300] "HEAD /css/homebase.css HTTP/1.1" 403 0 "-" "curl/7.12.1 (i386-redhat-linux-gnu) libcurl/7.12.1 OpenSSL/0.9.7a zlib/1.2.1.2 libidn/0.5.6"
64.26.187.151 - - [30/Sep/2012:05:12:22 +0300] "HEAD /css/homebase.css HTTP/1.1" 403 0 "-" "curl/7.12.1 (x86_64-redhat-linux-gnu) libcurl/7.12.1 OpenSSL/0.9.7a zlib/1.2.1.2 libidn/0.5.6"
64.26.187.150 - - [30/Sep/2012:05:48:49 +0300] "HEAD /css/homebase.css HTTP/1.1" 403 0 "-" "curl/7.12.1 (i386-redhat-linux-gnu) libcurl/7.12.1 OpenSSL/0.9.7a zlib/1.2.1.2 libidn/0.5.6"
64.26.187.151 - - [30/Sep/2012:05:48:50 +0300] "HEAD /css/homebase.css HTTP/1.1" 403 0 "-" "curl/7.12.1 (x86_64-redhat-linux-gnu) libcurl/7.12.1 OpenSSL/0.9.7a zlib/1.2.1.2 libidn/0.5.6"
64.26.187.150 - - [30/Sep/2012:06:25:11 +0300] "HEAD /css/homebase.css HTTP/1.1" 403 0 "-" "curl/7.12.1 (i386-redhat-linux-gnu) libcurl/7.12.1 OpenSSL/0.9.7a zlib/1.2.1.2 libidn/0.5.6"
64.26.187.151 - - [30/Sep/2012:06:25:14 +0300] "HEAD /css/homebase.css HTTP/1.1" 403 0 "-" "curl/7.12.1 (x86_64-redhat-linux-gnu) libcurl/7.12.1 OpenSSL/0.9.7a zlib/1.2.1.2 libidn/0.5.6"
64.26.187.150 - - [30/Sep/2012:07:01:37 +0300] "HEAD /css/homebase.css HTTP/1.1" 403 0 "-" "curl/7.12.1 (i386-redhat-linux-gnu) libcurl/7.12.1 OpenSSL/0.9.7a zlib/1.2.1.2 libidn/0.5.6"
64.26.187.150 - - [30/Sep/2012:07:38:12 +0300] "HEAD /css/homebase.css HTTP/1.1" 403 0 "-" "curl/7.12.1 (i386-redhat-linux-gnu) libcurl/7.12.1 OpenSSL/0.9.7a zlib/1.2.1.2 libidn/0.5.6"
64.26.187.151 - - [30/Sep/2012:07:38:15 +0300] "HEAD /css/homebase.css HTTP/1.1" 403 0 "-" "curl/7.12.1 (x86_64-redhat-linux-gnu) libcurl/7.12.1 OpenSSL/0.9.7a zlib/1.2.1.2 libidn/0.5.6"
64.26.187.150 - - [30/Sep/2012:08:14:36 +0300] "HEAD /css/homebase.css HTTP/1.1" 403 0 "-" "curl/7.12.1 (i386-redhat-linux-gnu) libcurl/7.12.1 OpenSSL/0.9.7a zlib/1.2.1.2 libidn/0.5.6"
64.26.187.151 - - [30/Sep/2012:08:14:39 +0300] "HEAD /css/homebase.css HTTP/1.1" 403 0 "-" "curl/7.12.1 (x86_64-redhat-linux-gnu) libcurl/7.12.1 OpenSSL/0.9.7a zlib/1.2.1.2 libidn/0.5.6"
64.26.187.150 - - [30/Sep/2012:08:51:24 +0300] "HEAD /css/homebase.css HTTP/1.1" 403 0 "-" "curl/7.12.1 (i386-redhat-linux-gnu) libcurl/7.12.1 OpenSSL/0.9.7a zlib/1.2.1.2 libidn/0.5.6"
64.26.187.151 - - [30/Sep/2012:08:51:28 +0300] "HEAD /css/homebase.css HTTP/1.1" 403 0 "-" "curl/7.12.1 (x86_64-redhat-linux-gnu) libcurl/7.12.1 OpenSSL/0.9.7a zlib/1.2.1.2 libidn/0.5.6"
64.26.187.150 - - [30/Sep/2012:09:28:11 +0300] "HEAD /css/homebase.css HTTP/1.1" 403 0 "-" "curl/7.12.1 (i386-redhat-linux-gnu) libcurl/7.12.1 OpenSSL/0.9.7a zlib/1.2.1.2 libidn/0.5.6"
64.26.187.151 - - [30/Sep/2012:09:28:14 +0300] "HEAD /css/homebase.css HTTP/1.1" 403 0 "-" "curl/7.12.1 (x86_64-redhat-linux-gnu) libcurl/7.12.1 OpenSSL/0.9.7a zlib/1.2.1.2 libidn/0.5.6"
157.55.32.80 - - [30/Sep/2012:09:53:40 +0300] "GET /robots.txt HTTP/1.1" 500 59 "-" "Mozilla/5.0 (compatible; bingbot/2.0; +http://www.bing.com/bingbot.htm)"
157.55.32.80 - - [30/Sep/2012:09:55:51 +0300] "GET / HTTP/1.1" 500 59 "-" "Mozilla/5.0 (compatible; bingbot/2.0; +http://www.bing.com/bingbot.htm)"
64.26.187.150 - - [30/Sep/2012:10:05:09 +0300] "HEAD /css/homebase.css HTTP/1.1" 403 0 "-" "curl/7.12.1 (i386-redhat-linux-gnu) libcurl/7.12.1 OpenSSL/0.9.7a zlib/1.2.1.2 libidn/0.5.6"
64.26.187.151 - - [30/Sep/2012:10:05:13 +0300] "HEAD /css/homebase.css HTTP/1.1" 403 0 "-" "curl/7.12.1 (x86_64-redhat-linux-gnu) libcurl/7.12.1 OpenSSL/0.9.7a zlib/1.2.1.2 libidn/0.5.6"
157.55.32.80 - - [30/Sep/2012:10:27:26 +0300] "GET / HTTP/1.0" 500 48 "-" "Mozilla/5.0 (compatible; bingbot/2.0; +http://www.bing.com/bingbot.htm)"
64.26.187.150 - - [30/Sep/2012:10:42:15 +0300] "HEAD /css/homebase.css HTTP/1.1" 403 0 "-" "curl/7.12.1 (i386-redhat-linux-gnu) libcurl/7.12.1 OpenSSL/0.9.7a zlib/1.2.1.2 libidn/0.5.6"
64.26.187.151 - - [30/Sep/2012:10:42:19 +0300] "HEAD /css/homebase.css HTTP/1.1" 403 0 "-" "curl/7.12.1 (x86_64-redhat-linux-gnu) libcurl/7.12.1 OpenSSL/0.9.7a zlib/1.2.1.2 libidn/0.5.6"
64.26.187.150 - - [30/Sep/2012:11:19:51 +0300] "HEAD /css/homebase.css HTTP/1.1" 403 0 "-" "curl/7.12.1 (i386-redhat-linux-gnu) libcurl/7.12.1 OpenSSL/0.9.7a zlib/1.2.1.2 libidn/0.5.6"
157.55.32.80 - - [30/Sep/2012:11:40:25 +0300] "GET / HTTP/1.0" 500 48 "-" "Mozilla/5.0 (compatible; bingbot/2.0; +http://www.bing.com/bingbot.htm)"
64.26.187.150 - - [30/Sep/2012:11:58:24 +0300] "HEAD /css/homebase.css HTTP/1.1" 403 0 "-" "curl/7.12.1 (i386-redhat-linux-gnu) libcurl/7.12.1 OpenSSL/0.9.7a zlib/1.2.1.2 libidn/0.5.6"
91.156.149.75 - - [30/Sep/2012:12:09:48 +0300] "GET / HTTP/1.1" 500 59 "-" "Mozilla/5.0 (Windows NT 6.1) AppleWebKit/534.57.2 (KHTML, like Gecko) Version/5.1.7 Safari/534.57.2"
91.156.149.75 - - [30/Sep/2012:12:09:48 +0300] "GET /favicon.ico HTTP/1.1" 500 59 "http://paawo.dy.fi/" "Mozilla/5.0 (Windows NT 6.1) AppleWebKit/534.57.2 (KHTML, like Gecko) Version/5.1.7 Safari/534.57.2"
91.156.149.75 - - [30/Sep/2012:12:09:55 +0300] "GET /lampo HTTP/1.1" 500 59 "-" "Mozilla/5.0 (Windows NT 6.1) AppleWebKit/534.57.2 (KHTML, like Gecko) Version/5.1.7 Safari/534.57.2"
91.156.149.75 - - [30/Sep/2012:12:10:00 +0300] "GET /lampo HTTP/1.1" 500 59 "-" "Mozilla/5.0 (Windows NT 6.1) AppleWebKit/534.57.2 (KHTML, like Gecko) Version/5.1.7 Safari/534.57.2"
91.156.149.75 - - [30/Sep/2012:12:10:05 +0300] "GET / HTTP/1.1" 500 59 "-" "Mozilla/5.0 (Windows NT 6.1) AppleWebKit/534.57.2 (KHTML, like Gecko) Version/5.1.7 Safari/534.57.2"
91.156.149.75 - - [30/Sep/2012:12:10:07 +0300] "GET / HTTP/1.1" 500 59 "-" "Mozilla/5.0 (Windows NT 6.1) AppleWebKit/534.57.2 (KHTML, like Gecko) Version/5.1.7 Safari/534.57.2"
91.156.149.75 - - [30/Sep/2012:12:10:24 +0300] "GET / HTTP/1.1" 500 59 "-" "Mozilla/5.0 (Windows NT 6.1) AppleWebKit/534.57.2 (KHTML, like Gecko) Version/5.1.7 Safari/534.57.2"
91.156.149.75 - - [30/Sep/2012:12:10:42 +0300] "-" 400 0 "-" "-"
64.26.187.150 - - [30/Sep/2012:12:35:55 +0300] "HEAD /css/homebase.css HTTP/1.1" 403 0 "-" "curl/7.12.1 (i386-redhat-linux-gnu) libcurl/7.12.1 OpenSSL/0.9.7a zlib/1.2.1.2 libidn/0.5.6"
64.26.187.151 - - [30/Sep/2012:12:35:58 +0300] "HEAD /css/homebase.css HTTP/1.1" 403 0 "-" "curl/7.12.1 (x86_64-redhat-linux-gnu) libcurl/7.12.1 OpenSSL/0.9.7a zlib/1.2.1.2 libidn/0.5.6"
64.26.187.150 - - [30/Sep/2012:13:13:29 +0300] "HEAD /css/homebase.css HTTP/1.1" 403 0 "-" "curl/7.12.1 (i386-redhat-linux-gnu) libcurl/7.12.1 OpenSSL/0.9.7a zlib/1.2.1.2 libidn/0.5.6"
66.249.76.147 - - [30/Sep/2012:13:33:06 +0300] "GET /robots.txt HTTP/1.1" 500 59 "-" "Mozilla/5.0 (compatible; Googlebot/2.1; +http://www.google.com/bot.html)"
64.26.187.150 - - [30/Sep/2012:13:51:03 +0300] "HEAD /css/homebase.css HTTP/1.1" 403 0 "-" "curl/7.12.1 (i386-redhat-linux-gnu) libcurl/7.12.1 OpenSSL/0.9.7a zlib/1.2.1.2 libidn/0.5.6"
64.26.187.150 - - [30/Sep/2012:14:28:43 +0300] "HEAD /css/homebase.css HTTP/1.1" 403 0 "-" "curl/7.12.1 (i386-redhat-linux-gnu) libcurl/7.12.1 OpenSSL/0.9.7a zlib/1.2.1.2 libidn/0.5.6"
64.26.187.151 - - [30/Sep/2012:14:28:45 +0300] "HEAD /css/homebase.css HTTP/1.1" 403 0 "-" "curl/7.12.1 (x86_64-redhat-linux-gnu) libcurl/7.12.1 OpenSSL/0.9.7a zlib/1.2.1.2 libidn/0.5.6"
64.26.187.150 - - [30/Sep/2012:15:06:16 +0300] "HEAD /css/homebase.css HTTP/1.1" 403 0 "-" "curl/7.12.1 (i386-redhat-linux-gnu) libcurl/7.12.1 OpenSSL/0.9.7a zlib/1.2.1.2 libidn/0.5.6"
64.26.187.150 - - [30/Sep/2012:15:43:50 +0300] "HEAD /css/homebase.css HTTP/1.1" 403 0 "-" "curl/7.12.1 (i386-redhat-linux-gnu) libcurl/7.12.1 OpenSSL/0.9.7a zlib/1.2.1.2 libidn/0.5.6"
64.26.187.151 - - [30/Sep/2012:15:43:54 +0300] "HEAD /css/homebase.css HTTP/1.1" 403 0 "-" "curl/7.12.1 (x86_64-redhat-linux-gnu) libcurl/7.12.1 OpenSSL/0.9.7a zlib/1.2.1.2 libidn/0.5.6"
64.26.187.150 - - [30/Sep/2012:16:21:33 +0300] "HEAD /css/homebase.css HTTP/1.1" 403 0 "-" "curl/7.12.1 (i386-redhat-linux-gnu) libcurl/7.12.1 OpenSSL/0.9.7a zlib/1.2.1.2 libidn/0.5.6"
64.26.187.151 - - [30/Sep/2012:16:21:36 +0300] "HEAD /css/homebase.css HTTP/1.1" 403 0 "-" "curl/7.12.1 (x86_64-redhat-linux-gnu) libcurl/7.12.1 OpenSSL/0.9.7a zlib/1.2.1.2 libidn/0.5.6"
64.26.187.150 - - [30/Sep/2012:16:59:32 +0300] "HEAD /css/homebase.css HTTP/1.1" 403 0 "-" "curl/7.12.1 (i386-redhat-linux-gnu) libcurl/7.12.1 OpenSSL/0.9.7a zlib/1.2.1.2 libidn/0.5.6"
64.26.187.150 - - [30/Sep/2012:17:37:28 +0300] "HEAD /css/homebase.css HTTP/1.1" 403 0 "-" "curl/7.12.1 (i386-redhat-linux-gnu) libcurl/7.12.1 OpenSSL/0.9.7a zlib/1.2.1.2 libidn/0.5.6"
64.26.187.151 - - [30/Sep/2012:17:37:32 +0300] "HEAD /css/homebase.css HTTP/1.1" 403 0 "-" "curl/7.12.1 (x86_64-redhat-linux-gnu) libcurl/7.12.1 OpenSSL/0.9.7a zlib/1.2.1.2 libidn/0.5.6"
64.26.187.150 - - [30/Sep/2012:18:15:30 +0300] "HEAD /css/homebase.css HTTP/1.1" 403 0 "-" "curl/7.12.1 (i386-redhat-linux-gnu) libcurl/7.12.1 OpenSSL/0.9.7a zlib/1.2.1.2 libidn/0.5.6"
64.26.187.151 - - [30/Sep/2012:18:15:34 +0300] "HEAD /css/homebase.css HTTP/1.1" 403 0 "-" "curl/7.12.1 (x86_64-redhat-linux-gnu) libcurl/7.12.1 OpenSSL/0.9.7a zlib/1.2.1.2 libidn/0.5.6"
64.26.187.150 - - [30/Sep/2012:18:53:27 +0300] "HEAD /css/homebase.css HTTP/1.1" 403 0 "-" "curl/7.12.1 (i386-redhat-linux-gnu) libcurl/7.12.1 OpenSSL/0.9.7a zlib/1.2.1.2 libidn/0.5.6"
64.26.187.150 - - [30/Sep/2012:19:31:14 +0300] "HEAD /css/homebase.css HTTP/1.1" 403 0 "-" "curl/7.12.1 (i386-redhat-linux-gnu) libcurl/7.12.1 OpenSSL/0.9.7a zlib/1.2.1.2 libidn/0.5.6"
64.26.187.150 - - [30/Sep/2012:20:09:01 +0300] "HEAD /css/homebase.css HTTP/1.1" 403 0 "-" "curl/7.12.1 (i386-redhat-linux-gnu) libcurl/7.12.1 OpenSSL/0.9.7a zlib/1.2.1.2 libidn/0.5.6"
64.26.187.151 - - [30/Sep/2012:20:09:04 +0300] "HEAD /css/homebase.css HTTP/1.1" 403 0 "-" "curl/7.12.1 (x86_64-redhat-linux-gnu) libcurl/7.12.1 OpenSSL/0.9.7a zlib/1.2.1.2 libidn/0.5.6"
64.26.187.150 - - [30/Sep/2012:20:47:12 +0300] "HEAD /css/homebase.css HTTP/1.1" 403 0 "-" "curl/7.12.1 (i386-redhat-linux-gnu) libcurl/7.12.1 OpenSSL/0.9.7a zlib/1.2.1.2 libidn/0.5.6"
64.26.187.151 - - [30/Sep/2012:20:47:16 +0300] "HEAD /css/homebase.css HTTP/1.1" 403 0 "-" "curl/7.12.1 (x86_64-redhat-linux-gnu) libcurl/7.12.1 OpenSSL/0.9.7a zlib/1.2.1.2 libidn/0.5.6"
81.177.26.217 - - [30/Sep/2012:20:55:13 +0300] "GET HTTP/1.1 HTTP/1.1" 400 166 "-" "-"
81.177.26.217 - - [30/Sep/2012:20:55:14 +0300] "GET /index.php HTTP/1.1" 500 59 "-" "Mozilla/5.0 (Windows NT 6.1) AppleWebKit/535.1 (KHTML, like Gecko) Chrome/13.0.782.220 Safari/535.1"
81.177.26.217 - - [30/Sep/2012:20:55:18 +0300] "GET /admin/pma/index.php HTTP/1.1" 500 59 "-" "Mozilla/5.0 (Windows NT 6.1) AppleWebKit/535.1 (KHTML, like Gecko) Chrome/13.0.782.220 Safari/535.1"
81.177.26.217 - - [30/Sep/2012:20:55:18 +0300] "GET /admin/phpmyadmin/index.php HTTP/1.1" 500 59 "-" "Mozilla/5.0 (Windows NT 6.1) AppleWebKit/535.1 (KHTML, like Gecko) Chrome/13.0.782.220 Safari/535.1"
81.177.26.217 - - [30/Sep/2012:20:55:18 +0300] "GET /db/index.php HTTP/1.1" 500 59 "-" "Mozilla/5.0 (Windows NT 6.1) AppleWebKit/535.1 (KHTML, like Gecko) Chrome/13.0.782.220 Safari/535.1"
81.177.26.217 - - [30/Sep/2012:20:55:18 +0300] "GET /dbadmin/index.php HTTP/1.1" 500 59 "-" "Mozilla/5.0 (Windows NT 6.1) AppleWebKit/535.1 (KHTML, like Gecko) Chrome/13.0.782.220 Safari/535.1"
81.177.26.217 - - [30/Sep/2012:20:55:19 +0300] "GET /myadmin/index.php HTTP/1.1" 500 59 "-" "Mozilla/5.0 (Windows NT 6.1) AppleWebKit/535.1 (KHTML, like Gecko) Chrome/13.0.782.220 Safari/535.1"
81.177.26.217 - - [30/Sep/2012:20:55:19 +0300] "GET /mysql/index.php HTTP/1.1" 500 59 "-" "Mozilla/5.0 (Windows NT 6.1) AppleWebKit/535.1 (KHTML, like Gecko) Chrome/13.0.782.220 Safari/535.1"
81.177.26.217 - - [30/Sep/2012:20:55:20 +0300] "GET /mysqladmin/index.php HTTP/1.1" 500 59 "-" "Mozilla/5.0 (Windows NT 6.1) AppleWebKit/535.1 (KHTML, like Gecko) Chrome/13.0.782.220 Safari/535.1"
81.177.26.217 - - [30/Sep/2012:20:55:20 +0300] "GET /typo3/phpmyadmin/index.php HTTP/1.1" 500 59 "-" "Mozilla/5.0 (Windows NT 6.1) AppleWebKit/535.1 (KHTML, like Gecko) Chrome/13.0.782.220 Safari/535.1"
81.177.26.217 - - [30/Sep/2012:20:55:20 +0300] "GET /phpadmin/index.php HTTP/1.1" 500 59 "-" "Mozilla/5.0 (Windows NT 6.1) AppleWebKit/535.1 (KHTML, like Gecko) Chrome/13.0.782.220 Safari/535.1"
81.177.26.217 - - [30/Sep/2012:20:55:21 +0300] "GET /phpmyadmin1/index.php HTTP/1.1" 500 59 "-" "Mozilla/5.0 (Windows NT 6.1) AppleWebKit/535.1 (KHTML, like Gecko) Chrome/13.0.782.220 Safari/535.1"
81.177.26.217 - - [30/Sep/2012:20:55:21 +0300] "GET /phpmyadmin2/index.php HTTP/1.1" 500 59 "-" "Mozilla/5.0 (Windows NT 6.1) AppleWebKit/535.1 (KHTML, like Gecko) Chrome/13.0.782.220 Safari/535.1"
81.177.26.217 - - [30/Sep/2012:20:55:21 +0300] "GET /pma/index.php HTTP/1.1" 500 59 "-" "Mozilla/5.0 (Windows NT 6.1) AppleWebKit/535.1 (KHTML, like Gecko) Chrome/13.0.782.220 Safari/535.1"
81.177.26.217 - - [30/Sep/2012:20:55:21 +0300] "GET /web/phpMyAdmin/index.php HTTP/1.1" 500 59 "-" "Mozilla/5.0 (Windows NT 6.1) AppleWebKit/535.1 (KHTML, like Gecko) Chrome/13.0.782.220 Safari/535.1"
81.177.26.217 - - [30/Sep/2012:20:55:22 +0300] "GET /xampp/phpmyadmin/index.php HTTP/1.1" 500 59 "-" "Mozilla/5.0 (Windows NT 6.1) AppleWebKit/535.1 (KHTML, like Gecko) Chrome/13.0.782.220 Safari/535.1"
81.177.26.217 - - [30/Sep/2012:20:55:22 +0300] "GET /web/index.php HTTP/1.1" 500 59 "-" "Mozilla/5.0 (Windows NT 6.1) AppleWebKit/535.1 (KHTML, like Gecko) Chrome/13.0.782.220 Safari/535.1"
81.177.26.217 - - [30/Sep/2012:20:55:22 +0300] "GET /php-my-admin/index.php HTTP/1.1" 500 59 "-" "Mozilla/5.0 (Windows NT 6.1) AppleWebKit/535.1 (KHTML, like Gecko) Chrome/13.0.782.220 Safari/535.1"
81.177.26.217 - - [30/Sep/2012:20:55:23 +0300] "GET /websql/index.php HTTP/1.1" 500 59 "-" "Mozilla/5.0 (Windows NT 6.1) AppleWebKit/535.1 (KHTML, like Gecko) Chrome/13.0.782.220 Safari/535.1"
81.177.26.217 - - [30/Sep/2012:20:55:23 +0300] "GET /phpmyadmin/index.php HTTP/1.1" 500 59 "-" "Mozilla/5.0 (Windows NT 6.1) AppleWebKit/535.1 (KHTML, like Gecko) Chrome/13.0.782.220 Safari/535.1"
81.177.26.217 - - [30/Sep/2012:20:55:24 +0300] "GET /phpMyAdmin-2.5.5-rc2/index.php HTTP/1.1" 500 59 "-" "Mozilla/5.0 (Windows NT 6.1) AppleWebKit/535.1 (KHTML, like Gecko) Chrome/13.0.782.220 Safari/535.1"
81.177.26.217 - - [30/Sep/2012:20:55:24 +0300] "GET /phpMyAdmin/index.php HTTP/1.1" 500 59 "-" "Mozilla/5.0 (Windows NT 6.1) AppleWebKit/535.1 (KHTML, like Gecko) Chrome/13.0.782.220 Safari/535.1"
81.177.26.217 - - [30/Sep/2012:20:55:24 +0300] "GET /phpMyAdmin-2/index.php HTTP/1.1" 500 59 "-" "Mozilla/5.0 (Windows NT 6.1) AppleWebKit/535.1 (KHTML, like Gecko) Chrome/13.0.782.220 Safari/535.1"
81.177.26.217 - - [30/Sep/2012:20:55:24 +0300] "GET /php-my-admin/index.php HTTP/1.1" 500 59 "-" "Mozilla/5.0 (Windows NT 6.1) AppleWebKit/535.1 (KHTML, like Gecko) Chrome/13.0.782.220 Safari/535.1"
81.177.26.217 - - [30/Sep/2012:20:55:24 +0300] "GET /phpMyAdmin-2.5.1/index.php HTTP/1.1" 500 59 "-" "Mozilla/5.0 (Windows NT 6.1) AppleWebKit/535.1 (KHTML, like Gecko) Chrome/13.0.782.220 Safari/535.1"
81.177.26.217 - - [30/Sep/2012:20:55:24 +0300] "GET /phpMyAdmin-2.5.6/index.php HTTP/1.1" 500 59 "-" "Mozilla/5.0 (Windows NT 6.1) AppleWebKit/535.1 (KHTML, like Gecko) Chrome/13.0.782.220 Safari/535.1"
81.177.26.217 - - [30/Sep/2012:20:55:24 +0300] "GET /phpMyAdmin-2.5.5-pl1/index.php HTTP/1.1" 500 59 "-" "Mozilla/5.0 (Windows NT 6.1) AppleWebKit/535.1 (KHTML, like Gecko) Chrome/13.0.782.220 Safari/535.1"
81.177.26.217 - - [30/Sep/2012:20:55:24 +0300] "GET /phpMyAdmin-2.5.4/index.php HTTP/1.1" 500 59 "-" "Mozilla/5.0 (Windows NT 6.1) AppleWebKit/535.1 (KHTML, like Gecko) Chrome/13.0.782.220 Safari/535.1"
81.177.26.217 - - [30/Sep/2012:20:55:24 +0300] "GET /phpMyAdmin-2.5.6-rc1/index.php HTTP/1.1" 500 59 "-" "Mozilla/5.0 (Windows NT 6.1) AppleWebKit/535.1 (KHTML, like Gecko) Chrome/13.0.782.220 Safari/535.1"
81.177.26.217 - - [30/Sep/2012:20:55:24 +0300] "GET /phpMyAdmin-2.5.5/index.php HTTP/1.1" 500 59 "-" "Mozilla/5.0 (Windows NT 6.1) AppleWebKit/535.1 (KHTML, like Gecko) Chrome/13.0.782.220 Safari/535.1"
81.177.26.217 - - [30/Sep/2012:20:55:24 +0300] "GET /phpMyAdmin-2.5.6-rc2/index.php HTTP/1.1" 500 59 "-" "Mozilla/5.0 (Windows NT 6.1) AppleWebKit/535.1 (KHTML, like Gecko) Chrome/13.0.782.220 Safari/535.1"
81.177.26.217 - - [30/Sep/2012:20:55:24 +0300] "GET /phpMyAdmin-2.2.6/index.php HTTP/1.1" 500 59 "-" "Mozilla/5.0 (Windows NT 6.1) AppleWebKit/535.1 (KHTML, like Gecko) Chrome/13.0.782.220 Safari/535.1"
81.177.26.217 - - [30/Sep/2012:20:55:24 +0300] "GET /phpMyAdmin-2.5.7/index.php HTTP/1.1" 500 59 "-" "Mozilla/5.0 (Windows NT 6.1) AppleWebKit/535.1 (KHTML, like Gecko) Chrome/13.0.782.220 Safari/535.1"
81.177.26.217 - - [30/Sep/2012:20:55:24 +0300] "GET /phpMyAdmin-2.2.3/index.php HTTP/1.1" 500 59 "-" "Mozilla/5.0 (Windows NT 6.1) AppleWebKit/535.1 (KHTML, like Gecko) Chrome/13.0.782.220 Safari/535.1"
81.177.26.217 - - [30/Sep/2012:20:55:24 +0300] "GET /phpMyAdmin-2.5.5-rc1/index.php HTTP/1.1" 500 59 "-" "Mozilla/5.0 (Windows NT 6.1) AppleWebKit/535.1 (KHTML, like Gecko) Chrome/13.0.782.220 Safari/535.1"
81.177.26.217 - - [30/Sep/2012:20:55:24 +0300] "GET /phpMyAdmin-2.5.7-pl1/index.php HTTP/1.1" 500 59 "-" "Mozilla/5.0 (Windows NT 6.1) AppleWebKit/535.1 (KHTML, like Gecko) Chrome/13.0.782.220 Safari/535.1"
64.26.187.150 - - [30/Sep/2012:21:25:19 +0300] "HEAD /css/homebase.css HTTP/1.1" 403 0 "-" "curl/7.12.1 (i386-redhat-linux-gnu) libcurl/7.12.1 OpenSSL/0.9.7a zlib/1.2.1.2 libidn/0.5.6"
64.26.187.151 - - [30/Sep/2012:21:25:23 +0300] "HEAD /css/homebase.css HTTP/1.1" 403 0 "-" "curl/7.12.1 (x86_64-redhat-linux-gnu) libcurl/7.12.1 OpenSSL/0.9.7a zlib/1.2.1.2 libidn/0.5.6"
64.26.187.150 - - [30/Sep/2012:22:03:33 +0300] "HEAD /css/homebase.css HTTP/1.1" 403 0 "-" "curl/7.12.1 (i386-redhat-linux-gnu) libcurl/7.12.1 OpenSSL/0.9.7a zlib/1.2.1.2 libidn/0.5.6"
64.26.187.151 - - [30/Sep/2012:22:03:35 +0300] "HEAD /css/homebase.css HTTP/1.1" 403 0 "-" "curl/7.12.1 (x86_64-redhat-linux-gnu) libcurl/7.12.1 OpenSSL/0.9.7a zlib/1.2.1.2 libidn/0.5.6"
64.26.187.150 - - [30/Sep/2012:22:41:34 +0300] "HEAD /css/homebase.css HTTP/1.1" 403 0 "-" "curl/7.12.1 (i386-redhat-linux-gnu) libcurl/7.12.1 OpenSSL/0.9.7a zlib/1.2.1.2 libidn/0.5.6"
64.26.187.151 - - [30/Sep/2012:22:41:36 +0300] "HEAD /css/homebase.css HTTP/1.1" 403 0 "-" "curl/7.12.1 (x86_64-redhat-linux-gnu) libcurl/7.12.1 OpenSSL/0.9.7a zlib/1.2.1.2 libidn/0.5.6"
64.26.187.150 - - [30/Sep/2012:23:19:38 +0300] "HEAD /css/homebase.css HTTP/1.1" 403 0 "-" "curl/7.12.1 (i386-redhat-linux-gnu) libcurl/7.12.1 OpenSSL/0.9.7a zlib/1.2.1.2 libidn/0.5.6"
64.26.187.151 - - [30/Sep/2012:23:19:41 +0300] "HEAD /css/homebase.css HTTP/1.1" 403 0 "-" "curl/7.12.1 (x86_64-redhat-linux-gnu) libcurl/7.12.1 OpenSSL/0.9.7a zlib/1.2.1.2 libidn/0.5.6"
64.26.187.150 - - [30/Sep/2012:23:57:38 +0300] "HEAD /css/homebase.css HTTP/1.1" 403 0 "-" "curl/7.12.1 (i386-redhat-linux-gnu) libcurl/7.12.1 OpenSSL/0.9.7a zlib/1.2.1.2 libidn/0.5.6"
64.26.187.151 - - [30/Sep/2012:23:57:41 +0300] "HEAD /css/homebase.css HTTP/1.1" 403 0 "-" "curl/7.12.1 (x86_64-redhat-linux-gnu) libcurl/7.12.1 OpenSSL/0.9.7a zlib/1.2.1.2 libidn/0.5.6"
10.10.10.100 - - [01/Oct/2012:00:00:15 +0300] "-" 400 0 "-" "-"
64.26.187.150 - - [01/Oct/2012:00:35:26 +0300] "HEAD /css/homebase.css HTTP/1.1" 403 0 "-" "curl/7.12.1 (i386-redhat-linux-gnu) libcurl/7.12.1 OpenSSL/0.9.7a zlib/1.2.1.2 libidn/0.5.6"
64.26.187.150 - - [01/Oct/2012:01:12:43 +0300] "HEAD /css/homebase.css HTTP/1.1" 403 0 "-" "curl/7.12.1 (i386-redhat-linux-gnu) libcurl/7.12.1 OpenSSL/0.9.7a zlib/1.2.1.2 libidn/0.5.6"
64.26.187.151 - - [01/Oct/2012:01:12:47 +0300] "HEAD /css/homebase.css HTTP/1.1" 403 0 "-" "curl/7.12.1 (x86_64-redhat-linux-gnu) libcurl/7.12.1 OpenSSL/0.9.7a zlib/1.2.1.2 libidn/0.5.6"
64.26.187.150 - - [01/Oct/2012:01:49:42 +0300] "HEAD /css/homebase.css HTTP/1.1" 403 0 "-" "curl/7.12.1 (i386-redhat-linux-gnu) libcurl/7.12.1 OpenSSL/0.9.7a zlib/1.2.1.2 libidn/0.5.6"
64.26.187.150 - - [01/Oct/2012:02:26:46 +0300] "HEAD /css/homebase.css HTTP/1.1" 403 0 "-" "curl/7.12.1 (i386-redhat-linux-gnu) libcurl/7.12.1 OpenSSL/0.9.7a zlib/1.2.1.2 libidn/0.5.6"
64.26.187.151 - - [01/Oct/2012:02:26:49 +0300] "HEAD /css/homebase.css HTTP/1.1" 403 0 "-" "curl/7.12.1 (x86_64-redhat-linux-gnu) libcurl/7.12.1 OpenSSL/0.9.7a zlib/1.2.1.2 libidn/0.5.6"
64.26.187.150 - - [01/Oct/2012:03:03:24 +0300] "HEAD /css/homebase.css HTTP/1.1" 403 0 "-" "curl/7.12.1 (i386-redhat-linux-gnu) libcurl/7.12.1 OpenSSL/0.9.7a zlib/1.2.1.2 libidn/0.5.6"
64.26.187.151 - - [01/Oct/2012:03:03:28 +0300] "HEAD /css/homebase.css HTTP/1.1" 403 0 "-" "curl/7.12.1 (x86_64-redhat-linux-gnu) libcurl/7.12.1 OpenSSL/0.9.7a zlib/1.2.1.2 libidn/0.5.6"
64.26.187.150 - - [01/Oct/2012:03:39:52 +0300] "HEAD /css/homebase.css HTTP/1.1" 403 0 "-" "curl/7.12.1 (i386-redhat-linux-gnu) libcurl/7.12.1 OpenSSL/0.9.7a zlib/1.2.1.2 libidn/0.5.6"
64.26.187.151 - - [01/Oct/2012:03:39:53 +0300] "HEAD /css/homebase.css HTTP/1.1" 403 0 "-" "curl/7.12.1 (x86_64-redhat-linux-gnu) libcurl/7.12.1 OpenSSL/0.9.7a zlib/1.2.1.2 libidn/0.5.6"
64.26.187.150 - - [01/Oct/2012:04:16:11 +0300] "HEAD /css/homebase.css HTTP/1.1" 403 0 "-" "curl/7.12.1 (i386-redhat-linux-gnu) libcurl/7.12.1 OpenSSL/0.9.7a zlib/1.2.1.2 libidn/0.5.6"
64.26.187.150 - - [01/Oct/2012:04:52:24 +0300] "HEAD /css/homebase.css HTTP/1.1" 403 0 "-" "curl/7.12.1 (i386-redhat-linux-gnu) libcurl/7.12.1 OpenSSL/0.9.7a zlib/1.2.1.2 libidn/0.5.6"
64.26.187.151 - - [01/Oct/2012:04:52:27 +0300] "HEAD /css/homebase.css HTTP/1.1" 403 0 "-" "curl/7.12.1 (x86_64-redhat-linux-gnu) libcurl/7.12.1 OpenSSL/0.9.7a zlib/1.2.1.2 libidn/0.5.6"
64.26.187.150 - - [01/Oct/2012:05:28:57 +0300] "HEAD /css/homebase.css HTTP/1.1" 403 0 "-" "curl/7.12.1 (i386-redhat-linux-gnu) libcurl/7.12.1 OpenSSL/0.9.7a zlib/1.2.1.2 libidn/0.5.6"
64.26.187.150 - - [01/Oct/2012:06:05:23 +0300] "HEAD /css/homebase.css HTTP/1.1" 403 0 "-" "curl/7.12.1 (i386-redhat-linux-gnu) libcurl/7.12.1 OpenSSL/0.9.7a zlib/1.2.1.2 libidn/0.5.6"
64.26.187.151 - - [01/Oct/2012:06:05:25 +0300] "HEAD /css/homebase.css HTTP/1.1" 403 0 "-" "curl/7.12.1 (x86_64-redhat-linux-gnu) libcurl/7.12.1 OpenSSL/0.9.7a zlib/1.2.1.2 libidn/0.5.6"
118.217.12.31 - - [01/Oct/2012:06:14:38 +0300] "GET /user/soapCaller.bs HTTP/1.1" 500 59 "-" "Morfeus Fucking Scanner"
64.26.187.150 - - [01/Oct/2012:06:41:48 +0300] "HEAD /css/homebase.css HTTP/1.1" 403 0 "-" "curl/7.12.1 (i386-redhat-linux-gnu) libcurl/7.12.1 OpenSSL/0.9.7a zlib/1.2.1.2 libidn/0.5.6"
64.26.187.151 - - [01/Oct/2012:06:41:52 +0300] "HEAD /css/homebase.css HTTP/1.1" 403 0 "-" "curl/7.12.1 (x86_64-redhat-linux-gnu) libcurl/7.12.1 OpenSSL/0.9.7a zlib/1.2.1.2 libidn/0.5.6"
64.26.187.150 - - [01/Oct/2012:07:18:26 +0300] "HEAD /css/homebase.css HTTP/1.1" 403 0 "-" "curl/7.12.1 (i386-redhat-linux-gnu) libcurl/7.12.1 OpenSSL/0.9.7a zlib/1.2.1.2 libidn/0.5.6"
64.26.187.151 - - [01/Oct/2012:07:18:31 +0300] "HEAD /css/homebase.css HTTP/1.1" 403 0 "-" "curl/7.12.1 (x86_64-redhat-linux-gnu) libcurl/7.12.1 OpenSSL/0.9.7a zlib/1.2.1.2 libidn/0.5.6"
64.26.187.150 - - [01/Oct/2012:07:55:17 +0300] "HEAD /css/homebase.css HTTP/1.1" 403 0 "-" "curl/7.12.1 (i386-redhat-linux-gnu) libcurl/7.12.1 OpenSSL/0.9.7a zlib/1.2.1.2 libidn/0.5.6"
64.26.187.150 - - [01/Oct/2012:08:32:00 +0300] "HEAD /css/homebase.css HTTP/1.1" 403 0 "-" "curl/7.12.1 (i386-redhat-linux-gnu) libcurl/7.12.1 OpenSSL/0.9.7a zlib/1.2.1.2 libidn/0.5.6"
64.26.187.151 - - [01/Oct/2012:08:32:03 +0300] "HEAD /css/homebase.css HTTP/1.1" 403 0 "-" "curl/7.12.1 (x86_64-redhat-linux-gnu) libcurl/7.12.1 OpenSSL/0.9.7a zlib/1.2.1.2 libidn/0.5.6"
64.26.187.150 - - [01/Oct/2012:09:08:59 +0300] "HEAD /css/homebase.css HTTP/1.1" 403 0 "-" "curl/7.12.1 (i386-redhat-linux-gnu) libcurl/7.12.1 OpenSSL/0.9.7a zlib/1.2.1.2 libidn/0.5.6"
64.26.187.151 - - [01/Oct/2012:09:09:04 +0300] "HEAD /css/homebase.css HTTP/1.1" 403 0 "-" "curl/7.12.1 (x86_64-redhat-linux-gnu) libcurl/7.12.1 OpenSSL/0.9.7a zlib/1.2.1.2 libidn/0.5.6"
64.26.187.150 - - [01/Oct/2012:09:46:09 +0300] "HEAD /css/homebase.css HTTP/1.1" 403 0 "-" "curl/7.12.1 (i386-redhat-linux-gnu) libcurl/7.12.1 OpenSSL/0.9.7a zlib/1.2.1.2 libidn/0.5.6"
64.26.187.151 - - [01/Oct/2012:09:46:13 +0300] "HEAD /css/homebase.css HTTP/1.1" 403 0 "-" "curl/7.12.1 (x86_64-redhat-linux-gnu) libcurl/7.12.1 OpenSSL/0.9.7a zlib/1.2.1.2 libidn/0.5.6"
64.26.187.150 - - [01/Oct/2012:10:23:26 +0300] "HEAD /css/homebase.css HTTP/1.1" 403 0 "-" "curl/7.12.1 (i386-redhat-linux-gnu) libcurl/7.12.1 OpenSSL/0.9.7a zlib/1.2.1.2 libidn/0.5.6"
64.26.187.151 - - [01/Oct/2012:10:23:29 +0300] "HEAD /css/homebase.css HTTP/1.1" 403 0 "-" "curl/7.12.1 (x86_64-redhat-linux-gnu) libcurl/7.12.1 OpenSSL/0.9.7a zlib/1.2.1.2 libidn/0.5.6"
178.154.243.98 - - [01/Oct/2012:11:00:14 +0300] "GET /robots.txt HTTP/1.1" 500 59 "-" "Mozilla/5.0 (compatible; YandexBot/3.0; +http://yandex.com/bots)"
64.26.187.150 - - [01/Oct/2012:11:00:52 +0300] "HEAD /css/homebase.css HTTP/1.1" 403 0 "-" "curl/7.12.1 (i386-redhat-linux-gnu) libcurl/7.12.1 OpenSSL/0.9.7a zlib/1.2.1.2 libidn/0.5.6"
64.26.187.151 - - [01/Oct/2012:11:00:56 +0300] "HEAD /css/homebase.css HTTP/1.1" 403 0 "-" "curl/7.12.1 (x86_64-redhat-linux-gnu) libcurl/7.12.1 OpenSSL/0.9.7a zlib/1.2.1.2 libidn/0.5.6"
64.26.187.150 - - [01/Oct/2012:11:39:24 +0300] "HEAD /css/homebase.css HTTP/1.1" 403 0 "-" "curl/7.12.1 (i386-redhat-linux-gnu) libcurl/7.12.1 OpenSSL/0.9.7a zlib/1.2.1.2 libidn/0.5.6"
64.26.187.151 - - [01/Oct/2012:11:39:28 +0300] "HEAD /css/homebase.css HTTP/1.1" 403 0 "-" "curl/7.12.1 (x86_64-redhat-linux-gnu) libcurl/7.12.1 OpenSSL/0.9.7a zlib/1.2.1.2 libidn/0.5.6"
213.251.194.173 - - [01/Oct/2012:11:42:53 +0300] "CONNECT api.login.icq.net:443 HTTP/1.0" 400 166 "-" "-"
64.26.187.150 - - [01/Oct/2012:12:17:04 +0300] "HEAD /css/homebase.css HTTP/1.1" 403 0 "-" "curl/7.12.1 (i386-redhat-linux-gnu) libcurl/7.12.1 OpenSSL/0.9.7a zlib/1.2.1.2 libidn/0.5.6"
64.26.187.151 - - [01/Oct/2012:12:17:07 +0300] "HEAD /css/homebase.css HTTP/1.1" 403 0 "-" "curl/7.12.1 (x86_64-redhat-linux-gnu) libcurl/7.12.1 OpenSSL/0.9.7a zlib/1.2.1.2 libidn/0.5.6"
64.26.187.150 - - [01/Oct/2012:12:54:43 +0300] "HEAD /css/homebase.css HTTP/1.1" 403 0 "-" "curl/7.12.1 (i386-redhat-linux-gnu) libcurl/7.12.1 OpenSSL/0.9.7a zlib/1.2.1.2 libidn/0.5.6"
64.26.187.151 - - [01/Oct/2012:12:54:46 +0300] "HEAD /css/homebase.css HTTP/1.1" 403 0 "-" "curl/7.12.1 (x86_64-redhat-linux-gnu) libcurl/7.12.1 OpenSSL/0.9.7a zlib/1.2.1.2 libidn/0.5.6"
64.26.187.150 - - [01/Oct/2012:13:32:07 +0300] "HEAD /css/homebase.css HTTP/1.1" 403 0 "-" "curl/7.12.1 (i386-redhat-linux-gnu) libcurl/7.12.1 OpenSSL/0.9.7a zlib/1.2.1.2 libidn/0.5.6"
64.26.187.151 - - [01/Oct/2012:13:32:11 +0300] "HEAD /css/homebase.css HTTP/1.1" 403 0 "-" "curl/7.12.1 (x86_64-redhat-linux-gnu) libcurl/7.12.1 OpenSSL/0.9.7a zlib/1.2.1.2 libidn/0.5.6"
64.26.187.150 - - [01/Oct/2012:14:09:44 +0300] "HEAD /css/homebase.css HTTP/1.1" 403 0 "-" "curl/7.12.1 (i386-redhat-linux-gnu) libcurl/7.12.1 OpenSSL/0.9.7a zlib/1.2.1.2 libidn/0.5.6"
64.26.187.151 - - [01/Oct/2012:14:09:48 +0300] "HEAD /css/homebase.css HTTP/1.1" 403 0 "-" "curl/7.12.1 (x86_64-redhat-linux-gnu) libcurl/7.12.1 OpenSSL/0.9.7a zlib/1.2.1.2 libidn/0.5.6"
64.26.187.150 - - [01/Oct/2012:14:47:10 +0300] "HEAD /css/homebase.css HTTP/1.1" 403 0 "-" "curl/7.12.1 (i386-redhat-linux-gnu) libcurl/7.12.1 OpenSSL/0.9.7a zlib/1.2.1.2 libidn/0.5.6"
64.26.187.150 - - [01/Oct/2012:15:24:42 +0300] "HEAD /css/homebase.css HTTP/1.1" 403 0 "-" "curl/7.12.1 (i386-redhat-linux-gnu) libcurl/7.12.1 OpenSSL/0.9.7a zlib/1.2.1.2 libidn/0.5.6"
64.26.187.151 - - [01/Oct/2012:15:24:47 +0300] "HEAD /css/homebase.css HTTP/1.1" 403 0 "-" "curl/7.12.1 (x86_64-redhat-linux-gnu) libcurl/7.12.1 OpenSSL/0.9.7a zlib/1.2.1.2 libidn/0.5.6"
64.26.187.150 - - [01/Oct/2012:16:02:22 +0300] "HEAD /css/homebase.css HTTP/1.1" 403 0 "-" "curl/7.12.1 (i386-redhat-linux-gnu) libcurl/7.12.1 OpenSSL/0.9.7a zlib/1.2.1.2 libidn/0.5.6"
64.26.187.151 - - [01/Oct/2012:16:02:25 +0300] "HEAD /css/homebase.css HTTP/1.1" 403 0 "-" "curl/7.12.1 (x86_64-redhat-linux-gnu) libcurl/7.12.1 OpenSSL/0.9.7a zlib/1.2.1.2 libidn/0.5.6"
178.154.243.98 - - [01/Oct/2012:16:06:09 +0300] "GET / HTTP/1.1" 500 59 "-" "Mozilla/5.0 (compatible; YandexBot/3.0; +http://yandex.com/bots)"
64.26.187.150 - - [01/Oct/2012:16:40:18 +0300] "HEAD /css/homebase.css HTTP/1.1" 403 0 "-" "curl/7.12.1 (i386-redhat-linux-gnu) libcurl/7.12.1 OpenSSL/0.9.7a zlib/1.2.1.2 libidn/0.5.6"
64.26.187.151 - - [01/Oct/2012:16:40:22 +0300] "HEAD /css/homebase.css HTTP/1.1" 403 0 "-" "curl/7.12.1 (x86_64-redhat-linux-gnu) libcurl/7.12.1 OpenSSL/0.9.7a zlib/1.2.1.2 libidn/0.5.6"
64.26.187.150 - - [01/Oct/2012:17:18:07 +0300] "HEAD /css/homebase.css HTTP/1.1" 403 0 "-" "curl/7.12.1 (i386-redhat-linux-gnu) libcurl/7.12.1 OpenSSL/0.9.7a zlib/1.2.1.2 libidn/0.5.6"
64.26.187.150 - - [01/Oct/2012:17:56:00 +0300] "HEAD /css/homebase.css HTTP/1.1" 403 0 "-" "curl/7.12.1 (i386-redhat-linux-gnu) libcurl/7.12.1 OpenSSL/0.9.7a zlib/1.2.1.2 libidn/0.5.6"
64.26.187.151 - - [01/Oct/2012:17:56:05 +0300] "HEAD /css/homebase.css HTTP/1.1" 403 0 "-" "curl/7.12.1 (x86_64-redhat-linux-gnu) libcurl/7.12.1 OpenSSL/0.9.7a zlib/1.2.1.2 libidn/0.5.6"
64.26.187.150 - - [01/Oct/2012:18:33:50 +0300] "HEAD /css/homebase.css HTTP/1.1" 403 0 "-" "curl/7.12.1 (i386-redhat-linux-gnu) libcurl/7.12.1 OpenSSL/0.9.7a zlib/1.2.1.2 libidn/0.5.6"
64.26.187.151 - - [01/Oct/2012:18:33:54 +0300] "HEAD /css/homebase.css HTTP/1.1" 403 0 "-" "curl/7.12.1 (x86_64-redhat-linux-gnu) libcurl/7.12.1 OpenSSL/0.9.7a zlib/1.2.1.2 libidn/0.5.6"
50.17.32.217 - - [01/Oct/2012:18:51:34 +0300] "HEAD /manager/status HTTP/1.1" 500 0 "-" "Java/1.6.0_22"
64.26.187.150 - - [01/Oct/2012:19:12:02 +0300] "HEAD /css/homebase.css HTTP/1.1" 403 0 "-" "curl/7.12.1 (i386-redhat-linux-gnu) libcurl/7.12.1 OpenSSL/0.9.7a zlib/1.2.1.2 libidn/0.5.6"
46.246.17.244 - - [01/Oct/2012:19:22:54 +0300] "GET //phpmyadmin/config/config.inc.php?p=phpinfo(); HTTP/1.1" 500 59 "-" "Mozilla/4.0 (compatible; MSIE 6.0; Windows 98)"
46.246.17.244 - - [01/Oct/2012:19:22:54 +0300] "GET //myadmin/config/config.inc.php?p=phpinfo(); HTTP/1.1" 500 59 "-" "Mozilla/4.0 (compatible; MSIE 6.0; Windows 98)"
46.246.17.244 - - [01/Oct/2012:19:22:54 +0300] "GET //PHPMYADMIN/config/config.inc.php?p=phpinfo(); HTTP/1.1" 500 59 "-" "Mozilla/4.0 (compatible; MSIE 6.0; Windows 98)"
46.246.17.244 - - [01/Oct/2012:19:22:54 +0300] "GET //phpMyAdmin/config/config.inc.php?p=phpinfo(); HTTP/1.1" 500 59 "-" "Mozilla/4.0 (compatible; MSIE 6.0; Windows 98)"
46.246.17.244 - - [01/Oct/2012:19:22:55 +0300] "GET //config/config.inc.php?p=phpinfo(); HTTP/1.1" 500 59 "-" "Mozilla/4.0 (compatible; MSIE 6.0; Windows 98)"
46.246.17.244 - - [01/Oct/2012:19:22:55 +0300] "GET //phppgadmin/config.inc.php?p=phpinfo(); HTTP/1.1" 500 59 "-" "Mozilla/4.0 (compatible; MSIE 6.0; Windows 98)"
46.246.17.244 - - [01/Oct/2012:19:22:55 +0300] "GET //phpmyadmin2/config.inc.php?p=phpinfo(); HTTP/1.1" 500 59 "-" "Mozilla/4.0 (compatible; MSIE 6.0; Windows 98)"
46.246.17.244 - - [01/Oct/2012:19:22:55 +0300] "GET //webmail/config.inc.php?p=phpinfo(); HTTP/1.1" 500 59 "-" "Mozilla/4.0 (compatible; MSIE 6.0; Windows 98)"
46.246.17.244 - - [01/Oct/2012:19:22:55 +0300] "GET //mail/config.inc.php?p=phpinfo(); HTTP/1.1" 500 59 "-" "Mozilla/4.0 (compatible; MSIE 6.0; Windows 98)"
46.246.17.244 - - [01/Oct/2012:19:22:55 +0300] "GET //phpMyAdmin2/config.inc.php?p=phpinfo(); HTTP/1.1" 500 59 "-" "Mozilla/4.0 (compatible; MSIE 6.0; Windows 98)"
46.246.17.244 - - [01/Oct/2012:19:22:55 +0300] "GET //php-my-admin/config/config.inc.php?p=phpinfo(); HTTP/1.1" 500 59 "-" "Mozilla/4.0 (compatible; MSIE 6.0; Windows 98)"
46.246.17.244 - - [01/Oct/2012:19:22:55 +0300] "GET //mysql/config/config.inc.php?p=phpinfo(); HTTP/1.1" 500 59 "-" "Mozilla/4.0 (compatible; MSIE 6.0; Windows 98)"
46.246.17.244 - - [01/Oct/2012:19:22:55 +0300] "GET //dbadmin/config/config.inc.php?p=phpinfo(); HTTP/1.1" 500 59 "-" "Mozilla/4.0 (compatible; MSIE 6.0; Windows 98)"
46.246.17.244 - - [01/Oct/2012:19:22:55 +0300] "GET //admin/config/config.inc.php?p=phpinfo(); HTTP/1.1" 500 59 "-" "Mozilla/4.0 (compatible; MSIE 6.0; Windows 98)"
46.246.17.244 - - [01/Oct/2012:19:22:55 +0300] "GET //pma/config/config.inc.php?p=phpinfo(); HTTP/1.1" 500 59 "-" "Mozilla/4.0 (compatible; MSIE 6.0; Windows 98)"
64.26.187.150 - - [01/Oct/2012:19:49:42 +0300] "HEAD /css/homebase.css HTTP/1.1" 403 0 "-" "curl/7.12.1 (i386-redhat-linux-gnu) libcurl/7.12.1 OpenSSL/0.9.7a zlib/1.2.1.2 libidn/0.5.6"
64.26.187.151 - - [01/Oct/2012:19:49:45 +0300] "HEAD /css/homebase.css HTTP/1.1" 403 0 "-" "curl/7.12.1 (x86_64-redhat-linux-gnu) libcurl/7.12.1 OpenSSL/0.9.7a zlib/1.2.1.2 libidn/0.5.6"
91.156.149.75 - - [01/Oct/2012:20:07:48 +0300] "-" 400 0 "-" "-"
91.156.149.75 - - [01/Oct/2012:20:09:16 +0300] "GET /lampo HTTP/1.1" 500 291 "-" "Mozilla/5.0 (Windows NT 6.1; rv:15.0) Gecko/20100101 Firefox/15.0.1"
91.156.149.75 - - [01/Oct/2012:20:09:23 +0300] "GET /lampo HTTP/1.1" 500 291 "-" "Mozilla/5.0 (Windows NT 6.1; rv:15.0) Gecko/20100101 Firefox/15.0.1"
91.156.149.75 - - [01/Oct/2012:20:17:22 +0300] "GET /lampo HTTP/1.1" 500 291 "-" "Mozilla/5.0 (Windows NT 6.1; rv:15.0) Gecko/20100101 Firefox/15.0.1"
91.156.149.75 - - [01/Oct/2012:20:17:52 +0300] "GET /lampo HTTP/1.1" 200 52754 "-" "Mozilla/5.0 (Windows NT 6.1; rv:15.0) Gecko/20100101 Firefox/15.0.1"
91.156.149.75 - - [01/Oct/2012:20:18:58 +0300] "GET /lampo HTTP/1.1" 200 29186 "-" "Mozilla/5.0 (Windows NT 6.1; rv:15.0) Gecko/20100101 Firefox/15.0.1"
64.26.187.150 - - [01/Oct/2012:20:27:41 +0300] "HEAD /css/homebase.css HTTP/1.1" 403 0 "-" "curl/7.12.1 (i386-redhat-linux-gnu) libcurl/7.12.1 OpenSSL/0.9.7a zlib/1.2.1.2 libidn/0.5.6"
91.156.149.75 - - [01/Oct/2012:20:31:40 +0300] "GET /lampo HTTP/1.1" 200 58142 "-" "Mozilla/5.0 (Windows NT 6.1; rv:15.0) Gecko/20100101 Firefox/15.0.1"
64.26.187.150 - - [01/Oct/2012:21:05:35 +0300] "HEAD /css/homebase.css HTTP/1.1" 403 0 "-" "curl/7.12.1 (i386-redhat-linux-gnu) libcurl/7.12.1 OpenSSL/0.9.7a zlib/1.2.1.2 libidn/0.5.6"
64.26.187.151 - - [01/Oct/2012:21:05:39 +0300] "HEAD /css/homebase.css HTTP/1.1" 403 0 "-" "curl/7.12.1 (x86_64-redhat-linux-gnu) libcurl/7.12.1 OpenSSL/0.9.7a zlib/1.2.1.2 libidn/0.5.6"
91.156.149.75 - - [01/Oct/2012:21:08:49 +0300] "GET /lampo HTTP/1.1" 200 58310 "-" "Mozilla/5.0 (Windows NT 6.1; rv:15.0) Gecko/20100101 Firefox/15.0.1"
91.156.149.75 - - [01/Oct/2012:21:08:49 +0300] "GET /scripts/jquery.js HTTP/1.1" 404 238 "http://paawo.dy.fi/lampo" "Mozilla/5.0 (Windows NT 6.1; rv:15.0) Gecko/20100101 Firefox/15.0.1"
91.156.149.75 - - [01/Oct/2012:21:12:00 +0300] "GET /lampo HTTP/1.1" 200 58305 "-" "Mozilla/5.0 (Windows NT 6.1; rv:15.0) Gecko/20100101 Firefox/15.0.1"
91.156.149.75 - - [01/Oct/2012:21:12:00 +0300] "GET /scripts/jquery.js HTTP/1.1" 404 238 "http://paawo.dy.fi/lampo" "Mozilla/5.0 (Windows NT 6.1; rv:15.0) Gecko/20100101 Firefox/15.0.1"
64.26.187.150 - - [01/Oct/2012:21:43:40 +0300] "HEAD /css/homebase.css HTTP/1.1" 403 0 "-" "curl/7.12.1 (i386-redhat-linux-gnu) libcurl/7.12.1 OpenSSL/0.9.7a zlib/1.2.1.2 libidn/0.5.6"
64.26.187.151 - - [01/Oct/2012:21:43:44 +0300] "HEAD /css/homebase.css HTTP/1.1" 403 0 "-" "curl/7.12.1 (x86_64-redhat-linux-gnu) libcurl/7.12.1 OpenSSL/0.9.7a zlib/1.2.1.2 libidn/0.5.6"
64.26.187.150 - - [01/Oct/2012:22:18:18 +0300] "HEAD /css/homebase.css HTTP/1.1" 403 0 "-" "curl/7.12.1 (i386-redhat-linux-gnu) libcurl/7.12.1 OpenSSL/0.9.7a zlib/1.2.1.2 libidn/0.5.6"
64.26.187.151 - - [01/Oct/2012:22:18:23 +0300] "HEAD /css/homebase.css HTTP/1.1" 403 0 "-" "curl/7.12.1 (x86_64-redhat-linux-gnu) libcurl/7.12.1 OpenSSL/0.9.7a zlib/1.2.1.2 libidn/0.5.6"
91.156.149.75 - - [01/Oct/2012:22:20:37 +0300] "GET /soile HTTP/1.1" 200 1860 "-" "Mozilla/5.0 (Windows NT 6.1; rv:15.0) Gecko/20100101 Firefox/15.0.1"
91.156.149.75 - - [01/Oct/2012:22:22:29 +0300] "GET /soile HTTP/1.1" 200 1897 "-" "Mozilla/5.0 (Windows NT 6.1; rv:15.0) Gecko/20100101 Firefox/15.0.1"
211.152.34.100 - - [01/Oct/2012:22:30:34 +0300] "GET /user/soapCaller.bs HTTP/1.1" 404 238 "-" "Morfeus Fucking Scanner"
91.156.149.75 - - [01/Oct/2012:22:32:04 +0300] "GET /soile HTTP/1.1" 200 2028 "-" "Mozilla/5.0 (Windows NT 6.1; rv:15.0) Gecko/20100101 Firefox/15.0.1"
91.156.149.75 - - [01/Oct/2012:22:32:09 +0300] "GET /soile HTTP/1.1" 200 2028 "-" "Mozilla/5.0 (Windows NT 6.1; rv:15.0) Gecko/20100101 Firefox/15.0.1"
91.156.149.75 - - [01/Oct/2012:22:32:49 +0300] "GET /soile HTTP/1.1" 200 2030 "-" "Mozilla/5.0 (Windows NT 6.1; rv:15.0) Gecko/20100101 Firefox/15.0.1"
91.156.149.75 - - [01/Oct/2012:22:33:54 +0300] "GET /soile HTTP/1.1" 200 2030 "-" "Mozilla/5.0 (Windows NT 6.1; rv:15.0) Gecko/20100101 Firefox/15.0.1"
91.156.149.75 - - [01/Oct/2012:22:38:45 +0300] "GET /soile HTTP/1.1" 200 1975 "-" "Mozilla/5.0 (Windows NT 6.1; rv:15.0) Gecko/20100101 Firefox/15.0.1"
64.26.187.151 - - [01/Oct/2012:22:49:43 +0300] "HEAD /css/homebase.css HTTP/1.1" 403 0 "-" "curl/7.12.1 (x86_64-redhat-linux-gnu) libcurl/7.12.1 OpenSSL/0.9.7a zlib/1.2.1.2 libidn/0.5.6"
91.156.149.75 - - [01/Oct/2012:23:04:45 +0300] "GET /soile HTTP/1.1" 200 5102 "-" "Mozilla/5.0 (Windows NT 6.1; rv:15.0) Gecko/20100101 Firefox/15.0.1"
91.156.149.75 - - [01/Oct/2012:23:06:14 +0300] "GET /soile HTTP/1.1" 200 5102 "-" "Mozilla/5.0 (Windows NT 6.1; rv:15.0) Gecko/20100101 Firefox/15.0.1"
91.156.149.75 - - [01/Oct/2012:23:09:34 +0300] "GET /soile HTTP/1.1" 200 5071 "-" "Mozilla/5.0 (Windows NT 6.1; rv:15.0) Gecko/20100101 Firefox/15.0.1"
91.156.149.75 - - [01/Oct/2012:23:09:37 +0300] "GET /soile HTTP/1.1" 200 5071 "-" "Mozilla/5.0 (Windows NT 6.1; rv:15.0) Gecko/20100101 Firefox/15.0.1"
91.156.149.75 - - [01/Oct/2012:23:10:56 +0300] "GET /soile HTTP/1.1" 200 4941 "-" "Mozilla/5.0 (Windows NT 6.1; rv:15.0) Gecko/20100101 Firefox/15.0.1"
91.156.149.75 - - [01/Oct/2012:23:16:42 +0300] "GET /soile HTTP/1.1" 200 5089 "-" "Mozilla/5.0 (Windows NT 6.1; rv:15.0) Gecko/20100101 Firefox/15.0.1"
91.156.149.75 - - [01/Oct/2012:23:20:11 +0300] "GET /soile HTTP/1.1" 200 5100 "-" "Mozilla/5.0 (Windows NT 6.1; rv:15.0) Gecko/20100101 Firefox/15.0.1"
91.156.149.75 - - [01/Oct/2012:23:20:15 +0300] "GET /soile HTTP/1.1" 200 5100 "-" "Mozilla/5.0 (Windows NT 6.1; rv:15.0) Gecko/20100101 Firefox/15.0.1"
91.156.149.75 - - [01/Oct/2012:23:21:07 +0300] "GET /soile HTTP/1.1" 200 5096 "-" "Mozilla/5.0 (Windows NT 6.1; rv:15.0) Gecko/20100101 Firefox/15.0.1"
64.26.187.150 - - [01/Oct/2012:23:21:51 +0300] "HEAD /css/homebase.css HTTP/1.1" 403 0 "-" "curl/7.12.1 (i386-redhat-linux-gnu) libcurl/7.12.1 OpenSSL/0.9.7a zlib/1.2.1.2 libidn/0.5.6"
91.156.149.75 - - [01/Oct/2012:23:22:05 +0300] "GET /soile HTTP/1.1" 200 5096 "-" "Mozilla/5.0 (Windows NT 6.1; rv:15.0) Gecko/20100101 Firefox/15.0.1"
91.156.149.75 - - [01/Oct/2012:23:26:02 +0300] "GET /soile HTTP/1.1" 200 5096 "-" "Mozilla/5.0 (Windows NT 6.1; rv:15.0) Gecko/20100101 Firefox/15.0.1"
91.156.149.75 - - [01/Oct/2012:23:26:27 +0300] "GET /soile HTTP/1.1" 200 5022 "-" "Mozilla/5.0 (Windows NT 6.1; rv:15.0) Gecko/20100101 Firefox/15.0.1"
91.156.149.75 - - [01/Oct/2012:23:27:44 +0300] "GET /soile HTTP/1.1" 200 4988 "-" "Mozilla/5.0 (Windows NT 6.1; rv:15.0) Gecko/20100101 Firefox/15.0.1"
91.156.149.75 - - [01/Oct/2012:23:35:03 +0300] "GET /soile HTTP/1.1" 200 4967 "-" "Mozilla/5.0 (Windows NT 6.1; rv:15.0) Gecko/20100101 Firefox/15.0.1"
91.156.149.75 - - [01/Oct/2012:23:35:33 +0300] "GET /soile HTTP/1.1" 200 4967 "-" "Mozilla/5.0 (Windows NT 6.1; rv:15.0) Gecko/20100101 Firefox/15.0.1"
91.156.149.75 - - [01/Oct/2012:23:35:36 +0300] "GET /soile HTTP/1.1" 200 4967 "-" "Mozilla/5.0 (Windows NT 6.1; rv:15.0) Gecko/20100101 Firefox/15.0.1"
91.156.149.75 - - [01/Oct/2012:23:35:53 +0300] "GET /soile HTTP/1.1" 200 4965 "-" "Mozilla/5.0 (Windows NT 6.1; rv:15.0) Gecko/20100101 Firefox/15.0.1"
91.156.149.75 - - [01/Oct/2012:23:37:02 +0300] "GET /soile HTTP/1.1" 200 4971 "-" "Mozilla/5.0 (Windows NT 6.1; rv:15.0) Gecko/20100101 Firefox/15.0.1"
91.156.149.75 - - [01/Oct/2012:23:38:32 +0300] "GET /soile HTTP/1.1" 200 4971 "-" "Mozilla/5.0 (Windows NT 6.1; rv:15.0) Gecko/20100101 Firefox/15.0.1"
91.156.149.75 - - [01/Oct/2012:23:38:36 +0300] "GET /soile HTTP/1.1" 200 4971 "-" "Mozilla/5.0 (Windows NT 6.1; rv:15.0) Gecko/20100101 Firefox/15.0.1"
91.156.149.75 - - [01/Oct/2012:23:42:22 +0300] "GET /soile HTTP/1.1" 200 5077 "-" "Mozilla/5.0 (Windows NT 6.1; rv:15.0) Gecko/20100101 Firefox/15.0.1"
64.26.187.150 - - [01/Oct/2012:23:58:44 +0300] "HEAD /css/homebase.css HTTP/1.1" 403 0 "-" "curl/7.12.1 (i386-redhat-linux-gnu) libcurl/7.12.1 OpenSSL/0.9.7a zlib/1.2.1.2 libidn/0.5.6"
64.26.187.151 - - [01/Oct/2012:23:58:47 +0300] "HEAD /css/homebase.css HTTP/1.1" 403 0 "-" "curl/7.12.1 (x86_64-redhat-linux-gnu) libcurl/7.12.1 OpenSSL/0.9.7a zlib/1.2.1.2 libidn/0.5.6"
64.26.187.150 - - [02/Oct/2012:00:35:46 +0300] "HEAD /css/homebase.css HTTP/1.1" 403 0 "-" "curl/7.12.1 (i386-redhat-linux-gnu) libcurl/7.12.1 OpenSSL/0.9.7a zlib/1.2.1.2 libidn/0.5.6"
64.26.187.150 - - [02/Oct/2012:01:12:22 +0300] "HEAD /css/homebase.css HTTP/1.1" 403 0 "-" "curl/7.12.1 (i386-redhat-linux-gnu) libcurl/7.12.1 OpenSSL/0.9.7a zlib/1.2.1.2 libidn/0.5.6"
64.26.187.150 - - [02/Oct/2012:01:48:36 +0300] "HEAD /css/homebase.css HTTP/1.1" 403 0 "-" "curl/7.12.1 (i386-redhat-linux-gnu) libcurl/7.12.1 OpenSSL/0.9.7a zlib/1.2.1.2 libidn/0.5.6"
64.26.187.151 - - [02/Oct/2012:01:48:40 +0300] "HEAD /css/homebase.css HTTP/1.1" 403 0 "-" "curl/7.12.1 (x86_64-redhat-linux-gnu) libcurl/7.12.1 OpenSSL/0.9.7a zlib/1.2.1.2 libidn/0.5.6"
64.26.187.150 - - [02/Oct/2012:02:24:40 +0300] "HEAD /css/homebase.css HTTP/1.1" 403 0 "-" "curl/7.12.1 (i386-redhat-linux-gnu) libcurl/7.12.1 OpenSSL/0.9.7a zlib/1.2.1.2 libidn/0.5.6"
64.26.187.150 - - [02/Oct/2012:03:01:11 +0300] "HEAD /css/homebase.css HTTP/1.1" 403 0 "-" "curl/7.12.1 (i386-redhat-linux-gnu) libcurl/7.12.1 OpenSSL/0.9.7a zlib/1.2.1.2 libidn/0.5.6"
64.26.187.151 - - [02/Oct/2012:03:01:14 +0300] "HEAD /css/homebase.css HTTP/1.1" 403 0 "-" "curl/7.12.1 (x86_64-redhat-linux-gnu) libcurl/7.12.1 OpenSSL/0.9.7a zlib/1.2.1.2 libidn/0.5.6"
115.114.96.22 - - [02/Oct/2012:03:10:26 +0300] "HEAD /manager/status HTTP/1.1" 404 0 "-" "Java/1.6.0_02"
64.26.187.150 - - [02/Oct/2012:03:37:27 +0300] "HEAD /css/homebase.css HTTP/1.1" 403 0 "-" "curl/7.12.1 (i386-redhat-linux-gnu) libcurl/7.12.1 OpenSSL/0.9.7a zlib/1.2.1.2 libidn/0.5.6"
64.26.187.151 - - [02/Oct/2012:03:37:31 +0300] "HEAD /css/homebase.css HTTP/1.1" 403 0 "-" "curl/7.12.1 (x86_64-redhat-linux-gnu) libcurl/7.12.1 OpenSSL/0.9.7a zlib/1.2.1.2 libidn/0.5.6"
64.26.187.150 - - [02/Oct/2012:04:13:25 +0300] "HEAD /css/homebase.css HTTP/1.1" 403 0 "-" "curl/7.12.1 (i386-redhat-linux-gnu) libcurl/7.12.1 OpenSSL/0.9.7a zlib/1.2.1.2 libidn/0.5.6"
64.26.187.151 - - [02/Oct/2012:04:13:29 +0300] "HEAD /css/homebase.css HTTP/1.1" 403 0 "-" "curl/7.12.1 (x86_64-redhat-linux-gnu) libcurl/7.12.1 OpenSSL/0.9.7a zlib/1.2.1.2 libidn/0.5.6"
64.26.187.150 - - [02/Oct/2012:04:49:29 +0300] "HEAD /css/homebase.css HTTP/1.1" 403 0 "-" "curl/7.12.1 (i386-redhat-linux-gnu) libcurl/7.12.1 OpenSSL/0.9.7a zlib/1.2.1.2 libidn/0.5.6"
64.26.187.151 - - [02/Oct/2012:04:49:33 +0300] "HEAD /css/homebase.css HTTP/1.1" 403 0 "-" "curl/7.12.1 (x86_64-redhat-linux-gnu) libcurl/7.12.1 OpenSSL/0.9.7a zlib/1.2.1.2 libidn/0.5.6"
64.26.187.150 - - [02/Oct/2012:05:25:36 +0300] "HEAD /css/homebase.css HTTP/1.1" 403 0 "-" "curl/7.12.1 (i386-redhat-linux-gnu) libcurl/7.12.1 OpenSSL/0.9.7a zlib/1.2.1.2 libidn/0.5.6"
50.23.86.140 - - [02/Oct/2012:05:46:56 +0300] "-" 400 0 "-" "-"
50.23.86.140 - - [02/Oct/2012:05:46:58 +0300] "GET http://phoenix.craigslist.org/ HTTP/1.1" 200 28 "-" "-"
64.26.187.150 - - [02/Oct/2012:06:01:32 +0300] "HEAD /css/homebase.css HTTP/1.1" 403 0 "-" "curl/7.12.1 (i386-redhat-linux-gnu) libcurl/7.12.1 OpenSSL/0.9.7a zlib/1.2.1.2 libidn/0.5.6"
64.26.187.151 - - [02/Oct/2012:06:01:35 +0300] "HEAD /css/homebase.css HTTP/1.1" 403 0 "-" "curl/7.12.1 (x86_64-redhat-linux-gnu) libcurl/7.12.1 OpenSSL/0.9.7a zlib/1.2.1.2 libidn/0.5.6"
64.26.187.150 - - [02/Oct/2012:06:37:13 +0300] "HEAD /css/homebase.css HTTP/1.1" 403 0 "-" "curl/7.12.1 (i386-redhat-linux-gnu) libcurl/7.12.1 OpenSSL/0.9.7a zlib/1.2.1.2 libidn/0.5.6"
64.26.187.150 - - [02/Oct/2012:07:13:20 +0300] "HEAD /css/homebase.css HTTP/1.1" 403 0 "-" "curl/7.12.1 (i386-redhat-linux-gnu) libcurl/7.12.1 OpenSSL/0.9.7a zlib/1.2.1.2 libidn/0.5.6"
64.26.187.151 - - [02/Oct/2012:07:13:23 +0300] "HEAD /css/homebase.css HTTP/1.1" 403 0 "-" "curl/7.12.1 (x86_64-redhat-linux-gnu) libcurl/7.12.1 OpenSSL/0.9.7a zlib/1.2.1.2 libidn/0.5.6"
64.26.187.150 - - [02/Oct/2012:07:49:11 +0300] "HEAD /css/homebase.css HTTP/1.1" 403 0 "-" "curl/7.12.1 (i386-redhat-linux-gnu) libcurl/7.12.1 OpenSSL/0.9.7a zlib/1.2.1.2 libidn/0.5.6"
64.26.187.151 - - [02/Oct/2012:07:49:14 +0300] "HEAD /css/homebase.css HTTP/1.1" 403 0 "-" "curl/7.12.1 (x86_64-redhat-linux-gnu) libcurl/7.12.1 OpenSSL/0.9.7a zlib/1.2.1.2 libidn/0.5.6"
64.26.187.150 - - [02/Oct/2012:08:25:31 +0300] "HEAD /css/homebase.css HTTP/1.1" 403 0 "-" "curl/7.12.1 (i386-redhat-linux-gnu) libcurl/7.12.1 OpenSSL/0.9.7a zlib/1.2.1.2 libidn/0.5.6"
64.26.187.151 - - [02/Oct/2012:08:25:34 +0300] "HEAD /css/homebase.css HTTP/1.1" 403 0 "-" "curl/7.12.1 (x86_64-redhat-linux-gnu) libcurl/7.12.1 OpenSSL/0.9.7a zlib/1.2.1.2 libidn/0.5.6"
64.26.187.150 - - [02/Oct/2012:09:01:50 +0300] "HEAD /css/homebase.css HTTP/1.1" 403 0 "-" "curl/7.12.1 (i386-redhat-linux-gnu) libcurl/7.12.1 OpenSSL/0.9.7a zlib/1.2.1.2 libidn/0.5.6"
64.26.187.151 - - [02/Oct/2012:09:01:54 +0300] "HEAD /css/homebase.css HTTP/1.1" 403 0 "-" "curl/7.12.1 (x86_64-redhat-linux-gnu) libcurl/7.12.1 OpenSSL/0.9.7a zlib/1.2.1.2 libidn/0.5.6"
64.26.187.150 - - [02/Oct/2012:09:38:14 +0300] "HEAD /css/homebase.css HTTP/1.1" 403 0 "-" "curl/7.12.1 (i386-redhat-linux-gnu) libcurl/7.12.1 OpenSSL/0.9.7a zlib/1.2.1.2 libidn/0.5.6"
84.34.152.2 - - [02/Oct/2012:10:08:43 +0300] "GET /soile HTTP/1.1" 200 5077 "-" "Mozilla/5.0 (compatible; MSIE 9.0; Windows NT 6.1; WOW64; Trident/5.0)"
84.34.152.2 - - [02/Oct/2012:10:09:00 +0300] "GET /favicon.ico HTTP/1.1" 404 238 "-" "Mozilla/5.0 (compatible; MSIE 9.0; Windows NT 6.1; WOW64; Trident/5.0)"
84.34.152.2 - - [02/Oct/2012:10:09:15 +0300] "GET /lampo HTTP/1.1" 200 5077 "-" "Mozilla/5.0 (compatible; MSIE 9.0; Windows NT 6.1; WOW64; Trident/5.0)"
84.34.152.2 - - [02/Oct/2012:10:09:33 +0300] "GET /lampo HTTP/1.1" 200 5077 "-" "Mozilla/5.0 (Windows NT 6.1; WOW64; rv:10.0.2) Gecko/20100101 Firefox/10.0.2"
