91.156.149.75 - - [23/Sep/2012:14:42:40 +0300] "GET / HTTP/1.1" 502 166 "-" "Mozilla/5.0 (Windows NT 6.1; rv:15.0) Gecko/20100101 Firefox/15.0.1"
91.156.149.75 - - [23/Sep/2012:14:44:00 +0300] "GET / HTTP/1.1" 502 166 "-" "Mozilla/5.0 (Windows NT 6.1; rv:15.0) Gecko/20100101 Firefox/15.0.1"
91.156.149.75 - - [23/Sep/2012:14:44:00 +0300] "GET /favicon.ico HTTP/1.1" 502 166 "-" "Mozilla/5.0 (Windows NT 6.1; rv:15.0) Gecko/20100101 Firefox/15.0.1"
91.156.149.75 - - [23/Sep/2012:14:44:00 +0300] "GET /favicon.ico HTTP/1.1" 502 166 "-" "Mozilla/5.0 (Windows NT 6.1; rv:15.0) Gecko/20100101 Firefox/15.0.1"
91.156.149.75 - - [23/Sep/2012:14:44:08 +0300] "GET / HTTP/1.1" 502 166 "-" "Mozilla/5.0 (Windows NT 6.1; rv:15.0) Gecko/20100101 Firefox/15.0.1"
91.156.149.75 - - [23/Sep/2012:14:44:10 +0300] "GET / HTTP/1.1" 502 166 "-" "Mozilla/5.0 (Windows NT 6.1; rv:15.0) Gecko/20100101 Firefox/15.0.1"
91.156.149.75 - - [23/Sep/2012:14:44:12 +0300] "GET / HTTP/1.1" 502 166 "-" "Mozilla/5.0 (Windows NT 6.1; rv:15.0) Gecko/20100101 Firefox/15.0.1"
91.156.149.75 - - [23/Sep/2012:14:55:10 +0300] "GET / HTTP/1.1" 200 12 "-" "Mozilla/5.0 (Windows NT 6.1; rv:15.0) Gecko/20100101 Firefox/15.0.1"
64.26.187.151 - - [23/Sep/2012:14:56:10 +0300] "HEAD /css/homebase.css HTTP/1.1" 403 0 "-" "curl/7.12.1 (x86_64-redhat-linux-gnu) libcurl/7.12.1 OpenSSL/0.9.7a zlib/1.2.1.2 libidn/0.5.6"
64.26.187.150 - - [23/Sep/2012:14:56:10 +0300] "HEAD /css/homebase.css HTTP/1.1" 403 0 "-" "curl/7.12.1 (i386-redhat-linux-gnu) libcurl/7.12.1 OpenSSL/0.9.7a zlib/1.2.1.2 libidn/0.5.6"
92.136.173.6 - - [23/Sep/2012:15:08:20 +0300] "l\x14F\xC4+\x1F\x8D\x14e\x81\x10\xB5\xD4$\xF9y\x96\x04$\xFEG\xA9\x09A\xD4\xE3\xE4\x81\x0E\x9Djn\xB2\xB6iqf\xC1;\x87 \x15o\xF9\x8F\xB4\x0E\xEB81\xC9\xC5\xB2\xAD\xBD\x1C\xF9\xB2" 400 166 "-" "-"
91.156.149.75 - - [23/Sep/2012:15:17:28 +0300] "GET / HTTP/1.1" 200 12 "-" "Mozilla/5.0 (Windows NT 6.1; rv:15.0) Gecko/20100101 Firefox/15.0.1"
91.156.149.75 - - [23/Sep/2012:15:19:03 +0300] "GET / HTTP/1.1" 200 24 "-" "Mozilla/5.0 (Windows NT 6.1; rv:15.0) Gecko/20100101 Firefox/15.0.1"
91.156.149.75 - - [23/Sep/2012:15:19:29 +0300] "GET / HTTP/1.1" 200 23 "-" "Mozilla/5.0 (Windows NT 6.1; rv:15.0) Gecko/20100101 Firefox/15.0.1"
91.156.149.75 - - [23/Sep/2012:15:19:54 +0300] "GET / HTTP/1.1" 200 23 "-" "Mozilla/5.0 (Windows NT 6.1; rv:15.0) Gecko/20100101 Firefox/15.0.1"
91.156.149.75 - - [23/Sep/2012:15:19:56 +0300] "GET / HTTP/1.1" 200 23 "-" "Mozilla/5.0 (Windows NT 6.1; rv:15.0) Gecko/20100101 Firefox/15.0.1"
91.156.149.75 - - [23/Sep/2012:15:19:59 +0300] "GET / HTTP/1.1" 200 24 "-" "Mozilla/5.0 (Windows NT 6.1; rv:15.0) Gecko/20100101 Firefox/15.0.1"
66.249.71.13 - - [23/Sep/2012:15:26:36 +0300] "GET /robots.txt HTTP/1.1" 200 24 "-" "Mozilla/5.0 (compatible; Googlebot/2.1; +http://www.google.com/bot.html)"
66.249.71.13 - - [23/Sep/2012:15:26:36 +0300] "GET / HTTP/1.1" 200 24 "-" "SAMSUNG-SGH-E250/1.0 Profile/MIDP-2.0 Configuration/CLDC-1.1 UP.Browser/6.2.3.3.c.1.101 (GUI) MMP/2.0 (compatible; Googlebot-Mobile/2.1; +http://www.google.com/bot.html)"
66.249.71.13 - - [23/Sep/2012:15:30:19 +0300] "GET /?stop&c5cf0109 HTTP/1.1" 200 24 "-" "Mozilla/5.0 (compatible; Googlebot/2.1; +http://www.google.com/bot.html)"
64.26.187.151 - - [23/Sep/2012:15:33:49 +0300] "HEAD /css/homebase.css HTTP/1.1" 403 0 "-" "curl/7.12.1 (x86_64-redhat-linux-gnu) libcurl/7.12.1 OpenSSL/0.9.7a zlib/1.2.1.2 libidn/0.5.6"
64.26.187.150 - - [23/Sep/2012:15:33:51 +0300] "HEAD /css/homebase.css HTTP/1.1" 403 0 "-" "curl/7.12.1 (i386-redhat-linux-gnu) libcurl/7.12.1 OpenSSL/0.9.7a zlib/1.2.1.2 libidn/0.5.6"
64.26.187.151 - - [23/Sep/2012:16:11:29 +0300] "HEAD /css/homebase.css HTTP/1.1" 403 0 "-" "curl/7.12.1 (x86_64-redhat-linux-gnu) libcurl/7.12.1 OpenSSL/0.9.7a zlib/1.2.1.2 libidn/0.5.6"
64.26.187.150 - - [23/Sep/2012:16:11:30 +0300] "HEAD /css/homebase.css HTTP/1.1" 403 0 "-" "curl/7.12.1 (i386-redhat-linux-gnu) libcurl/7.12.1 OpenSSL/0.9.7a zlib/1.2.1.2 libidn/0.5.6"
122.193.16.58 - - [23/Sep/2012:16:34:25 +0300] "HEAD / HTTP/1.0" 200 0 "-" "-"
64.26.187.151 - - [23/Sep/2012:16:49:28 +0300] "HEAD /css/homebase.css HTTP/1.1" 403 0 "-" "curl/7.12.1 (x86_64-redhat-linux-gnu) libcurl/7.12.1 OpenSSL/0.9.7a zlib/1.2.1.2 libidn/0.5.6"
64.26.187.150 - - [23/Sep/2012:16:49:30 +0300] "HEAD /css/homebase.css HTTP/1.1" 403 0 "-" "curl/7.12.1 (i386-redhat-linux-gnu) libcurl/7.12.1 OpenSSL/0.9.7a zlib/1.2.1.2 libidn/0.5.6"
88.159.41.43 - - [23/Sep/2012:17:08:15 +0300] "%\x82\x00>\xC7\xB6\xD4!Z\xAE=\xBB\xE8\xAAZ\xA2I\x0BI\x07\xC4m'\x91`\xD4\x1C" 400 166 "-" "-"
64.26.187.151 - - [23/Sep/2012:17:27:09 +0300] "HEAD /css/homebase.css HTTP/1.1" 403 0 "-" "curl/7.12.1 (x86_64-redhat-linux-gnu) libcurl/7.12.1 OpenSSL/0.9.7a zlib/1.2.1.2 libidn/0.5.6"
64.26.187.150 - - [23/Sep/2012:17:27:11 +0300] "HEAD /css/homebase.css HTTP/1.1" 403 0 "-" "curl/7.12.1 (i386-redhat-linux-gnu) libcurl/7.12.1 OpenSSL/0.9.7a zlib/1.2.1.2 libidn/0.5.6"
64.26.187.151 - - [23/Sep/2012:18:05:03 +0300] "HEAD /css/homebase.css HTTP/1.1" 403 0 "-" "curl/7.12.1 (x86_64-redhat-linux-gnu) libcurl/7.12.1 OpenSSL/0.9.7a zlib/1.2.1.2 libidn/0.5.6"
64.26.187.150 - - [23/Sep/2012:18:05:03 +0300] "HEAD /css/homebase.css HTTP/1.1" 403 0 "-" "curl/7.12.1 (i386-redhat-linux-gnu) libcurl/7.12.1 OpenSSL/0.9.7a zlib/1.2.1.2 libidn/0.5.6"
64.26.187.151 - - [23/Sep/2012:18:42:40 +0300] "HEAD /css/homebase.css HTTP/1.1" 403 0 "-" "curl/7.12.1 (x86_64-redhat-linux-gnu) libcurl/7.12.1 OpenSSL/0.9.7a zlib/1.2.1.2 libidn/0.5.6"
64.26.187.150 - - [23/Sep/2012:18:42:40 +0300] "HEAD /css/homebase.css HTTP/1.1" 403 0 "-" "curl/7.12.1 (i386-redhat-linux-gnu) libcurl/7.12.1 OpenSSL/0.9.7a zlib/1.2.1.2 libidn/0.5.6"
66.249.71.13 - - [23/Sep/2012:18:51:10 +0300] "GET /robots.txt HTTP/1.1" 200 24 "-" "Mozilla/5.0 (compatible; Googlebot/2.1; +http://www.google.com/bot.html)"
66.249.71.13 - - [23/Sep/2012:18:51:10 +0300] "GET / HTTP/1.1" 200 24 "-" "DoCoMo/2.0 N905i(c100;TB;W24H16) (compatible; Googlebot-Mobile/2.1; +http://www.google.com/bot.html)"
64.26.187.150 - - [23/Sep/2012:19:20:28 +0300] "HEAD /css/homebase.css HTTP/1.1" 403 0 "-" "curl/7.12.1 (i386-redhat-linux-gnu) libcurl/7.12.1 OpenSSL/0.9.7a zlib/1.2.1.2 libidn/0.5.6"
64.26.187.151 - - [23/Sep/2012:19:20:28 +0300] "HEAD /css/homebase.css HTTP/1.1" 403 0 "-" "curl/7.12.1 (x86_64-redhat-linux-gnu) libcurl/7.12.1 OpenSSL/0.9.7a zlib/1.2.1.2 libidn/0.5.6"
64.26.187.151 - - [23/Sep/2012:19:58:20 +0300] "HEAD /css/homebase.css HTTP/1.1" 403 0 "-" "curl/7.12.1 (x86_64-redhat-linux-gnu) libcurl/7.12.1 OpenSSL/0.9.7a zlib/1.2.1.2 libidn/0.5.6"
64.26.187.150 - - [23/Sep/2012:19:58:20 +0300] "HEAD /css/homebase.css HTTP/1.1" 403 0 "-" "curl/7.12.1 (i386-redhat-linux-gnu) libcurl/7.12.1 OpenSSL/0.9.7a zlib/1.2.1.2 libidn/0.5.6"
64.26.187.150 - - [23/Sep/2012:20:35:49 +0300] "HEAD /css/homebase.css HTTP/1.1" 403 0 "-" "curl/7.12.1 (i386-redhat-linux-gnu) libcurl/7.12.1 OpenSSL/0.9.7a zlib/1.2.1.2 libidn/0.5.6"
64.26.187.151 - - [23/Sep/2012:20:35:50 +0300] "HEAD /css/homebase.css HTTP/1.1" 403 0 "-" "curl/7.12.1 (x86_64-redhat-linux-gnu) libcurl/7.12.1 OpenSSL/0.9.7a zlib/1.2.1.2 libidn/0.5.6"
64.26.187.151 - - [23/Sep/2012:21:13:43 +0300] "HEAD /css/homebase.css HTTP/1.1" 403 0 "-" "curl/7.12.1 (x86_64-redhat-linux-gnu) libcurl/7.12.1 OpenSSL/0.9.7a zlib/1.2.1.2 libidn/0.5.6"
64.26.187.150 - - [23/Sep/2012:21:13:43 +0300] "HEAD /css/homebase.css HTTP/1.1" 403 0 "-" "curl/7.12.1 (i386-redhat-linux-gnu) libcurl/7.12.1 OpenSSL/0.9.7a zlib/1.2.1.2 libidn/0.5.6"
64.26.187.151 - - [23/Sep/2012:21:51:15 +0300] "HEAD /css/homebase.css HTTP/1.1" 403 0 "-" "curl/7.12.1 (x86_64-redhat-linux-gnu) libcurl/7.12.1 OpenSSL/0.9.7a zlib/1.2.1.2 libidn/0.5.6"
64.26.187.150 - - [23/Sep/2012:21:51:16 +0300] "HEAD /css/homebase.css HTTP/1.1" 403 0 "-" "curl/7.12.1 (i386-redhat-linux-gnu) libcurl/7.12.1 OpenSSL/0.9.7a zlib/1.2.1.2 libidn/0.5.6"
91.156.149.75 - - [23/Sep/2012:22:12:09 +0300] "GET / HTTP/1.1" 200 24 "-" "Mozilla/5.0 (Windows NT 6.1; rv:15.0) Gecko/20100101 Firefox/15.0.1"
91.156.149.75 - - [23/Sep/2012:22:12:09 +0300] "GET /favicon.ico HTTP/1.1" 200 24 "-" "Mozilla/5.0 (Windows NT 6.1; rv:15.0) Gecko/20100101 Firefox/15.0.1"
91.156.149.75 - - [23/Sep/2012:22:12:12 +0300] "GET / HTTP/1.1" 502 166 "-" "Mozilla/5.0 (Windows NT 6.1; rv:15.0) Gecko/20100101 Firefox/15.0.1"
91.156.149.75 - - [23/Sep/2012:22:12:12 +0300] "GET /favicon.ico HTTP/1.1" 502 166 "-" "Mozilla/5.0 (Windows NT 6.1; rv:15.0) Gecko/20100101 Firefox/15.0.1"
91.156.149.75 - - [23/Sep/2012:22:12:13 +0300] "GET /favicon.ico HTTP/1.1" 502 166 "-" "Mozilla/5.0 (Windows NT 6.1; rv:15.0) Gecko/20100101 Firefox/15.0.1"
91.156.149.75 - - [23/Sep/2012:22:12:15 +0300] "-" 400 0 "-" "-"
64.26.187.150 - - [23/Sep/2012:22:28:53 +0300] "HEAD /css/homebase.css HTTP/1.1" 403 0 "-" "curl/7.12.1 (i386-redhat-linux-gnu) libcurl/7.12.1 OpenSSL/0.9.7a zlib/1.2.1.2 libidn/0.5.6"
64.26.187.151 - - [23/Sep/2012:22:28:55 +0300] "HEAD /css/homebase.css HTTP/1.1" 403 0 "-" "curl/7.12.1 (x86_64-redhat-linux-gnu) libcurl/7.12.1 OpenSSL/0.9.7a zlib/1.2.1.2 libidn/0.5.6"
91.156.149.75 - - [23/Sep/2012:22:38:56 +0300] "GET / HTTP/1.1" 502 166 "-" "Mozilla/5.0 (Windows NT 6.1; rv:15.0) Gecko/20100101 Firefox/15.0.1"
91.156.149.75 - - [23/Sep/2012:22:41:43 +0300] "GET / HTTP/1.1" 502 166 "-" "Mozilla/5.0 (Windows NT 6.1; rv:15.0) Gecko/20100101 Firefox/15.0.1"
91.156.149.75 - - [23/Sep/2012:22:41:45 +0300] "GET / HTTP/1.1" 502 166 "-" "Mozilla/5.0 (Windows NT 6.1; rv:15.0) Gecko/20100101 Firefox/15.0.1"
91.156.149.75 - - [23/Sep/2012:22:45:27 +0300] "GET / HTTP/1.1" 502 166 "-" "Mozilla/5.0 (Windows NT 6.1; rv:15.0) Gecko/20100101 Firefox/15.0.1"
91.156.149.75 - - [23/Sep/2012:22:45:30 +0300] "GET / HTTP/1.1" 502 166 "-" "Mozilla/5.0 (Windows NT 6.1; rv:15.0) Gecko/20100101 Firefox/15.0.1"
91.156.149.75 - - [23/Sep/2012:22:45:31 +0300] "GET / HTTP/1.1" 502 166 "-" "Mozilla/5.0 (Windows NT 6.1; rv:15.0) Gecko/20100101 Firefox/15.0.1"
91.156.149.75 - - [23/Sep/2012:22:46:41 +0300] "GET / HTTP/1.1" 502 166 "-" "Mozilla/5.0 (Windows NT 6.1; rv:15.0) Gecko/20100101 Firefox/15.0.1"
91.156.149.75 - - [23/Sep/2012:22:50:21 +0300] "GET / HTTP/1.1" 502 166 "-" "Mozilla/5.0 (Windows NT 6.1; rv:15.0) Gecko/20100101 Firefox/15.0.1"
91.156.149.75 - - [23/Sep/2012:22:50:30 +0300] "GET / HTTP/1.1" 500 59 "-" "Mozilla/5.0 (Windows NT 6.1; rv:15.0) Gecko/20100101 Firefox/15.0.1"
91.156.149.75 - - [23/Sep/2012:22:50:34 +0300] "GET / HTTP/1.1" 500 59 "-" "Mozilla/5.0 (Windows NT 6.1; rv:15.0) Gecko/20100101 Firefox/15.0.1"
91.156.149.75 - - [23/Sep/2012:22:50:58 +0300] "GET / HTTP/1.1" 502 166 "-" "Mozilla/5.0 (Windows NT 6.1; rv:15.0) Gecko/20100101 Firefox/15.0.1"
91.156.149.75 - - [23/Sep/2012:22:51:06 +0300] "GET / HTTP/1.1" 500 59 "-" "Mozilla/5.0 (Windows NT 6.1; rv:15.0) Gecko/20100101 Firefox/15.0.1"
91.156.149.75 - - [23/Sep/2012:22:56:06 +0300] "GET /lampoalpplication HTTP/1.1" 502 166 "-" "Mozilla/5.0 (Windows NT 6.1; rv:15.0) Gecko/20100101 Firefox/15.0.1"
91.156.149.75 - - [23/Sep/2012:22:56:13 +0300] "GET /lampoapplication HTTP/1.1" 502 166 "-" "Mozilla/5.0 (Windows NT 6.1; rv:15.0) Gecko/20100101 Firefox/15.0.1"
91.156.149.75 - - [23/Sep/2012:22:56:16 +0300] "GET /lampoapplication HTTP/1.1" 502 166 "-" "Mozilla/5.0 (Windows NT 6.1; rv:15.0) Gecko/20100101 Firefox/15.0.1"
91.156.149.75 - - [23/Sep/2012:22:56:36 +0300] "GET /lampoapplication HTTP/1.1" 502 166 "-" "Mozilla/5.0 (Windows NT 6.1; rv:15.0) Gecko/20100101 Firefox/15.0.1"
91.156.149.75 - - [23/Sep/2012:22:56:38 +0300] "GET /lampoapplication HTTP/1.1" 502 166 "-" "Mozilla/5.0 (Windows NT 6.1; rv:15.0) Gecko/20100101 Firefox/15.0.1"
91.156.149.75 - - [23/Sep/2012:22:56:40 +0300] "GET /lampoapplication HTTP/1.1" 502 166 "-" "Mozilla/5.0 (Windows NT 6.1; rv:15.0) Gecko/20100101 Firefox/15.0.1"
91.156.149.75 - - [23/Sep/2012:22:56:41 +0300] "GET /lampoapplication HTTP/1.1" 502 166 "-" "Mozilla/5.0 (Windows NT 6.1; rv:15.0) Gecko/20100101 Firefox/15.0.1"
91.156.149.75 - - [23/Sep/2012:22:56:52 +0300] "GET / HTTP/1.1" 502 166 "-" "Mozilla/5.0 (Windows NT 6.1; rv:15.0) Gecko/20100101 Firefox/15.0.1"
91.156.149.75 - - [23/Sep/2012:22:56:56 +0300] "GET / HTTP/1.1" 502 166 "-" "Mozilla/5.0 (Windows NT 6.1; rv:15.0) Gecko/20100101 Firefox/15.0.1"
91.156.149.75 - - [23/Sep/2012:22:56:58 +0300] "GET / HTTP/1.1" 502 166 "-" "Mozilla/5.0 (Windows NT 6.1; rv:15.0) Gecko/20100101 Firefox/15.0.1"
91.156.149.75 - - [23/Sep/2012:22:57:03 +0300] "GET /lampoapplication HTTP/1.1" 502 166 "-" "Mozilla/5.0 (Windows NT 6.1; rv:15.0) Gecko/20100101 Firefox/15.0.1"
91.156.149.75 - - [23/Sep/2012:22:57:05 +0300] "GET /lampoapplication HTTP/1.1" 502 166 "-" "Mozilla/5.0 (Windows NT 6.1; rv:15.0) Gecko/20100101 Firefox/15.0.1"
91.156.149.75 - - [23/Sep/2012:23:04:36 +0300] "GET /lampoapplication HTTP/1.1" 404 238 "-" "Mozilla/5.0 (Windows NT 6.1; rv:15.0) Gecko/20100101 Firefox/15.0.1"
91.156.149.75 - - [23/Sep/2012:23:04:47 +0300] "GET / HTTP/1.1" 200 12 "-" "Mozilla/5.0 (Windows NT 6.1; rv:15.0) Gecko/20100101 Firefox/15.0.1"
64.26.187.150 - - [23/Sep/2012:23:06:19 +0300] "HEAD /css/homebase.css HTTP/1.1" 403 0 "-" "curl/7.12.1 (i386-redhat-linux-gnu) libcurl/7.12.1 OpenSSL/0.9.7a zlib/1.2.1.2 libidn/0.5.6"
64.26.187.151 - - [23/Sep/2012:23:06:20 +0300] "HEAD /css/homebase.css HTTP/1.1" 403 0 "-" "curl/7.12.1 (x86_64-redhat-linux-gnu) libcurl/7.12.1 OpenSSL/0.9.7a zlib/1.2.1.2 libidn/0.5.6"
91.156.149.75 - - [23/Sep/2012:23:13:01 +0300] "GET / HTTP/1.1" 200 12 "-" "Mozilla/5.0 (Windows NT 6.1; rv:15.0) Gecko/20100101 Firefox/15.0.1"
91.156.149.75 - - [23/Sep/2012:23:13:10 +0300] "GET / HTTP/1.1" 502 166 "-" "Mozilla/5.0 (Windows NT 6.1; rv:15.0) Gecko/20100101 Firefox/15.0.1"
91.156.149.75 - - [23/Sep/2012:23:24:15 +0300] "GET / HTTP/1.1" 502 166 "-" "Mozilla/5.0 (Windows NT 6.1; rv:15.0) Gecko/20100101 Firefox/15.0.1"
91.156.149.75 - - [23/Sep/2012:23:24:19 +0300] "GET / HTTP/1.1" 500 59 "-" "Mozilla/5.0 (Windows NT 6.1; rv:15.0) Gecko/20100101 Firefox/15.0.1"
91.156.149.75 - - [23/Sep/2012:23:24:22 +0300] "GET / HTTP/1.1" 500 59 "-" "Mozilla/5.0 (Windows NT 6.1; rv:15.0) Gecko/20100101 Firefox/15.0.1"
91.156.149.75 - - [23/Sep/2012:23:25:56 +0300] "GET / HTTP/1.1" 500 59 "-" "Mozilla/5.0 (Windows NT 6.1; rv:15.0) Gecko/20100101 Firefox/15.0.1"
91.156.149.75 - - [23/Sep/2012:23:25:58 +0300] "GET / HTTP/1.1" 500 59 "-" "Mozilla/5.0 (Windows NT 6.1; rv:15.0) Gecko/20100101 Firefox/15.0.1"
91.156.149.75 - - [23/Sep/2012:23:26:00 +0300] "GET / HTTP/1.1" 500 59 "-" "Mozilla/5.0 (Windows NT 6.1; rv:15.0) Gecko/20100101 Firefox/15.0.1"
91.156.149.75 - - [23/Sep/2012:23:26:01 +0300] "GET / HTTP/1.1" 500 59 "-" "Mozilla/5.0 (Windows NT 6.1; rv:15.0) Gecko/20100101 Firefox/15.0.1"
91.156.149.75 - - [23/Sep/2012:23:26:02 +0300] "GET / HTTP/1.1" 500 59 "-" "Mozilla/5.0 (Windows NT 6.1; rv:15.0) Gecko/20100101 Firefox/15.0.1"
91.156.149.75 - - [23/Sep/2012:23:26:03 +0300] "GET / HTTP/1.1" 500 59 "-" "Mozilla/5.0 (Windows NT 6.1; rv:15.0) Gecko/20100101 Firefox/15.0.1"
91.156.149.75 - - [23/Sep/2012:23:26:04 +0300] "GET / HTTP/1.1" 500 59 "-" "Mozilla/5.0 (Windows NT 6.1; rv:15.0) Gecko/20100101 Firefox/15.0.1"
91.156.149.75 - - [23/Sep/2012:23:26:06 +0300] "GET / HTTP/1.1" 500 59 "-" "Mozilla/5.0 (Windows NT 6.1; rv:15.0) Gecko/20100101 Firefox/15.0.1"
91.156.149.75 - - [23/Sep/2012:23:26:36 +0300] "GET / HTTP/1.1" 500 59 "-" "Mozilla/5.0 (Windows NT 6.1; rv:15.0) Gecko/20100101 Firefox/15.0.1"
91.156.149.75 - - [23/Sep/2012:23:26:37 +0300] "GET / HTTP/1.1" 500 59 "-" "Mozilla/5.0 (Windows NT 6.1; rv:15.0) Gecko/20100101 Firefox/15.0.1"
91.156.149.75 - - [23/Sep/2012:23:26:39 +0300] "GET / HTTP/1.1" 500 59 "-" "Mozilla/5.0 (Windows NT 6.1; rv:15.0) Gecko/20100101 Firefox/15.0.1"
91.156.149.75 - - [23/Sep/2012:23:26:40 +0300] "GET / HTTP/1.1" 500 59 "-" "Mozilla/5.0 (Windows NT 6.1; rv:15.0) Gecko/20100101 Firefox/15.0.1"
91.156.149.75 - - [23/Sep/2012:23:26:41 +0300] "GET / HTTP/1.1" 500 59 "-" "Mozilla/5.0 (Windows NT 6.1; rv:15.0) Gecko/20100101 Firefox/15.0.1"
91.156.149.75 - - [23/Sep/2012:23:26:45 +0300] "GET /lampo HTTP/1.1" 500 59 "-" "Mozilla/5.0 (Windows NT 6.1; rv:15.0) Gecko/20100101 Firefox/15.0.1"
91.156.149.75 - - [23/Sep/2012:23:26:48 +0300] "GET / HTTP/1.1" 500 59 "-" "Mozilla/5.0 (Windows NT 6.1; rv:15.0) Gecko/20100101 Firefox/15.0.1"
91.156.149.75 - - [23/Sep/2012:23:26:50 +0300] "GET / HTTP/1.1" 500 59 "-" "Mozilla/5.0 (Windows NT 6.1; rv:15.0) Gecko/20100101 Firefox/15.0.1"
91.156.149.75 - - [23/Sep/2012:23:27:45 +0300] "GET / HTTP/1.1" 200 12 "-" "Mozilla/5.0 (Windows NT 6.1; rv:15.0) Gecko/20100101 Firefox/15.0.1"
91.156.149.75 - - [23/Sep/2012:23:33:44 +0300] "GET / HTTP/1.1" 500 59 "-" "Mozilla/5.0 (Windows NT 6.1; rv:15.0) Gecko/20100101 Firefox/15.0.1"
91.156.149.75 - - [23/Sep/2012:23:33:46 +0300] "GET / HTTP/1.1" 500 59 "-" "Mozilla/5.0 (Windows NT 6.1; rv:15.0) Gecko/20100101 Firefox/15.0.1"
91.156.149.75 - - [23/Sep/2012:23:40:30 +0300] "GET / HTTP/1.1" 200 12 "-" "Mozilla/5.0 (Windows NT 6.1; rv:15.0) Gecko/20100101 Firefox/15.0.1"
91.156.149.75 - - [23/Sep/2012:23:42:24 +0300] "GET / HTTP/1.1" 500 59 "-" "Mozilla/5.0 (Windows NT 6.1; rv:15.0) Gecko/20100101 Firefox/15.0.1"
91.156.149.75 - - [23/Sep/2012:23:42:26 +0300] "GET / HTTP/1.1" 500 59 "-" "Mozilla/5.0 (Windows NT 6.1; rv:15.0) Gecko/20100101 Firefox/15.0.1"
91.156.149.75 - - [23/Sep/2012:23:42:27 +0300] "GET / HTTP/1.1" 500 59 "-" "Mozilla/5.0 (Windows NT 6.1; rv:15.0) Gecko/20100101 Firefox/15.0.1"
91.156.149.75 - - [23/Sep/2012:23:42:27 +0300] "GET / HTTP/1.1" 500 59 "-" "Mozilla/5.0 (Windows NT 6.1; rv:15.0) Gecko/20100101 Firefox/15.0.1"
91.156.149.75 - - [23/Sep/2012:23:42:29 +0300] "GET / HTTP/1.1" 500 59 "-" "Mozilla/5.0 (Windows NT 6.1; rv:15.0) Gecko/20100101 Firefox/15.0.1"
91.156.149.75 - - [23/Sep/2012:23:42:31 +0300] "GET / HTTP/1.1" 500 59 "-" "Mozilla/5.0 (Windows NT 6.1; rv:15.0) Gecko/20100101 Firefox/15.0.1"
91.156.149.75 - - [23/Sep/2012:23:43:35 +0300] "GET / HTTP/1.1" 500 59 "-" "Mozilla/5.0 (Windows NT 6.1; rv:15.0) Gecko/20100101 Firefox/15.0.1"
91.156.149.75 - - [23/Sep/2012:23:43:35 +0300] "GET / HTTP/1.1" 500 59 "-" "Mozilla/5.0 (Windows NT 6.1; rv:15.0) Gecko/20100101 Firefox/15.0.1"
91.156.149.75 - - [23/Sep/2012:23:43:36 +0300] "GET / HTTP/1.1" 500 59 "-" "Mozilla/5.0 (Windows NT 6.1; rv:15.0) Gecko/20100101 Firefox/15.0.1"
64.26.187.150 - - [23/Sep/2012:23:43:59 +0300] "HEAD /css/homebase.css HTTP/1.1" 403 0 "-" "curl/7.12.1 (i386-redhat-linux-gnu) libcurl/7.12.1 OpenSSL/0.9.7a zlib/1.2.1.2 libidn/0.5.6"
64.26.187.151 - - [23/Sep/2012:23:43:59 +0300] "HEAD /css/homebase.css HTTP/1.1" 403 0 "-" "curl/7.12.1 (x86_64-redhat-linux-gnu) libcurl/7.12.1 OpenSSL/0.9.7a zlib/1.2.1.2 libidn/0.5.6"
91.156.149.75 - - [23/Sep/2012:23:58:36 +0300] "GET / HTTP/1.1" 200 28 "-" "Mozilla/5.0 (Windows NT 6.1; rv:15.0) Gecko/20100101 Firefox/15.0.1"
91.156.149.75 - - [23/Sep/2012:23:58:43 +0300] "GET / HTTP/1.1" 200 28 "-" "Mozilla/5.0 (Windows NT 6.1; rv:15.0) Gecko/20100101 Firefox/15.0.1"
91.156.149.75 - - [23/Sep/2012:23:58:44 +0300] "GET / HTTP/1.1" 200 28 "-" "Mozilla/5.0 (Windows NT 6.1; rv:15.0) Gecko/20100101 Firefox/15.0.1"
91.156.149.75 - - [23/Sep/2012:23:58:45 +0300] "GET / HTTP/1.1" 200 28 "-" "Mozilla/5.0 (Windows NT 6.1; rv:15.0) Gecko/20100101 Firefox/15.0.1"
91.156.149.75 - - [23/Sep/2012:23:58:45 +0300] "GET / HTTP/1.1" 200 28 "-" "Mozilla/5.0 (Windows NT 6.1; rv:15.0) Gecko/20100101 Firefox/15.0.1"
91.156.149.75 - - [23/Sep/2012:23:58:46 +0300] "GET / HTTP/1.1" 200 28 "-" "Mozilla/5.0 (Windows NT 6.1; rv:15.0) Gecko/20100101 Firefox/15.0.1"
91.156.149.75 - - [24/Sep/2012:00:01:45 +0300] "-" 400 0 "-" "-"
91.156.149.75 - - [24/Sep/2012:00:01:47 +0300] "GET /user/tomi HTTP/1.1" 200 9 "-" "Mozilla/5.0 (Windows NT 6.1; rv:15.0) Gecko/20100101 Firefox/15.0.1"
91.156.149.75 - - [24/Sep/2012:00:11:45 +0300] "GET /lampo HTTP/1.1" 500 59 "-" "Mozilla/5.0 (Windows NT 6.1; rv:15.0) Gecko/20100101 Firefox/15.0.1"
91.156.149.75 - - [24/Sep/2012:00:11:48 +0300] "GET /lampo HTTP/1.1" 500 59 "-" "Mozilla/5.0 (Windows NT 6.1; rv:15.0) Gecko/20100101 Firefox/15.0.1"
91.156.149.75 - - [24/Sep/2012:00:13:54 +0300] "GET /lampo HTTP/1.1" 500 291 "-" "Mozilla/5.0 (Windows NT 6.1; rv:15.0) Gecko/20100101 Firefox/15.0.1"
91.156.149.75 - - [24/Sep/2012:00:14:01 +0300] "GET /lampo HTTP/1.1" 500 291 "-" "Mozilla/5.0 (Windows NT 6.1; rv:15.0) Gecko/20100101 Firefox/15.0.1"
91.156.149.75 - - [24/Sep/2012:00:14:02 +0300] "GET /lampo HTTP/1.1" 500 291 "-" "Mozilla/5.0 (Windows NT 6.1; rv:15.0) Gecko/20100101 Firefox/15.0.1"
91.156.149.75 - - [24/Sep/2012:00:14:03 +0300] "GET /lampo HTTP/1.1" 500 291 "-" "Mozilla/5.0 (Windows NT 6.1; rv:15.0) Gecko/20100101 Firefox/15.0.1"
91.156.149.75 - - [24/Sep/2012:00:16:26 +0300] "GET /lampo HTTP/1.1" 200 7353 "-" "Mozilla/5.0 (Windows NT 6.1; rv:15.0) Gecko/20100101 Firefox/15.0.1"
91.156.149.75 - - [24/Sep/2012:00:16:27 +0300] "GET /styles/screen.css HTTP/1.1" 404 238 "http://paawo.dy.fi/lampo" "Mozilla/5.0 (Windows NT 6.1; rv:15.0) Gecko/20100101 Firefox/15.0.1"
91.156.149.75 - - [24/Sep/2012:00:16:27 +0300] "GET /styles/mobile.css HTTP/1.1" 404 238 "http://paawo.dy.fi/lampo" "Mozilla/5.0 (Windows NT 6.1; rv:15.0) Gecko/20100101 Firefox/15.0.1"
91.156.149.75 - - [24/Sep/2012:00:16:27 +0300] "GET /scripts/jquery.js HTTP/1.1" 404 238 "http://paawo.dy.fi/lampo" "Mozilla/5.0 (Windows NT 6.1; rv:15.0) Gecko/20100101 Firefox/15.0.1"
91.156.149.75 - - [24/Sep/2012:00:16:31 +0300] "-" 400 0 "-" "-"
91.156.149.75 - - [24/Sep/2012:00:16:31 +0300] "-" 400 0 "-" "-"
91.156.149.75 - - [24/Sep/2012:00:16:55 +0300] "GET /ajax.html HTTP/1.1" 404 238 "http://paawo.dy.fi/lampo" "Mozilla/5.0 (Windows NT 6.1; rv:15.0) Gecko/20100101 Firefox/15.0.1"
64.26.187.150 - - [24/Sep/2012:00:21:42 +0300] "HEAD /css/homebase.css HTTP/1.1" 403 0 "-" "curl/7.12.1 (i386-redhat-linux-gnu) libcurl/7.12.1 OpenSSL/0.9.7a zlib/1.2.1.2 libidn/0.5.6"
64.26.187.151 - - [24/Sep/2012:00:21:42 +0300] "HEAD /css/homebase.css HTTP/1.1" 403 0 "-" "curl/7.12.1 (x86_64-redhat-linux-gnu) libcurl/7.12.1 OpenSSL/0.9.7a zlib/1.2.1.2 libidn/0.5.6"
91.156.149.75 - - [24/Sep/2012:00:22:59 +0300] "GET /lampo HTTP/1.1" 200 7353 "-" "Mozilla/5.0 (Windows NT 6.1; rv:15.0) Gecko/20100101 Firefox/15.0.1"
91.156.149.75 - - [24/Sep/2012:00:22:59 +0300] "GET /scripts/jquery.js HTTP/1.1" 404 238 "http://paawo.dy.fi/lampo" "Mozilla/5.0 (Windows NT 6.1; rv:15.0) Gecko/20100101 Firefox/15.0.1"
91.156.149.75 - - [24/Sep/2012:00:22:59 +0300] "GET /styles/mobile.css HTTP/1.1" 404 238 "http://paawo.dy.fi/lampo" "Mozilla/5.0 (Windows NT 6.1; rv:15.0) Gecko/20100101 Firefox/15.0.1"
91.156.149.75 - - [24/Sep/2012:00:22:59 +0300] "GET /styles/screen.css HTTP/1.1" 404 238 "http://paawo.dy.fi/lampo" "Mozilla/5.0 (Windows NT 6.1; rv:15.0) Gecko/20100101 Firefox/15.0.1"
91.156.149.75 - - [24/Sep/2012:00:23:02 +0300] "GET /lampo HTTP/1.1" 200 7353 "-" "Mozilla/5.0 (Windows NT 6.1; rv:15.0) Gecko/20100101 Firefox/15.0.1"
91.156.149.75 - - [24/Sep/2012:00:23:02 +0300] "GET /scripts/jquery.js HTTP/1.1" 404 238 "http://paawo.dy.fi/lampo" "Mozilla/5.0 (Windows NT 6.1; rv:15.0) Gecko/20100101 Firefox/15.0.1"
91.156.149.75 - - [24/Sep/2012:00:23:02 +0300] "GET /styles/mobile.css HTTP/1.1" 404 238 "http://paawo.dy.fi/lampo" "Mozilla/5.0 (Windows NT 6.1; rv:15.0) Gecko/20100101 Firefox/15.0.1"
91.156.149.75 - - [24/Sep/2012:00:23:02 +0300] "GET /styles/screen.css HTTP/1.1" 404 238 "http://paawo.dy.fi/lampo" "Mozilla/5.0 (Windows NT 6.1; rv:15.0) Gecko/20100101 Firefox/15.0.1"
91.156.149.75 - - [24/Sep/2012:00:23:05 +0300] "-" 400 0 "-" "-"
91.156.149.75 - - [24/Sep/2012:00:23:10 +0300] "GET /lampo HTTP/1.1" 502 166 "-" "Mozilla/5.0 (Windows NT 6.1; rv:15.0) Gecko/20100101 Firefox/15.0.1"
91.156.149.75 - - [24/Sep/2012:00:23:20 +0300] "GET /lampo HTTP/1.1" 200 843 "-" "Mozilla/5.0 (Windows NT 6.1; rv:15.0) Gecko/20100101 Firefox/15.0.1"
91.156.149.75 - - [24/Sep/2012:00:23:23 +0300] "GET /lampo HTTP/1.1" 200 843 "-" "Mozilla/5.0 (Windows NT 6.1; rv:15.0) Gecko/20100101 Firefox/15.0.1"
91.156.149.75 - - [24/Sep/2012:00:29:51 +0300] "GET /lampo HTTP/1.1" 200 843 "-" "Mozilla/5.0 (Windows NT 6.1; rv:15.0) Gecko/20100101 Firefox/15.0.1"
91.156.149.75 - - [24/Sep/2012:00:30:14 +0300] "GET /lampo HTTP/1.1" 200 847 "-" "Mozilla/5.0 (Windows NT 6.1; rv:15.0) Gecko/20100101 Firefox/15.0.1"
64.26.187.150 - - [24/Sep/2012:00:59:21 +0300] "HEAD /css/homebase.css HTTP/1.1" 403 0 "-" "curl/7.12.1 (i386-redhat-linux-gnu) libcurl/7.12.1 OpenSSL/0.9.7a zlib/1.2.1.2 libidn/0.5.6"
64.26.187.151 - - [24/Sep/2012:00:59:21 +0300] "HEAD /css/homebase.css HTTP/1.1" 403 0 "-" "curl/7.12.1 (x86_64-redhat-linux-gnu) libcurl/7.12.1 OpenSSL/0.9.7a zlib/1.2.1.2 libidn/0.5.6"
64.26.187.151 - - [24/Sep/2012:01:36:50 +0300] "HEAD /css/homebase.css HTTP/1.1" 403 0 "-" "curl/7.12.1 (x86_64-redhat-linux-gnu) libcurl/7.12.1 OpenSSL/0.9.7a zlib/1.2.1.2 libidn/0.5.6"
64.26.187.150 - - [24/Sep/2012:01:36:50 +0300] "HEAD /css/homebase.css HTTP/1.1" 403 0 "-" "curl/7.12.1 (i386-redhat-linux-gnu) libcurl/7.12.1 OpenSSL/0.9.7a zlib/1.2.1.2 libidn/0.5.6"
64.26.187.151 - - [24/Sep/2012:02:14:18 +0300] "HEAD /css/homebase.css HTTP/1.1" 403 0 "-" "curl/7.12.1 (x86_64-redhat-linux-gnu) libcurl/7.12.1 OpenSSL/0.9.7a zlib/1.2.1.2 libidn/0.5.6"
64.26.187.150 - - [24/Sep/2012:02:14:18 +0300] "HEAD /css/homebase.css HTTP/1.1" 403 0 "-" "curl/7.12.1 (i386-redhat-linux-gnu) libcurl/7.12.1 OpenSSL/0.9.7a zlib/1.2.1.2 libidn/0.5.6"
64.26.187.150 - - [24/Sep/2012:02:51:22 +0300] "HEAD /css/homebase.css HTTP/1.1" 403 0 "-" "curl/7.12.1 (i386-redhat-linux-gnu) libcurl/7.12.1 OpenSSL/0.9.7a zlib/1.2.1.2 libidn/0.5.6"
64.26.187.151 - - [24/Sep/2012:02:51:23 +0300] "HEAD /css/homebase.css HTTP/1.1" 403 0 "-" "curl/7.12.1 (x86_64-redhat-linux-gnu) libcurl/7.12.1 OpenSSL/0.9.7a zlib/1.2.1.2 libidn/0.5.6"
64.26.187.150 - - [24/Sep/2012:03:28:57 +0300] "HEAD /css/homebase.css HTTP/1.1" 403 0 "-" "curl/7.12.1 (i386-redhat-linux-gnu) libcurl/7.12.1 OpenSSL/0.9.7a zlib/1.2.1.2 libidn/0.5.6"
64.26.187.151 - - [24/Sep/2012:03:28:57 +0300] "HEAD /css/homebase.css HTTP/1.1" 403 0 "-" "curl/7.12.1 (x86_64-redhat-linux-gnu) libcurl/7.12.1 OpenSSL/0.9.7a zlib/1.2.1.2 libidn/0.5.6"
64.26.187.151 - - [24/Sep/2012:04:06:04 +0300] "HEAD /css/homebase.css HTTP/1.1" 403 0 "-" "curl/7.12.1 (x86_64-redhat-linux-gnu) libcurl/7.12.1 OpenSSL/0.9.7a zlib/1.2.1.2 libidn/0.5.6"
64.26.187.150 - - [24/Sep/2012:04:06:04 +0300] "HEAD /css/homebase.css HTTP/1.1" 403 0 "-" "curl/7.12.1 (i386-redhat-linux-gnu) libcurl/7.12.1 OpenSSL/0.9.7a zlib/1.2.1.2 libidn/0.5.6"
64.26.187.150 - - [24/Sep/2012:04:43:05 +0300] "HEAD /css/homebase.css HTTP/1.1" 403 0 "-" "curl/7.12.1 (i386-redhat-linux-gnu) libcurl/7.12.1 OpenSSL/0.9.7a zlib/1.2.1.2 libidn/0.5.6"
64.26.187.151 - - [24/Sep/2012:04:43:05 +0300] "HEAD /css/homebase.css HTTP/1.1" 403 0 "-" "curl/7.12.1 (x86_64-redhat-linux-gnu) libcurl/7.12.1 OpenSSL/0.9.7a zlib/1.2.1.2 libidn/0.5.6"
64.26.187.151 - - [24/Sep/2012:05:20:24 +0300] "HEAD /css/homebase.css HTTP/1.1" 403 0 "-" "curl/7.12.1 (x86_64-redhat-linux-gnu) libcurl/7.12.1 OpenSSL/0.9.7a zlib/1.2.1.2 libidn/0.5.6"
64.26.187.150 - - [24/Sep/2012:05:20:24 +0300] "HEAD /css/homebase.css HTTP/1.1" 403 0 "-" "curl/7.12.1 (i386-redhat-linux-gnu) libcurl/7.12.1 OpenSSL/0.9.7a zlib/1.2.1.2 libidn/0.5.6"
64.26.187.151 - - [24/Sep/2012:05:57:39 +0300] "HEAD /css/homebase.css HTTP/1.1" 403 0 "-" "curl/7.12.1 (x86_64-redhat-linux-gnu) libcurl/7.12.1 OpenSSL/0.9.7a zlib/1.2.1.2 libidn/0.5.6"
64.26.187.150 - - [24/Sep/2012:05:57:40 +0300] "HEAD /css/homebase.css HTTP/1.1" 403 0 "-" "curl/7.12.1 (i386-redhat-linux-gnu) libcurl/7.12.1 OpenSSL/0.9.7a zlib/1.2.1.2 libidn/0.5.6"
64.26.187.150 - - [24/Sep/2012:06:34:37 +0300] "HEAD /css/homebase.css HTTP/1.1" 403 0 "-" "curl/7.12.1 (i386-redhat-linux-gnu) libcurl/7.12.1 OpenSSL/0.9.7a zlib/1.2.1.2 libidn/0.5.6"
66.249.71.13 - - [24/Sep/2012:06:35:41 +0300] "GET /robots.txt HTTP/1.1" 404 238 "-" "Mozilla/5.0 (compatible; Googlebot/2.1; +http://www.google.com/bot.html)"
66.249.71.13 - - [24/Sep/2012:06:35:42 +0300] "GET / HTTP/1.1" 200 28 "-" "Mozilla/5.0 (compatible; Googlebot/2.1; +http://www.google.com/bot.html)"
64.26.187.150 - - [24/Sep/2012:07:11:22 +0300] "HEAD /css/homebase.css HTTP/1.1" 403 0 "-" "curl/7.12.1 (i386-redhat-linux-gnu) libcurl/7.12.1 OpenSSL/0.9.7a zlib/1.2.1.2 libidn/0.5.6"
64.26.187.151 - - [24/Sep/2012:07:11:22 +0300] "HEAD /css/homebase.css HTTP/1.1" 403 0 "-" "curl/7.12.1 (x86_64-redhat-linux-gnu) libcurl/7.12.1 OpenSSL/0.9.7a zlib/1.2.1.2 libidn/0.5.6"
64.26.187.150 - - [24/Sep/2012:07:48:47 +0300] "HEAD /css/homebase.css HTTP/1.1" 403 0 "-" "curl/7.12.1 (i386-redhat-linux-gnu) libcurl/7.12.1 OpenSSL/0.9.7a zlib/1.2.1.2 libidn/0.5.6"
64.26.187.151 - - [24/Sep/2012:07:48:50 +0300] "HEAD /css/homebase.css HTTP/1.1" 403 0 "-" "curl/7.12.1 (x86_64-redhat-linux-gnu) libcurl/7.12.1 OpenSSL/0.9.7a zlib/1.2.1.2 libidn/0.5.6"
64.26.187.150 - - [24/Sep/2012:08:25:48 +0300] "HEAD /css/homebase.css HTTP/1.1" 403 0 "-" "curl/7.12.1 (i386-redhat-linux-gnu) libcurl/7.12.1 OpenSSL/0.9.7a zlib/1.2.1.2 libidn/0.5.6"
64.26.187.151 - - [24/Sep/2012:08:25:50 +0300] "HEAD /css/homebase.css HTTP/1.1" 403 0 "-" "curl/7.12.1 (x86_64-redhat-linux-gnu) libcurl/7.12.1 OpenSSL/0.9.7a zlib/1.2.1.2 libidn/0.5.6"
64.26.187.150 - - [24/Sep/2012:09:03:03 +0300] "HEAD /css/homebase.css HTTP/1.1" 403 0 "-" "curl/7.12.1 (i386-redhat-linux-gnu) libcurl/7.12.1 OpenSSL/0.9.7a zlib/1.2.1.2 libidn/0.5.6"
64.26.187.151 - - [24/Sep/2012:09:03:03 +0300] "HEAD /css/homebase.css HTTP/1.1" 403 0 "-" "curl/7.12.1 (x86_64-redhat-linux-gnu) libcurl/7.12.1 OpenSSL/0.9.7a zlib/1.2.1.2 libidn/0.5.6"
64.26.187.150 - - [24/Sep/2012:09:40:04 +0300] "HEAD /css/homebase.css HTTP/1.1" 403 0 "-" "curl/7.12.1 (i386-redhat-linux-gnu) libcurl/7.12.1 OpenSSL/0.9.7a zlib/1.2.1.2 libidn/0.5.6"
64.26.187.151 - - [24/Sep/2012:09:40:04 +0300] "HEAD /css/homebase.css HTTP/1.1" 403 0 "-" "curl/7.12.1 (x86_64-redhat-linux-gnu) libcurl/7.12.1 OpenSSL/0.9.7a zlib/1.2.1.2 libidn/0.5.6"
64.26.187.150 - - [24/Sep/2012:10:17:06 +0300] "HEAD /css/homebase.css HTTP/1.1" 403 0 "-" "curl/7.12.1 (i386-redhat-linux-gnu) libcurl/7.12.1 OpenSSL/0.9.7a zlib/1.2.1.2 libidn/0.5.6"
64.26.187.151 - - [24/Sep/2012:10:17:07 +0300] "HEAD /css/homebase.css HTTP/1.1" 403 0 "-" "curl/7.12.1 (x86_64-redhat-linux-gnu) libcurl/7.12.1 OpenSSL/0.9.7a zlib/1.2.1.2 libidn/0.5.6"
64.26.187.150 - - [24/Sep/2012:10:54:19 +0300] "HEAD /css/homebase.css HTTP/1.1" 403 0 "-" "curl/7.12.1 (i386-redhat-linux-gnu) libcurl/7.12.1 OpenSSL/0.9.7a zlib/1.2.1.2 libidn/0.5.6"
64.26.187.151 - - [24/Sep/2012:10:54:20 +0300] "HEAD /css/homebase.css HTTP/1.1" 403 0 "-" "curl/7.12.1 (x86_64-redhat-linux-gnu) libcurl/7.12.1 OpenSSL/0.9.7a zlib/1.2.1.2 libidn/0.5.6"
64.26.187.150 - - [24/Sep/2012:11:31:53 +0300] "HEAD /css/homebase.css HTTP/1.1" 403 0 "-" "curl/7.12.1 (i386-redhat-linux-gnu) libcurl/7.12.1 OpenSSL/0.9.7a zlib/1.2.1.2 libidn/0.5.6"
64.26.187.151 - - [24/Sep/2012:11:31:54 +0300] "HEAD /css/homebase.css HTTP/1.1" 403 0 "-" "curl/7.12.1 (x86_64-redhat-linux-gnu) libcurl/7.12.1 OpenSSL/0.9.7a zlib/1.2.1.2 libidn/0.5.6"
64.26.187.150 - - [24/Sep/2012:12:09:44 +0300] "HEAD /css/homebase.css HTTP/1.1" 403 0 "-" "curl/7.12.1 (i386-redhat-linux-gnu) libcurl/7.12.1 OpenSSL/0.9.7a zlib/1.2.1.2 libidn/0.5.6"
64.26.187.151 - - [24/Sep/2012:12:09:44 +0300] "HEAD /css/homebase.css HTTP/1.1" 403 0 "-" "curl/7.12.1 (x86_64-redhat-linux-gnu) libcurl/7.12.1 OpenSSL/0.9.7a zlib/1.2.1.2 libidn/0.5.6"
64.26.187.150 - - [24/Sep/2012:12:46:40 +0300] "HEAD /css/homebase.css HTTP/1.1" 403 0 "-" "curl/7.12.1 (i386-redhat-linux-gnu) libcurl/7.12.1 OpenSSL/0.9.7a zlib/1.2.1.2 libidn/0.5.6"
64.26.187.150 - - [24/Sep/2012:13:23:57 +0300] "HEAD /css/homebase.css HTTP/1.1" 403 0 "-" "curl/7.12.1 (i386-redhat-linux-gnu) libcurl/7.12.1 OpenSSL/0.9.7a zlib/1.2.1.2 libidn/0.5.6"
64.26.187.151 - - [24/Sep/2012:13:23:58 +0300] "HEAD /css/homebase.css HTTP/1.1" 403 0 "-" "curl/7.12.1 (x86_64-redhat-linux-gnu) libcurl/7.12.1 OpenSSL/0.9.7a zlib/1.2.1.2 libidn/0.5.6"
64.26.187.150 - - [24/Sep/2012:14:01:09 +0300] "HEAD /css/homebase.css HTTP/1.1" 403 0 "-" "curl/7.12.1 (i386-redhat-linux-gnu) libcurl/7.12.1 OpenSSL/0.9.7a zlib/1.2.1.2 libidn/0.5.6"
64.26.187.151 - - [24/Sep/2012:14:01:10 +0300] "HEAD /css/homebase.css HTTP/1.1" 403 0 "-" "curl/7.12.1 (x86_64-redhat-linux-gnu) libcurl/7.12.1 OpenSSL/0.9.7a zlib/1.2.1.2 libidn/0.5.6"
64.26.187.150 - - [24/Sep/2012:14:38:25 +0300] "HEAD /css/homebase.css HTTP/1.1" 403 0 "-" "curl/7.12.1 (i386-redhat-linux-gnu) libcurl/7.12.1 OpenSSL/0.9.7a zlib/1.2.1.2 libidn/0.5.6"
64.26.187.151 - - [24/Sep/2012:14:38:26 +0300] "HEAD /css/homebase.css HTTP/1.1" 403 0 "-" "curl/7.12.1 (x86_64-redhat-linux-gnu) libcurl/7.12.1 OpenSSL/0.9.7a zlib/1.2.1.2 libidn/0.5.6"
84.34.152.2 - - [24/Sep/2012:15:04:33 +0300] "GET / HTTP/1.1" 200 28 "-" "Mozilla/5.0 (Windows NT 6.1; WOW64) AppleWebKit/537.1 (KHTML, like Gecko) Chrome/21.0.1180.89 Safari/537.1"
84.34.152.2 - - [24/Sep/2012:15:04:38 +0300] "GET /favicon.ico HTTP/1.1" 404 238 "-" "Mozilla/5.0 (Windows NT 6.1; WOW64) AppleWebKit/537.1 (KHTML, like Gecko) Chrome/21.0.1180.89 Safari/537.1"
84.34.152.2 - - [24/Sep/2012:15:04:38 +0300] "GET /favicon.ico HTTP/1.1" 404 238 "-" "Mozilla/5.0 (Windows NT 6.1; WOW64) AppleWebKit/537.1 (KHTML, like Gecko) Chrome/21.0.1180.89 Safari/537.1"
84.34.152.2 - - [24/Sep/2012:15:04:42 +0300] "GET /favicon.ico HTTP/1.1" 404 238 "-" "Mozilla/5.0 (Windows NT 6.1; WOW64) AppleWebKit/537.1 (KHTML, like Gecko) Chrome/21.0.1180.89 Safari/537.1"
84.34.152.2 - - [24/Sep/2012:15:04:44 +0300] "-" 400 0 "-" "-"
84.34.152.2 - - [24/Sep/2012:15:14:14 +0300] "GET /lampo HTTP/1.1" 200 847 "-" "Mozilla/5.0 (Windows NT 6.1; WOW64) AppleWebKit/537.1 (KHTML, like Gecko) Chrome/21.0.1180.89 Safari/537.1"
84.34.152.2 - - [24/Sep/2012:15:14:15 +0300] "GET /favicon.ico HTTP/1.1" 404 238 "-" "Mozilla/5.0 (Windows NT 6.1; WOW64) AppleWebKit/537.1 (KHTML, like Gecko) Chrome/21.0.1180.89 Safari/537.1"
84.34.152.2 - - [24/Sep/2012:15:14:15 +0300] "GET /favicon.ico HTTP/1.1" 404 238 "-" "Mozilla/5.0 (Windows NT 6.1; WOW64) AppleWebKit/537.1 (KHTML, like Gecko) Chrome/21.0.1180.89 Safari/537.1"
84.34.152.2 - - [24/Sep/2012:15:14:17 +0300] "GET /favicon.ico HTTP/1.1" 404 238 "-" "Mozilla/5.0 (Windows NT 6.1; WOW64) AppleWebKit/537.1 (KHTML, like Gecko) Chrome/21.0.1180.89 Safari/537.1"
64.26.187.150 - - [24/Sep/2012:15:15:48 +0300] "HEAD /css/homebase.css HTTP/1.1" 403 0 "-" "curl/7.12.1 (i386-redhat-linux-gnu) libcurl/7.12.1 OpenSSL/0.9.7a zlib/1.2.1.2 libidn/0.5.6"
64.26.187.151 - - [24/Sep/2012:15:15:49 +0300] "HEAD /css/homebase.css HTTP/1.1" 403 0 "-" "curl/7.12.1 (x86_64-redhat-linux-gnu) libcurl/7.12.1 OpenSSL/0.9.7a zlib/1.2.1.2 libidn/0.5.6"
64.26.187.150 - - [24/Sep/2012:15:53:27 +0300] "HEAD /css/homebase.css HTTP/1.1" 403 0 "-" "curl/7.12.1 (i386-redhat-linux-gnu) libcurl/7.12.1 OpenSSL/0.9.7a zlib/1.2.1.2 libidn/0.5.6"
64.26.187.151 - - [24/Sep/2012:15:53:28 +0300] "HEAD /css/homebase.css HTTP/1.1" 403 0 "-" "curl/7.12.1 (x86_64-redhat-linux-gnu) libcurl/7.12.1 OpenSSL/0.9.7a zlib/1.2.1.2 libidn/0.5.6"
95.108.151.244 - - [24/Sep/2012:16:18:32 +0300] "GET /robots.txt HTTP/1.1" 404 238 "-" "Mozilla/5.0 (compatible; YandexBot/3.0; +http://yandex.com/bots)"
95.108.151.244 - - [24/Sep/2012:16:18:33 +0300] "GET / HTTP/1.1" 200 28 "-" "Mozilla/5.0 (compatible; YandexBot/3.0; +http://yandex.com/bots)"
95.108.151.244 - - [24/Sep/2012:16:18:33 +0300] "GET / HTTP/1.1" 200 28 "-" "Mozilla/5.0 (compatible; YandexBot/3.0; +http://yandex.com/bots)"
95.108.151.244 - - [24/Sep/2012:16:18:34 +0300] "GET /robots.txt HTTP/1.1" 404 238 "-" "Mozilla/5.0 (compatible; YandexBot/3.0; +http://yandex.com/bots)"
95.108.151.244 - - [24/Sep/2012:16:18:34 +0300] "GET / HTTP/1.1" 200 28 "-" "Mozilla/5.0 (compatible; YandexBot/3.0; +http://yandex.com/bots)"
95.108.151.244 - - [24/Sep/2012:16:18:35 +0300] "GET / HTTP/1.1" 200 28 "-" "Mozilla/5.0 (compatible; YandexBot/3.0; +http://yandex.com/bots)"
64.26.187.150 - - [24/Sep/2012:16:30:51 +0300] "HEAD /css/homebase.css HTTP/1.1" 403 0 "-" "curl/7.12.1 (i386-redhat-linux-gnu) libcurl/7.12.1 OpenSSL/0.9.7a zlib/1.2.1.2 libidn/0.5.6"
64.26.187.151 - - [24/Sep/2012:16:30:52 +0300] "HEAD /css/homebase.css HTTP/1.1" 403 0 "-" "curl/7.12.1 (x86_64-redhat-linux-gnu) libcurl/7.12.1 OpenSSL/0.9.7a zlib/1.2.1.2 libidn/0.5.6"
178.154.243.98 - - [24/Sep/2012:16:37:21 +0300] "GET /robots.txt HTTP/1.1" 404 238 "-" "Mozilla/5.0 (compatible; YandexBot/3.0; +http://yandex.com/bots)"
64.26.187.150 - - [24/Sep/2012:17:08:13 +0300] "HEAD /css/homebase.css HTTP/1.1" 403 0 "-" "curl/7.12.1 (i386-redhat-linux-gnu) libcurl/7.12.1 OpenSSL/0.9.7a zlib/1.2.1.2 libidn/0.5.6"
64.26.187.151 - - [24/Sep/2012:17:08:15 +0300] "HEAD /css/homebase.css HTTP/1.1" 403 0 "-" "curl/7.12.1 (x86_64-redhat-linux-gnu) libcurl/7.12.1 OpenSSL/0.9.7a zlib/1.2.1.2 libidn/0.5.6"
64.26.187.150 - - [24/Sep/2012:17:45:46 +0300] "HEAD /css/homebase.css HTTP/1.1" 403 0 "-" "curl/7.12.1 (i386-redhat-linux-gnu) libcurl/7.12.1 OpenSSL/0.9.7a zlib/1.2.1.2 libidn/0.5.6"
64.26.187.151 - - [24/Sep/2012:17:45:47 +0300] "HEAD /css/homebase.css HTTP/1.1" 403 0 "-" "curl/7.12.1 (x86_64-redhat-linux-gnu) libcurl/7.12.1 OpenSSL/0.9.7a zlib/1.2.1.2 libidn/0.5.6"
64.26.187.150 - - [24/Sep/2012:18:23:39 +0300] "HEAD /css/homebase.css HTTP/1.1" 403 0 "-" "curl/7.12.1 (i386-redhat-linux-gnu) libcurl/7.12.1 OpenSSL/0.9.7a zlib/1.2.1.2 libidn/0.5.6"
64.26.187.151 - - [24/Sep/2012:18:23:39 +0300] "HEAD /css/homebase.css HTTP/1.1" 403 0 "-" "curl/7.12.1 (x86_64-redhat-linux-gnu) libcurl/7.12.1 OpenSSL/0.9.7a zlib/1.2.1.2 libidn/0.5.6"
203.170.146.48 - - [24/Sep/2012:18:51:04 +0300] "s?\xAD\xA9\xC6\x91\xFB=\x18\x94\xFD\xEC\xF9\xDDnT_\xF8*\xEE" 400 166 "-" "-"
178.154.243.98 - - [24/Sep/2012:18:57:19 +0300] "GET /robots.txt HTTP/1.1" 404 238 "-" "Mozilla/5.0 (compatible; YandexBot/3.0; +http://yandex.com/bots)"
64.26.187.150 - - [24/Sep/2012:19:01:37 +0300] "HEAD /css/homebase.css HTTP/1.1" 403 0 "-" "curl/7.12.1 (i386-redhat-linux-gnu) libcurl/7.12.1 OpenSSL/0.9.7a zlib/1.2.1.2 libidn/0.5.6"
64.26.187.151 - - [24/Sep/2012:19:01:37 +0300] "HEAD /css/homebase.css HTTP/1.1" 403 0 "-" "curl/7.12.1 (x86_64-redhat-linux-gnu) libcurl/7.12.1 OpenSSL/0.9.7a zlib/1.2.1.2 libidn/0.5.6"
64.26.187.150 - - [24/Sep/2012:19:39:03 +0300] "HEAD /css/homebase.css HTTP/1.1" 403 0 "-" "curl/7.12.1 (i386-redhat-linux-gnu) libcurl/7.12.1 OpenSSL/0.9.7a zlib/1.2.1.2 libidn/0.5.6"
64.26.187.150 - - [24/Sep/2012:20:16:27 +0300] "HEAD /css/homebase.css HTTP/1.1" 403 0 "-" "curl/7.12.1 (i386-redhat-linux-gnu) libcurl/7.12.1 OpenSSL/0.9.7a zlib/1.2.1.2 libidn/0.5.6"
72.220.115.98 - - [24/Sep/2012:20:51:21 +0300] "~\xE18\x0E\xA7\xAB5\x9C\x81IW\x07\xF4<\x05\x0F\x98f\x22\xB0^\xA1\xAB\xB7]x\xC4)\xFC\xE0\x11\xFD\x16\x81" 400 166 "-" "-"
64.26.187.150 - - [24/Sep/2012:20:54:04 +0300] "HEAD /css/homebase.css HTTP/1.1" 403 0 "-" "curl/7.12.1 (i386-redhat-linux-gnu) libcurl/7.12.1 OpenSSL/0.9.7a zlib/1.2.1.2 libidn/0.5.6"
178.154.243.98 - - [24/Sep/2012:21:17:17 +0300] "GET / HTTP/1.1" 200 28 "-" "Mozilla/5.0 (compatible; YandexBot/3.0; +http://yandex.com/bots)"
64.26.187.150 - - [24/Sep/2012:21:31:23 +0300] "HEAD /css/homebase.css HTTP/1.1" 403 0 "-" "curl/7.12.1 (i386-redhat-linux-gnu) libcurl/7.12.1 OpenSSL/0.9.7a zlib/1.2.1.2 libidn/0.5.6"
64.26.187.151 - - [24/Sep/2012:21:31:24 +0300] "HEAD /css/homebase.css HTTP/1.1" 403 0 "-" "curl/7.12.1 (x86_64-redhat-linux-gnu) libcurl/7.12.1 OpenSSL/0.9.7a zlib/1.2.1.2 libidn/0.5.6"
64.26.187.150 - - [24/Sep/2012:22:08:42 +0300] "HEAD /css/homebase.css HTTP/1.1" 403 0 "-" "curl/7.12.1 (i386-redhat-linux-gnu) libcurl/7.12.1 OpenSSL/0.9.7a zlib/1.2.1.2 libidn/0.5.6"
64.26.187.151 - - [24/Sep/2012:22:08:43 +0300] "HEAD /css/homebase.css HTTP/1.1" 403 0 "-" "curl/7.12.1 (x86_64-redhat-linux-gnu) libcurl/7.12.1 OpenSSL/0.9.7a zlib/1.2.1.2 libidn/0.5.6"
64.26.187.150 - - [24/Sep/2012:22:45:46 +0300] "HEAD /css/homebase.css HTTP/1.1" 403 0 "-" "curl/7.12.1 (i386-redhat-linux-gnu) libcurl/7.12.1 OpenSSL/0.9.7a zlib/1.2.1.2 libidn/0.5.6"
87.121.56.113 - - [24/Sep/2012:22:51:40 +0300] "\x89.\xC0\x9C\xB7\x18\xA83\xA7\xD9;>L\xAA\xABF{[\x1EN\xB4\xCA\x99\xA7\x8E\xCB`" 400 166 "-" "-"
64.26.187.150 - - [24/Sep/2012:23:22:57 +0300] "HEAD /css/homebase.css HTTP/1.1" 403 0 "-" "curl/7.12.1 (i386-redhat-linux-gnu) libcurl/7.12.1 OpenSSL/0.9.7a zlib/1.2.1.2 libidn/0.5.6"
66.249.71.116 - - [24/Sep/2012:23:57:57 +0300] "GET /robots.txt HTTP/1.1" 404 238 "-" "Mozilla/5.0 (compatible; Googlebot/2.1; +http://www.google.com/bot.html)"
66.249.71.116 - - [24/Sep/2012:23:57:58 +0300] "GET / HTTP/1.1" 200 28 "-" "Mozilla/5.0 (compatible; Googlebot/2.1; +http://www.google.com/bot.html)"
64.26.187.150 - - [25/Sep/2012:00:00:22 +0300] "HEAD /css/homebase.css HTTP/1.1" 403 0 "-" "curl/7.12.1 (i386-redhat-linux-gnu) libcurl/7.12.1 OpenSSL/0.9.7a zlib/1.2.1.2 libidn/0.5.6"
64.26.187.151 - - [25/Sep/2012:00:00:24 +0300] "HEAD /css/homebase.css HTTP/1.1" 403 0 "-" "curl/7.12.1 (x86_64-redhat-linux-gnu) libcurl/7.12.1 OpenSSL/0.9.7a zlib/1.2.1.2 libidn/0.5.6"
178.154.243.98 - - [25/Sep/2012:00:16:59 +0300] "GET / HTTP/1.1" 200 28 "-" "Mozilla/5.0 (compatible; YandexBot/3.0; +http://yandex.com/bots)"
64.26.187.150 - - [25/Sep/2012:00:37:41 +0300] "HEAD /css/homebase.css HTTP/1.1" 403 0 "-" "curl/7.12.1 (i386-redhat-linux-gnu) libcurl/7.12.1 OpenSSL/0.9.7a zlib/1.2.1.2 libidn/0.5.6"
64.26.187.151 - - [25/Sep/2012:00:37:44 +0300] "HEAD /css/homebase.css HTTP/1.1" 403 0 "-" "curl/7.12.1 (x86_64-redhat-linux-gnu) libcurl/7.12.1 OpenSSL/0.9.7a zlib/1.2.1.2 libidn/0.5.6"
67.86.249.52 - - [25/Sep/2012:00:51:49 +0300] "\xB5\x8B\xE4\xEC\xE7\x0C\xBB7W\x12" 400 166 "-" "-"
109.86.176.192 - - [25/Sep/2012:00:53:49 +0300] "\xB5\x91\x8E\xEC0I\xF5\xD47" 400 166 "-" "-"
64.26.187.150 - - [25/Sep/2012:01:15:11 +0300] "HEAD /css/homebase.css HTTP/1.1" 403 0 "-" "curl/7.12.1 (i386-redhat-linux-gnu) libcurl/7.12.1 OpenSSL/0.9.7a zlib/1.2.1.2 libidn/0.5.6"
64.26.187.151 - - [25/Sep/2012:01:15:14 +0300] "HEAD /css/homebase.css HTTP/1.1" 403 0 "-" "curl/7.12.1 (x86_64-redhat-linux-gnu) libcurl/7.12.1 OpenSSL/0.9.7a zlib/1.2.1.2 libidn/0.5.6"
81.159.126.139 - - [25/Sep/2012:01:32:51 +0300] "\x14\x93\xDB\xFC" 400 166 "-" "-"
64.26.187.150 - - [25/Sep/2012:01:52:09 +0300] "HEAD /css/homebase.css HTTP/1.1" 403 0 "-" "curl/7.12.1 (i386-redhat-linux-gnu) libcurl/7.12.1 OpenSSL/0.9.7a zlib/1.2.1.2 libidn/0.5.6"
64.26.187.151 - - [25/Sep/2012:01:52:09 +0300] "HEAD /css/homebase.css HTTP/1.1" 403 0 "-" "curl/7.12.1 (x86_64-redhat-linux-gnu) libcurl/7.12.1 OpenSSL/0.9.7a zlib/1.2.1.2 libidn/0.5.6"
64.26.187.150 - - [25/Sep/2012:02:29:04 +0300] "HEAD /css/homebase.css HTTP/1.1" 403 0 "-" "curl/7.12.1 (i386-redhat-linux-gnu) libcurl/7.12.1 OpenSSL/0.9.7a zlib/1.2.1.2 libidn/0.5.6"
64.26.187.151 - - [25/Sep/2012:02:29:04 +0300] "HEAD /css/homebase.css HTTP/1.1" 403 0 "-" "curl/7.12.1 (x86_64-redhat-linux-gnu) libcurl/7.12.1 OpenSSL/0.9.7a zlib/1.2.1.2 libidn/0.5.6"
200.145.39.241 - - [25/Sep/2012:02:45:37 +0300] "GET /translators.html HTTP/1.1" 404 238 "-" "Mozilla/4.0 (compatible; MSIE 6.0; MSIE 5.5; Windows NT 5.1) Opera 7.01 [en]"
64.26.187.150 - - [25/Sep/2012:03:05:40 +0300] "HEAD /css/homebase.css HTTP/1.1" 403 0 "-" "curl/7.12.1 (i386-redhat-linux-gnu) libcurl/7.12.1 OpenSSL/0.9.7a zlib/1.2.1.2 libidn/0.5.6"
64.26.187.151 - - [25/Sep/2012:03:05:41 +0300] "HEAD /css/homebase.css HTTP/1.1" 403 0 "-" "curl/7.12.1 (x86_64-redhat-linux-gnu) libcurl/7.12.1 OpenSSL/0.9.7a zlib/1.2.1.2 libidn/0.5.6"
64.26.187.150 - - [25/Sep/2012:03:42:25 +0300] "HEAD /css/homebase.css HTTP/1.1" 403 0 "-" "curl/7.12.1 (i386-redhat-linux-gnu) libcurl/7.12.1 OpenSSL/0.9.7a zlib/1.2.1.2 libidn/0.5.6"
64.26.187.151 - - [25/Sep/2012:03:42:25 +0300] "HEAD /css/homebase.css HTTP/1.1" 403 0 "-" "curl/7.12.1 (x86_64-redhat-linux-gnu) libcurl/7.12.1 OpenSSL/0.9.7a zlib/1.2.1.2 libidn/0.5.6"
64.26.187.150 - - [25/Sep/2012:04:19:15 +0300] "HEAD /css/homebase.css HTTP/1.1" 403 0 "-" "curl/7.12.1 (i386-redhat-linux-gnu) libcurl/7.12.1 OpenSSL/0.9.7a zlib/1.2.1.2 libidn/0.5.6"
64.26.187.151 - - [25/Sep/2012:04:19:17 +0300] "HEAD /css/homebase.css HTTP/1.1" 403 0 "-" "curl/7.12.1 (x86_64-redhat-linux-gnu) libcurl/7.12.1 OpenSSL/0.9.7a zlib/1.2.1.2 libidn/0.5.6"
64.26.187.150 - - [25/Sep/2012:04:56:17 +0300] "HEAD /css/homebase.css HTTP/1.1" 403 0 "-" "curl/7.12.1 (i386-redhat-linux-gnu) libcurl/7.12.1 OpenSSL/0.9.7a zlib/1.2.1.2 libidn/0.5.6"
64.26.187.150 - - [25/Sep/2012:05:32:51 +0300] "HEAD /css/homebase.css HTTP/1.1" 403 0 "-" "curl/7.12.1 (i386-redhat-linux-gnu) libcurl/7.12.1 OpenSSL/0.9.7a zlib/1.2.1.2 libidn/0.5.6"
66.249.71.34 - - [25/Sep/2012:05:52:30 +0300] "GET /robots.txt HTTP/1.1" 404 238 "-" "Mozilla/5.0 (compatible; Googlebot/2.1; +http://www.google.com/bot.html)"
66.249.71.34 - - [25/Sep/2012:05:52:32 +0300] "GET / HTTP/1.1" 200 28 "-" "Mozilla/5.0 (compatible; Googlebot/2.1; +http://www.google.com/bot.html)"
64.26.187.150 - - [25/Sep/2012:06:09:30 +0300] "HEAD /css/homebase.css HTTP/1.1" 403 0 "-" "curl/7.12.1 (i386-redhat-linux-gnu) libcurl/7.12.1 OpenSSL/0.9.7a zlib/1.2.1.2 libidn/0.5.6"
64.26.187.150 - - [25/Sep/2012:06:46:07 +0300] "HEAD /css/homebase.css HTTP/1.1" 403 0 "-" "curl/7.12.1 (i386-redhat-linux-gnu) libcurl/7.12.1 OpenSSL/0.9.7a zlib/1.2.1.2 libidn/0.5.6"
64.26.187.151 - - [25/Sep/2012:06:46:08 +0300] "HEAD /css/homebase.css HTTP/1.1" 403 0 "-" "curl/7.12.1 (x86_64-redhat-linux-gnu) libcurl/7.12.1 OpenSSL/0.9.7a zlib/1.2.1.2 libidn/0.5.6"
64.26.187.150 - - [25/Sep/2012:07:23:01 +0300] "HEAD /css/homebase.css HTTP/1.1" 403 0 "-" "curl/7.12.1 (i386-redhat-linux-gnu) libcurl/7.12.1 OpenSSL/0.9.7a zlib/1.2.1.2 libidn/0.5.6"
64.26.187.150 - - [25/Sep/2012:07:59:47 +0300] "HEAD /css/homebase.css HTTP/1.1" 403 0 "-" "curl/7.12.1 (i386-redhat-linux-gnu) libcurl/7.12.1 OpenSSL/0.9.7a zlib/1.2.1.2 libidn/0.5.6"
64.26.187.151 - - [25/Sep/2012:07:59:50 +0300] "HEAD /css/homebase.css HTTP/1.1" 403 0 "-" "curl/7.12.1 (x86_64-redhat-linux-gnu) libcurl/7.12.1 OpenSSL/0.9.7a zlib/1.2.1.2 libidn/0.5.6"
64.26.187.150 - - [25/Sep/2012:08:36:34 +0300] "HEAD /css/homebase.css HTTP/1.1" 403 0 "-" "curl/7.12.1 (i386-redhat-linux-gnu) libcurl/7.12.1 OpenSSL/0.9.7a zlib/1.2.1.2 libidn/0.5.6"
64.26.187.151 - - [25/Sep/2012:08:36:35 +0300] "HEAD /css/homebase.css HTTP/1.1" 403 0 "-" "curl/7.12.1 (x86_64-redhat-linux-gnu) libcurl/7.12.1 OpenSSL/0.9.7a zlib/1.2.1.2 libidn/0.5.6"
64.26.187.150 - - [25/Sep/2012:09:13:26 +0300] "HEAD /css/homebase.css HTTP/1.1" 403 0 "-" "curl/7.12.1 (i386-redhat-linux-gnu) libcurl/7.12.1 OpenSSL/0.9.7a zlib/1.2.1.2 libidn/0.5.6"
64.26.187.150 - - [25/Sep/2012:09:50:31 +0300] "HEAD /css/homebase.css HTTP/1.1" 403 0 "-" "curl/7.12.1 (i386-redhat-linux-gnu) libcurl/7.12.1 OpenSSL/0.9.7a zlib/1.2.1.2 libidn/0.5.6"
84.34.152.2 - - [25/Sep/2012:10:02:24 +0300] "GET /lampo HTTP/1.1" 200 847 "-" "Mozilla/5.0 (compatible; MSIE 9.0; Windows NT 6.1; WOW64; Trident/5.0)"
84.34.152.2 - - [25/Sep/2012:10:02:26 +0300] "GET /favicon.ico HTTP/1.1" 404 238 "-" "Mozilla/5.0 (compatible; MSIE 9.0; Windows NT 6.1; WOW64; Trident/5.0)"
64.26.187.150 - - [25/Sep/2012:10:27:24 +0300] "HEAD /css/homebase.css HTTP/1.1" 403 0 "-" "curl/7.12.1 (i386-redhat-linux-gnu) libcurl/7.12.1 OpenSSL/0.9.7a zlib/1.2.1.2 libidn/0.5.6"
64.26.187.151 - - [25/Sep/2012:10:27:25 +0300] "HEAD /css/homebase.css HTTP/1.1" 403 0 "-" "curl/7.12.1 (x86_64-redhat-linux-gnu) libcurl/7.12.1 OpenSSL/0.9.7a zlib/1.2.1.2 libidn/0.5.6"
64.26.187.150 - - [25/Sep/2012:11:04:29 +0300] "HEAD /css/homebase.css HTTP/1.1" 403 0 "-" "curl/7.12.1 (i386-redhat-linux-gnu) libcurl/7.12.1 OpenSSL/0.9.7a zlib/1.2.1.2 libidn/0.5.6"
64.26.187.151 - - [25/Sep/2012:11:04:31 +0300] "HEAD /css/homebase.css HTTP/1.1" 403 0 "-" "curl/7.12.1 (x86_64-redhat-linux-gnu) libcurl/7.12.1 OpenSSL/0.9.7a zlib/1.2.1.2 libidn/0.5.6"
64.26.187.150 - - [25/Sep/2012:11:42:50 +0300] "HEAD /css/homebase.css HTTP/1.1" 403 0 "-" "curl/7.12.1 (i386-redhat-linux-gnu) libcurl/7.12.1 OpenSSL/0.9.7a zlib/1.2.1.2 libidn/0.5.6"
64.26.187.151 - - [25/Sep/2012:11:42:51 +0300] "HEAD /css/homebase.css HTTP/1.1" 403 0 "-" "curl/7.12.1 (x86_64-redhat-linux-gnu) libcurl/7.12.1 OpenSSL/0.9.7a zlib/1.2.1.2 libidn/0.5.6"
64.26.187.150 - - [25/Sep/2012:12:19:45 +0300] "HEAD /css/homebase.css HTTP/1.1" 403 0 "-" "curl/7.12.1 (i386-redhat-linux-gnu) libcurl/7.12.1 OpenSSL/0.9.7a zlib/1.2.1.2 libidn/0.5.6"
64.26.187.151 - - [25/Sep/2012:12:19:47 +0300] "HEAD /css/homebase.css HTTP/1.1" 403 0 "-" "curl/7.12.1 (x86_64-redhat-linux-gnu) libcurl/7.12.1 OpenSSL/0.9.7a zlib/1.2.1.2 libidn/0.5.6"
64.26.187.150 - - [25/Sep/2012:12:56:58 +0300] "HEAD /css/homebase.css HTTP/1.1" 403 0 "-" "curl/7.12.1 (i386-redhat-linux-gnu) libcurl/7.12.1 OpenSSL/0.9.7a zlib/1.2.1.2 libidn/0.5.6"
64.26.187.151 - - [25/Sep/2012:12:56:59 +0300] "HEAD /css/homebase.css HTTP/1.1" 403 0 "-" "curl/7.12.1 (x86_64-redhat-linux-gnu) libcurl/7.12.1 OpenSSL/0.9.7a zlib/1.2.1.2 libidn/0.5.6"
66.249.71.13 - - [25/Sep/2012:13:22:51 +0300] "GET /robots.txt HTTP/1.1" 404 238 "-" "Mozilla/5.0 (compatible; Googlebot/2.1; +http://www.google.com/bot.html)"
66.249.71.13 - - [25/Sep/2012:13:22:51 +0300] "GET / HTTP/1.1" 200 28 "-" "DoCoMo/2.0 N905i(c100;TB;W24H16) (compatible; Googlebot-Mobile/2.1; +http://www.google.com/bot.html)"
64.26.187.150 - - [25/Sep/2012:13:34:09 +0300] "HEAD /css/homebase.css HTTP/1.1" 403 0 "-" "curl/7.12.1 (i386-redhat-linux-gnu) libcurl/7.12.1 OpenSSL/0.9.7a zlib/1.2.1.2 libidn/0.5.6"
64.26.187.151 - - [25/Sep/2012:13:34:12 +0300] "HEAD /css/homebase.css HTTP/1.1" 403 0 "-" "curl/7.12.1 (x86_64-redhat-linux-gnu) libcurl/7.12.1 OpenSSL/0.9.7a zlib/1.2.1.2 libidn/0.5.6"
64.26.187.150 - - [25/Sep/2012:14:11:19 +0300] "HEAD /css/homebase.css HTTP/1.1" 403 0 "-" "curl/7.12.1 (i386-redhat-linux-gnu) libcurl/7.12.1 OpenSSL/0.9.7a zlib/1.2.1.2 libidn/0.5.6"
