84.34.152.2 - - [02/Oct/2012:10:09:35 +0300] "GET /favicon.ico HTTP/1.1" 404 238 "-" "Mozilla/5.0 (Windows NT 6.1; WOW64; rv:10.0.2) Gecko/20100101 Firefox/10.0.2"
84.34.152.2 - - [02/Oct/2012:10:09:42 +0300] "GET /favicon.ico HTTP/1.1" 404 238 "-" "Mozilla/5.0 (Windows NT 6.1; WOW64; rv:10.0.2) Gecko/20100101 Firefox/10.0.2"
84.34.152.2 - - [02/Oct/2012:10:09:42 +0300] "GET /favicon.ico HTTP/1.1" 404 238 "-" "Mozilla/5.0 (Windows NT 6.1; WOW64; rv:10.0.2) Gecko/20100101 Firefox/10.0.2"
64.26.187.150 - - [02/Oct/2012:10:14:36 +0300] "HEAD /css/homebase.css HTTP/1.1" 403 0 "-" "curl/7.12.1 (i386-redhat-linux-gnu) libcurl/7.12.1 OpenSSL/0.9.7a zlib/1.2.1.2 libidn/0.5.6"
64.26.187.151 - - [02/Oct/2012:10:14:40 +0300] "HEAD /css/homebase.css HTTP/1.1" 403 0 "-" "curl/7.12.1 (x86_64-redhat-linux-gnu) libcurl/7.12.1 OpenSSL/0.9.7a zlib/1.2.1.2 libidn/0.5.6"
131.177.237.42 - - [02/Oct/2012:10:19:34 +0300] "GET /soile HTTP/1.1" 200 5077 "-" "Mozilla/4.0 (compatible; MSIE 8.0; TS7; Windows NT 6.1; Trident/4.0; SLCC2; .NET CLR 2.0.50727; .NET CLR 3.5.30729; .NET CLR 3.0.30729; Media Center PC 6.0; .NET4.0C; .NET4.0E; InfoPath.3; MS-RTC LM 8)"
131.177.237.42 - - [02/Oct/2012:10:19:35 +0300] "GET /favicon.ico HTTP/1.1" 404 238 "-" "Mozilla/4.0 (compatible; MSIE 8.0; TS7; Windows NT 6.1; Trident/4.0; SLCC2; .NET CLR 2.0.50727; .NET CLR 3.5.30729; .NET CLR 3.0.30729; Media Center PC 6.0; .NET4.0C; .NET4.0E; InfoPath.3; MS-RTC LM 8)"
131.177.237.42 - - [02/Oct/2012:10:20:06 +0300] "GET /favicon.ico HTTP/1.1" 404 238 "-" "Mozilla/4.0 (compatible; MSIE 8.0; TS7; Windows NT 6.1; Trident/4.0; SLCC2; .NET CLR 2.0.50727; .NET CLR 3.5.30729; .NET CLR 3.0.30729; Media Center PC 6.0; .NET4.0C; .NET4.0E; InfoPath.3; MS-RTC LM 8)"
91.142.218.16 - - [02/Oct/2012:10:29:53 +0300] "GET /webcalendar/install/index.php HTTP/1.1" 404 238 "-" "Mozilla/4.0 (compatible; MSIE 6.0; MSIE 5.5; Windows NT 5.1) Opera 7.01 [en]"
91.142.218.16 - - [02/Oct/2012:10:30:08 +0300] "GET /calendar/install/index.php HTTP/1.1" 404 238 "-" "Mozilla/4.0 (compatible; MSIE 6.0; MSIE 5.5; Windows NT 5.1) Opera 7.01 [en]"
91.142.218.16 - - [02/Oct/2012:10:30:23 +0300] "GET /phpfox/install/index.php HTTP/1.1" 404 238 "-" "Mozilla/4.0 (compatible; MSIE 6.0; MSIE 5.5; Windows NT 5.1) Opera 7.01 [en]"
91.142.218.16 - - [02/Oct/2012:10:30:38 +0300] "GET /phpFox/install/index.php HTTP/1.1" 404 238 "-" "Mozilla/4.0 (compatible; MSIE 6.0; MSIE 5.5; Windows NT 5.1) Opera 7.01 [en]"
91.142.218.16 - - [02/Oct/2012:10:30:53 +0300] "GET /tiki/install/index.php HTTP/1.1" 404 238 "-" "Mozilla/4.0 (compatible; MSIE 6.0; MSIE 5.5; Windows NT 5.1) Opera 7.01 [en]"
91.142.218.16 - - [02/Oct/2012:10:31:07 +0300] "GET /traq/install/index.php HTTP/1.1" 404 238 "-" "Mozilla/4.0 (compatible; MSIE 6.0; MSIE 5.5; Windows NT 5.1) Opera 7.01 [en]"
91.142.218.16 - - [02/Oct/2012:10:31:22 +0300] "GET /freewebshop/install/index.php HTTP/1.1" 404 238 "-" "Mozilla/4.0 (compatible; MSIE 6.0; MSIE 5.5; Windows NT 5.1) Opera 7.01 [en]"
91.142.218.16 - - [02/Oct/2012:10:31:37 +0300] "GET /wordpress/install/index.php HTTP/1.1" 404 238 "-" "Mozilla/4.0 (compatible; MSIE 6.0; MSIE 5.5; Windows NT 5.1) Opera 7.01 [en]"
91.142.218.16 - - [02/Oct/2012:10:31:52 +0300] "GET /zenphoto/install/index.php HTTP/1.1" 404 238 "-" "Mozilla/4.0 (compatible; MSIE 6.0; MSIE 5.5; Windows NT 5.1) Opera 7.01 [en]"
91.142.218.16 - - [02/Oct/2012:10:32:06 +0300] "GET /phpmyfaq/install/index.php HTTP/1.1" 404 238 "-" "Mozilla/4.0 (compatible; MSIE 6.0; MSIE 5.5; Windows NT 5.1) Opera 7.01 [en]"
91.142.218.16 - - [02/Oct/2012:10:32:21 +0300] "GET /aidicms/install/index.php HTTP/1.1" 404 238 "-" "Mozilla/4.0 (compatible; MSIE 6.0; MSIE 5.5; Windows NT 5.1) Opera 7.01 [en]"
91.142.218.16 - - [02/Oct/2012:10:32:36 +0300] "GET /webid/install/index.php HTTP/1.1" 404 238 "-" "Mozilla/4.0 (compatible; MSIE 6.0; MSIE 5.5; Windows NT 5.1) Opera 7.01 [en]"
91.142.218.16 - - [02/Oct/2012:10:32:51 +0300] "GET /twg/install/index.php HTTP/1.1" 404 238 "-" "Mozilla/4.0 (compatible; MSIE 6.0; MSIE 5.5; Windows NT 5.1) Opera 7.01 [en]"
91.142.218.16 - - [02/Oct/2012:10:33:06 +0300] "GET /lightblog/install/index.php HTTP/1.1" 404 238 "-" "Mozilla/4.0 (compatible; MSIE 6.0; MSIE 5.5; Windows NT 5.1) Opera 7.01 [en]"
91.142.218.16 - - [02/Oct/2012:10:33:20 +0300] "GET /phpscheduleit/install/index.php HTTP/1.1" 404 238 "-" "Mozilla/4.0 (compatible; MSIE 6.0; MSIE 5.5; Windows NT 5.1) Opera 7.01 [en]"
91.142.218.16 - - [02/Oct/2012:10:33:35 +0300] "GET /install/index.php HTTP/1.1" 404 238 "-" "Mozilla/4.0 (compatible; MSIE 6.0; MSIE 5.5; Windows NT 5.1) Opera 7.01 [en]"
91.142.218.16 - - [02/Oct/2012:10:33:50 +0300] "GET /install/index.php HTTP/1.1" 404 238 "-" "Mozilla/4.0 (compatible; MSIE 6.0; MSIE 5.5; Windows NT 5.1) Opera 7.01 [en]"
64.26.187.150 - - [02/Oct/2012:10:51:07 +0300] "HEAD /css/homebase.css HTTP/1.1" 403 0 "-" "curl/7.12.1 (i386-redhat-linux-gnu) libcurl/7.12.1 OpenSSL/0.9.7a zlib/1.2.1.2 libidn/0.5.6"
64.26.187.151 - - [02/Oct/2012:10:51:11 +0300] "HEAD /css/homebase.css HTTP/1.1" 403 0 "-" "curl/7.12.1 (x86_64-redhat-linux-gnu) libcurl/7.12.1 OpenSSL/0.9.7a zlib/1.2.1.2 libidn/0.5.6"
84.34.152.2 - - [02/Oct/2012:10:58:04 +0300] "GET /lampo HTTP/1.1" 200 58363 "-" "Mozilla/5.0 (compatible; MSIE 9.0; Windows NT 6.1; WOW64; Trident/5.0)"
84.34.152.2 - - [02/Oct/2012:10:58:05 +0300] "GET /scripts/jquery.js HTTP/1.1" 404 238 "http://paawo.dy.fi/lampo" "Mozilla/5.0 (compatible; MSIE 9.0; Windows NT 6.1; WOW64; Trident/5.0)"
84.34.152.2 - - [02/Oct/2012:10:58:19 +0300] "GET /scripts/jquery.js HTTP/1.1" 404 238 "http://paawo.dy.fi/lampo" "Mozilla/5.0 (compatible; MSIE 9.0; Windows NT 6.1; WOW64; Trident/5.0)"
84.34.152.2 - - [02/Oct/2012:10:58:19 +0300] "GET /scripts/jquery.js HTTP/1.1" 404 238 "http://paawo.dy.fi/lampo" "Mozilla/5.0 (compatible; MSIE 9.0; Windows NT 6.1; WOW64; Trident/5.0)"
64.26.187.150 - - [02/Oct/2012:11:28:35 +0300] "HEAD /css/homebase.css HTTP/1.1" 403 0 "-" "curl/7.12.1 (i386-redhat-linux-gnu) libcurl/7.12.1 OpenSSL/0.9.7a zlib/1.2.1.2 libidn/0.5.6"
131.177.237.42 - - [02/Oct/2012:11:33:24 +0300] "GET /lampo HTTP/1.1" 200 58305 "-" "Mozilla/4.0 (compatible; MSIE 8.0; TS7; Windows NT 6.1; Trident/4.0; SLCC2; .NET CLR 2.0.50727; .NET CLR 3.5.30729; .NET CLR 3.0.30729; Media Center PC 6.0; .NET4.0C; .NET4.0E; InfoPath.3; MS-RTC LM 8)"
131.177.237.42 - - [02/Oct/2012:11:33:24 +0300] "GET /scripts/jquery.js HTTP/1.1" 404 238 "http://paawo.dy.fi/lampo" "Mozilla/4.0 (compatible; MSIE 8.0; TS7; Windows NT 6.1; Trident/4.0; SLCC2; .NET CLR 2.0.50727; .NET CLR 3.5.30729; .NET CLR 3.0.30729; Media Center PC 6.0; .NET4.0C; .NET4.0E; InfoPath.3; MS-RTC LM 8)"
131.177.237.42 - - [02/Oct/2012:11:33:25 +0300] "GET /favicon.ico HTTP/1.1" 404 238 "-" "Mozilla/4.0 (compatible; MSIE 8.0; TS7; Windows NT 6.1; Trident/4.0; SLCC2; .NET CLR 2.0.50727; .NET CLR 3.5.30729; .NET CLR 3.0.30729; Media Center PC 6.0; .NET4.0C; .NET4.0E; InfoPath.3; MS-RTC LM 8)"
64.26.187.150 - - [02/Oct/2012:12:06:17 +0300] "HEAD /css/homebase.css HTTP/1.1" 403 0 "-" "curl/7.12.1 (i386-redhat-linux-gnu) libcurl/7.12.1 OpenSSL/0.9.7a zlib/1.2.1.2 libidn/0.5.6"
64.26.187.151 - - [02/Oct/2012:12:06:20 +0300] "HEAD /css/homebase.css HTTP/1.1" 403 0 "-" "curl/7.12.1 (x86_64-redhat-linux-gnu) libcurl/7.12.1 OpenSSL/0.9.7a zlib/1.2.1.2 libidn/0.5.6"
64.26.187.150 - - [02/Oct/2012:12:42:44 +0300] "HEAD /css/homebase.css HTTP/1.1" 403 0 "-" "curl/7.12.1 (i386-redhat-linux-gnu) libcurl/7.12.1 OpenSSL/0.9.7a zlib/1.2.1.2 libidn/0.5.6"
64.26.187.151 - - [02/Oct/2012:12:42:48 +0300] "HEAD /css/homebase.css HTTP/1.1" 403 0 "-" "curl/7.12.1 (x86_64-redhat-linux-gnu) libcurl/7.12.1 OpenSSL/0.9.7a zlib/1.2.1.2 libidn/0.5.6"
64.26.187.150 - - [02/Oct/2012:13:19:45 +0300] "HEAD /css/homebase.css HTTP/1.1" 403 0 "-" "curl/7.12.1 (i386-redhat-linux-gnu) libcurl/7.12.1 OpenSSL/0.9.7a zlib/1.2.1.2 libidn/0.5.6"
64.26.187.150 - - [02/Oct/2012:13:57:17 +0300] "HEAD /css/homebase.css HTTP/1.1" 403 0 "-" "curl/7.12.1 (i386-redhat-linux-gnu) libcurl/7.12.1 OpenSSL/0.9.7a zlib/1.2.1.2 libidn/0.5.6"
64.26.187.150 - - [02/Oct/2012:14:34:18 +0300] "HEAD /css/homebase.css HTTP/1.1" 403 0 "-" "curl/7.12.1 (i386-redhat-linux-gnu) libcurl/7.12.1 OpenSSL/0.9.7a zlib/1.2.1.2 libidn/0.5.6"
64.26.187.151 - - [02/Oct/2012:14:34:22 +0300] "HEAD /css/homebase.css HTTP/1.1" 403 0 "-" "curl/7.12.1 (x86_64-redhat-linux-gnu) libcurl/7.12.1 OpenSSL/0.9.7a zlib/1.2.1.2 libidn/0.5.6"
64.26.187.150 - - [02/Oct/2012:15:12:11 +0300] "HEAD /css/homebase.css HTTP/1.1" 403 0 "-" "curl/7.12.1 (i386-redhat-linux-gnu) libcurl/7.12.1 OpenSSL/0.9.7a zlib/1.2.1.2 libidn/0.5.6"
64.26.187.151 - - [02/Oct/2012:15:12:16 +0300] "HEAD /css/homebase.css HTTP/1.1" 403 0 "-" "curl/7.12.1 (x86_64-redhat-linux-gnu) libcurl/7.12.1 OpenSSL/0.9.7a zlib/1.2.1.2 libidn/0.5.6"
64.26.187.150 - - [02/Oct/2012:15:49:28 +0300] "HEAD /css/homebase.css HTTP/1.1" 403 0 "-" "curl/7.12.1 (i386-redhat-linux-gnu) libcurl/7.12.1 OpenSSL/0.9.7a zlib/1.2.1.2 libidn/0.5.6"
64.26.187.151 - - [02/Oct/2012:15:49:32 +0300] "HEAD /css/homebase.css HTTP/1.1" 403 0 "-" "curl/7.12.1 (x86_64-redhat-linux-gnu) libcurl/7.12.1 OpenSSL/0.9.7a zlib/1.2.1.2 libidn/0.5.6"
64.26.187.150 - - [02/Oct/2012:16:27:04 +0300] "HEAD /css/homebase.css HTTP/1.1" 403 0 "-" "curl/7.12.1 (i386-redhat-linux-gnu) libcurl/7.12.1 OpenSSL/0.9.7a zlib/1.2.1.2 libidn/0.5.6"
64.26.187.150 - - [02/Oct/2012:17:04:51 +0300] "HEAD /css/homebase.css HTTP/1.1" 403 0 "-" "curl/7.12.1 (i386-redhat-linux-gnu) libcurl/7.12.1 OpenSSL/0.9.7a zlib/1.2.1.2 libidn/0.5.6"
64.26.187.151 - - [02/Oct/2012:17:04:55 +0300] "HEAD /css/homebase.css HTTP/1.1" 403 0 "-" "curl/7.12.1 (x86_64-redhat-linux-gnu) libcurl/7.12.1 OpenSSL/0.9.7a zlib/1.2.1.2 libidn/0.5.6"
64.26.187.150 - - [02/Oct/2012:17:42:39 +0300] "HEAD /css/homebase.css HTTP/1.1" 403 0 "-" "curl/7.12.1 (i386-redhat-linux-gnu) libcurl/7.12.1 OpenSSL/0.9.7a zlib/1.2.1.2 libidn/0.5.6"
64.26.187.150 - - [02/Oct/2012:18:19:50 +0300] "HEAD /css/homebase.css HTTP/1.1" 403 0 "-" "curl/7.12.1 (i386-redhat-linux-gnu) libcurl/7.12.1 OpenSSL/0.9.7a zlib/1.2.1.2 libidn/0.5.6"
64.26.187.150 - - [02/Oct/2012:18:57:20 +0300] "HEAD /css/homebase.css HTTP/1.1" 403 0 "-" "curl/7.12.1 (i386-redhat-linux-gnu) libcurl/7.12.1 OpenSSL/0.9.7a zlib/1.2.1.2 libidn/0.5.6"
64.26.187.150 - - [02/Oct/2012:19:34:21 +0300] "HEAD /css/homebase.css HTTP/1.1" 403 0 "-" "curl/7.12.1 (i386-redhat-linux-gnu) libcurl/7.12.1 OpenSSL/0.9.7a zlib/1.2.1.2 libidn/0.5.6"
64.26.187.150 - - [02/Oct/2012:20:11:30 +0300] "HEAD /css/homebase.css HTTP/1.1" 403 0 "-" "curl/7.12.1 (i386-redhat-linux-gnu) libcurl/7.12.1 OpenSSL/0.9.7a zlib/1.2.1.2 libidn/0.5.6"
64.26.187.150 - - [02/Oct/2012:20:48:45 +0300] "HEAD /css/homebase.css HTTP/1.1" 403 0 "-" "curl/7.12.1 (i386-redhat-linux-gnu) libcurl/7.12.1 OpenSSL/0.9.7a zlib/1.2.1.2 libidn/0.5.6"
64.26.187.150 - - [02/Oct/2012:21:25:51 +0300] "HEAD /css/homebase.css HTTP/1.1" 403 0 "-" "curl/7.12.1 (i386-redhat-linux-gnu) libcurl/7.12.1 OpenSSL/0.9.7a zlib/1.2.1.2 libidn/0.5.6"
64.26.187.150 - - [02/Oct/2012:22:02:59 +0300] "HEAD /css/homebase.css HTTP/1.1" 403 0 "-" "curl/7.12.1 (i386-redhat-linux-gnu) libcurl/7.12.1 OpenSSL/0.9.7a zlib/1.2.1.2 libidn/0.5.6"
141.35.52.116 - - [02/Oct/2012:22:14:40 +0300] "GET /phpmyadmin/scripts/setup.php HTTP/1.1" 404 238 "-" "ZmEu"
141.35.52.116 - - [02/Oct/2012:22:14:40 +0300] "GET /pma/scripts/setup.php HTTP/1.1" 404 238 "-" "ZmEu"
141.35.52.116 - - [02/Oct/2012:22:14:40 +0300] "GET /phpMyAdmin/scripts/setup.php HTTP/1.1" 404 238 "-" "ZmEu"
141.35.52.116 - - [02/Oct/2012:22:14:40 +0300] "GET /MyAdmin/scripts/setup.php HTTP/1.1" 404 238 "-" "ZmEu"
141.35.52.116 - - [02/Oct/2012:22:14:40 +0300] "GET /myadmin/scripts/setup.php HTTP/1.1" 404 238 "-" "ZmEu"
141.35.52.116 - - [02/Oct/2012:22:14:40 +0300] "GET /w00tw00t.at.blackhats.romanian.anti-sec:) HTTP/1.1" 404 238 "-" "ZmEu"
64.26.187.150 - - [02/Oct/2012:22:40:05 +0300] "HEAD /css/homebase.css HTTP/1.1" 403 0 "-" "curl/7.12.1 (i386-redhat-linux-gnu) libcurl/7.12.1 OpenSSL/0.9.7a zlib/1.2.1.2 libidn/0.5.6"
64.26.187.150 - - [02/Oct/2012:23:17:16 +0300] "HEAD /css/homebase.css HTTP/1.1" 403 0 "-" "curl/7.12.1 (i386-redhat-linux-gnu) libcurl/7.12.1 OpenSSL/0.9.7a zlib/1.2.1.2 libidn/0.5.6"
64.26.187.150 - - [02/Oct/2012:23:54:41 +0300] "HEAD /css/homebase.css HTTP/1.1" 403 0 "-" "curl/7.12.1 (i386-redhat-linux-gnu) libcurl/7.12.1 OpenSSL/0.9.7a zlib/1.2.1.2 libidn/0.5.6"
64.26.187.150 - - [03/Oct/2012:00:31:58 +0300] "HEAD /css/homebase.css HTTP/1.1" 403 0 "-" "curl/7.12.1 (i386-redhat-linux-gnu) libcurl/7.12.1 OpenSSL/0.9.7a zlib/1.2.1.2 libidn/0.5.6"
64.26.187.151 - - [03/Oct/2012:00:32:03 +0300] "HEAD /css/homebase.css HTTP/1.1" 403 0 "-" "curl/7.12.1 (x86_64-redhat-linux-gnu) libcurl/7.12.1 OpenSSL/0.9.7a zlib/1.2.1.2 libidn/0.5.6"
64.26.187.150 - - [03/Oct/2012:01:08:57 +0300] "HEAD /css/homebase.css HTTP/1.1" 403 0 "-" "curl/7.12.1 (i386-redhat-linux-gnu) libcurl/7.12.1 OpenSSL/0.9.7a zlib/1.2.1.2 libidn/0.5.6"
64.26.187.150 - - [03/Oct/2012:01:45:44 +0300] "HEAD /css/homebase.css HTTP/1.1" 403 0 "-" "curl/7.12.1 (i386-redhat-linux-gnu) libcurl/7.12.1 OpenSSL/0.9.7a zlib/1.2.1.2 libidn/0.5.6"
64.26.187.150 - - [03/Oct/2012:02:22:22 +0300] "HEAD /css/homebase.css HTTP/1.1" 403 0 "-" "curl/7.12.1 (i386-redhat-linux-gnu) libcurl/7.12.1 OpenSSL/0.9.7a zlib/1.2.1.2 libidn/0.5.6"
64.26.187.150 - - [03/Oct/2012:02:58:46 +0300] "HEAD /css/homebase.css HTTP/1.1" 403 0 "-" "curl/7.12.1 (i386-redhat-linux-gnu) libcurl/7.12.1 OpenSSL/0.9.7a zlib/1.2.1.2 libidn/0.5.6"
64.26.187.150 - - [03/Oct/2012:03:35:14 +0300] "HEAD /css/homebase.css HTTP/1.1" 403 0 "-" "curl/7.12.1 (i386-redhat-linux-gnu) libcurl/7.12.1 OpenSSL/0.9.7a zlib/1.2.1.2 libidn/0.5.6"
64.26.187.150 - - [03/Oct/2012:04:11:02 +0300] "HEAD /css/homebase.css HTTP/1.1" 403 0 "-" "curl/7.12.1 (i386-redhat-linux-gnu) libcurl/7.12.1 OpenSSL/0.9.7a zlib/1.2.1.2 libidn/0.5.6"
64.26.187.150 - - [03/Oct/2012:04:46:58 +0300] "HEAD /css/homebase.css HTTP/1.1" 403 0 "-" "curl/7.12.1 (i386-redhat-linux-gnu) libcurl/7.12.1 OpenSSL/0.9.7a zlib/1.2.1.2 libidn/0.5.6"
64.26.187.150 - - [03/Oct/2012:05:22:30 +0300] "HEAD /css/homebase.css HTTP/1.1" 403 0 "-" "curl/7.12.1 (i386-redhat-linux-gnu) libcurl/7.12.1 OpenSSL/0.9.7a zlib/1.2.1.2 libidn/0.5.6"
64.26.187.150 - - [03/Oct/2012:05:58:37 +0300] "HEAD /css/homebase.css HTTP/1.1" 403 0 "-" "curl/7.12.1 (i386-redhat-linux-gnu) libcurl/7.12.1 OpenSSL/0.9.7a zlib/1.2.1.2 libidn/0.5.6"
112.101.64.161 - - [03/Oct/2012:06:04:36 +0300] "GET /phpMyAdmin/scripts/setup.php HTTP/1.1" 404 238 "-" "ZmEu"
112.101.64.161 - - [03/Oct/2012:06:04:36 +0300] "GET /w00tw00t.at.blackhats.romanian.anti-sec:) HTTP/1.1" 404 238 "-" "ZmEu"
112.101.64.161 - - [03/Oct/2012:06:04:36 +0300] "GET /myadmin/scripts/setup.php HTTP/1.1" 404 238 "-" "ZmEu"
112.101.64.161 - - [03/Oct/2012:06:04:36 +0300] "GET /phpmyadmin/scripts/setup.php HTTP/1.1" 404 238 "-" "ZmEu"
112.101.64.161 - - [03/Oct/2012:06:04:36 +0300] "GET /MyAdmin/scripts/setup.php HTTP/1.1" 404 238 "-" "ZmEu"
112.101.64.161 - - [03/Oct/2012:06:04:36 +0300] "GET /pma/scripts/setup.php HTTP/1.1" 404 238 "-" "ZmEu"
64.26.187.150 - - [03/Oct/2012:06:34:45 +0300] "HEAD /css/homebase.css HTTP/1.1" 403 0 "-" "curl/7.12.1 (i386-redhat-linux-gnu) libcurl/7.12.1 OpenSSL/0.9.7a zlib/1.2.1.2 libidn/0.5.6"
64.26.187.150 - - [03/Oct/2012:07:11:24 +0300] "HEAD /css/homebase.css HTTP/1.1" 403 0 "-" "curl/7.12.1 (i386-redhat-linux-gnu) libcurl/7.12.1 OpenSSL/0.9.7a zlib/1.2.1.2 libidn/0.5.6"
64.26.187.150 - - [03/Oct/2012:07:47:41 +0300] "HEAD /css/homebase.css HTTP/1.1" 403 0 "-" "curl/7.12.1 (i386-redhat-linux-gnu) libcurl/7.12.1 OpenSSL/0.9.7a zlib/1.2.1.2 libidn/0.5.6"
64.26.187.150 - - [03/Oct/2012:08:23:35 +0300] "HEAD /css/homebase.css HTTP/1.1" 403 0 "-" "curl/7.12.1 (i386-redhat-linux-gnu) libcurl/7.12.1 OpenSSL/0.9.7a zlib/1.2.1.2 libidn/0.5.6"
64.26.187.150 - - [03/Oct/2012:08:59:20 +0300] "HEAD /css/homebase.css HTTP/1.1" 403 0 "-" "curl/7.12.1 (i386-redhat-linux-gnu) libcurl/7.12.1 OpenSSL/0.9.7a zlib/1.2.1.2 libidn/0.5.6"
95.108.151.244 - - [03/Oct/2012:09:13:41 +0300] "GET /robots.txt HTTP/1.1" 404 238 "-" "Mozilla/5.0 (compatible; YandexBot/3.0; +http://yandex.com/bots)"
95.108.151.244 - - [03/Oct/2012:09:13:41 +0300] "GET /robots.txt HTTP/1.1" 404 238 "-" "Mozilla/5.0 (compatible; YandexBot/3.0; +http://yandex.com/bots)"
95.108.151.244 - - [03/Oct/2012:09:13:41 +0300] "GET / HTTP/1.1" 200 28 "-" "Mozilla/5.0 (compatible; YandexBot/3.0; +http://yandex.com/bots)"
95.108.151.244 - - [03/Oct/2012:09:13:41 +0300] "GET / HTTP/1.1" 200 28 "-" "Mozilla/5.0 (compatible; YandexBot/3.0; +http://yandex.com/bots)"
95.108.151.244 - - [03/Oct/2012:09:13:42 +0300] "GET / HTTP/1.1" 200 28 "-" "Mozilla/5.0 (compatible; YandexBot/3.0; +http://yandex.com/bots)"
95.108.151.244 - - [03/Oct/2012:09:13:42 +0300] "GET / HTTP/1.1" 200 28 "-" "Mozilla/5.0 (compatible; YandexBot/3.0; +http://yandex.com/bots)"
64.26.187.150 - - [03/Oct/2012:09:35:24 +0300] "HEAD /css/homebase.css HTTP/1.1" 403 0 "-" "curl/7.12.1 (i386-redhat-linux-gnu) libcurl/7.12.1 OpenSSL/0.9.7a zlib/1.2.1.2 libidn/0.5.6"
66.249.73.66 - - [03/Oct/2012:10:06:20 +0300] "GET /robots.txt HTTP/1.1" 404 238 "-" "Mozilla/5.0 (compatible; Googlebot/2.1; +http://www.google.com/bot.html)"
66.249.73.66 - - [03/Oct/2012:10:06:20 +0300] "GET / HTTP/1.1" 200 28 "-" "SAMSUNG-SGH-E250/1.0 Profile/MIDP-2.0 Configuration/CLDC-1.1 UP.Browser/6.2.3.3.c.1.101 (GUI) MMP/2.0 (compatible; Googlebot-Mobile/2.1; +http://www.google.com/bot.html)"
64.26.187.150 - - [03/Oct/2012:10:11:48 +0300] "HEAD /css/homebase.css HTTP/1.1" 403 0 "-" "curl/7.12.1 (i386-redhat-linux-gnu) libcurl/7.12.1 OpenSSL/0.9.7a zlib/1.2.1.2 libidn/0.5.6"
64.26.187.150 - - [03/Oct/2012:10:48:22 +0300] "HEAD /css/homebase.css HTTP/1.1" 403 0 "-" "curl/7.12.1 (i386-redhat-linux-gnu) libcurl/7.12.1 OpenSSL/0.9.7a zlib/1.2.1.2 libidn/0.5.6"
64.26.187.150 - - [03/Oct/2012:11:25:48 +0300] "HEAD /css/homebase.css HTTP/1.1" 403 0 "-" "curl/7.12.1 (i386-redhat-linux-gnu) libcurl/7.12.1 OpenSSL/0.9.7a zlib/1.2.1.2 libidn/0.5.6"
64.26.187.150 - - [03/Oct/2012:12:03:00 +0300] "HEAD /css/homebase.css HTTP/1.1" 403 0 "-" "curl/7.12.1 (i386-redhat-linux-gnu) libcurl/7.12.1 OpenSSL/0.9.7a zlib/1.2.1.2 libidn/0.5.6"
64.26.187.150 - - [03/Oct/2012:12:40:01 +0300] "HEAD /css/homebase.css HTTP/1.1" 403 0 "-" "curl/7.12.1 (i386-redhat-linux-gnu) libcurl/7.12.1 OpenSSL/0.9.7a zlib/1.2.1.2 libidn/0.5.6"
64.26.187.150 - - [03/Oct/2012:13:16:44 +0300] "HEAD /css/homebase.css HTTP/1.1" 403 0 "-" "curl/7.12.1 (i386-redhat-linux-gnu) libcurl/7.12.1 OpenSSL/0.9.7a zlib/1.2.1.2 libidn/0.5.6"
64.26.187.150 - - [03/Oct/2012:13:53:37 +0300] "HEAD /css/homebase.css HTTP/1.1" 403 0 "-" "curl/7.12.1 (i386-redhat-linux-gnu) libcurl/7.12.1 OpenSSL/0.9.7a zlib/1.2.1.2 libidn/0.5.6"
64.26.187.150 - - [03/Oct/2012:14:30:43 +0300] "HEAD /css/homebase.css HTTP/1.1" 403 0 "-" "curl/7.12.1 (i386-redhat-linux-gnu) libcurl/7.12.1 OpenSSL/0.9.7a zlib/1.2.1.2 libidn/0.5.6"
64.26.187.150 - - [03/Oct/2012:15:07:47 +0300] "HEAD /css/homebase.css HTTP/1.1" 403 0 "-" "curl/7.12.1 (i386-redhat-linux-gnu) libcurl/7.12.1 OpenSSL/0.9.7a zlib/1.2.1.2 libidn/0.5.6"
64.26.187.150 - - [03/Oct/2012:15:44:54 +0300] "HEAD /css/homebase.css HTTP/1.1" 403 0 "-" "curl/7.12.1 (i386-redhat-linux-gnu) libcurl/7.12.1 OpenSSL/0.9.7a zlib/1.2.1.2 libidn/0.5.6"
64.26.187.150 - - [03/Oct/2012:16:22:08 +0300] "HEAD /css/homebase.css HTTP/1.1" 403 0 "-" "curl/7.12.1 (i386-redhat-linux-gnu) libcurl/7.12.1 OpenSSL/0.9.7a zlib/1.2.1.2 libidn/0.5.6"
64.26.187.151 - - [03/Oct/2012:16:22:13 +0300] "HEAD /css/homebase.css HTTP/1.1" 403 0 "-" "curl/7.12.1 (x86_64-redhat-linux-gnu) libcurl/7.12.1 OpenSSL/0.9.7a zlib/1.2.1.2 libidn/0.5.6"
64.26.187.150 - - [03/Oct/2012:16:59:28 +0300] "HEAD /css/homebase.css HTTP/1.1" 403 0 "-" "curl/7.12.1 (i386-redhat-linux-gnu) libcurl/7.12.1 OpenSSL/0.9.7a zlib/1.2.1.2 libidn/0.5.6"
64.26.187.151 - - [03/Oct/2012:16:59:33 +0300] "HEAD /css/homebase.css HTTP/1.1" 403 0 "-" "curl/7.12.1 (x86_64-redhat-linux-gnu) libcurl/7.12.1 OpenSSL/0.9.7a zlib/1.2.1.2 libidn/0.5.6"
64.26.187.150 - - [03/Oct/2012:17:36:35 +0300] "HEAD /css/homebase.css HTTP/1.1" 403 0 "-" "curl/7.12.1 (i386-redhat-linux-gnu) libcurl/7.12.1 OpenSSL/0.9.7a zlib/1.2.1.2 libidn/0.5.6"
64.26.187.150 - - [03/Oct/2012:18:13:32 +0300] "HEAD /css/homebase.css HTTP/1.1" 403 0 "-" "curl/7.12.1 (i386-redhat-linux-gnu) libcurl/7.12.1 OpenSSL/0.9.7a zlib/1.2.1.2 libidn/0.5.6"
64.26.187.150 - - [03/Oct/2012:18:50:57 +0300] "HEAD /css/homebase.css HTTP/1.1" 403 0 "-" "curl/7.12.1 (i386-redhat-linux-gnu) libcurl/7.12.1 OpenSSL/0.9.7a zlib/1.2.1.2 libidn/0.5.6"
64.26.187.151 - - [03/Oct/2012:18:51:02 +0300] "HEAD /css/homebase.css HTTP/1.1" 403 0 "-" "curl/7.12.1 (x86_64-redhat-linux-gnu) libcurl/7.12.1 OpenSSL/0.9.7a zlib/1.2.1.2 libidn/0.5.6"
64.26.187.150 - - [03/Oct/2012:19:28:11 +0300] "HEAD /css/homebase.css HTTP/1.1" 403 0 "-" "curl/7.12.1 (i386-redhat-linux-gnu) libcurl/7.12.1 OpenSSL/0.9.7a zlib/1.2.1.2 libidn/0.5.6"
64.26.187.150 - - [03/Oct/2012:20:05:31 +0300] "HEAD /css/homebase.css HTTP/1.1" 403 0 "-" "curl/7.12.1 (i386-redhat-linux-gnu) libcurl/7.12.1 OpenSSL/0.9.7a zlib/1.2.1.2 libidn/0.5.6"
64.26.187.150 - - [03/Oct/2012:20:42:39 +0300] "HEAD /css/homebase.css HTTP/1.1" 403 0 "-" "curl/7.12.1 (i386-redhat-linux-gnu) libcurl/7.12.1 OpenSSL/0.9.7a zlib/1.2.1.2 libidn/0.5.6"
64.26.187.150 - - [03/Oct/2012:21:19:52 +0300] "HEAD /css/homebase.css HTTP/1.1" 403 0 "-" "curl/7.12.1 (i386-redhat-linux-gnu) libcurl/7.12.1 OpenSSL/0.9.7a zlib/1.2.1.2 libidn/0.5.6"
64.26.187.150 - - [03/Oct/2012:21:57:16 +0300] "HEAD /css/homebase.css HTTP/1.1" 403 0 "-" "curl/7.12.1 (i386-redhat-linux-gnu) libcurl/7.12.1 OpenSSL/0.9.7a zlib/1.2.1.2 libidn/0.5.6"
64.26.187.150 - - [03/Oct/2012:22:34:28 +0300] "HEAD /css/homebase.css HTTP/1.1" 403 0 "-" "curl/7.12.1 (i386-redhat-linux-gnu) libcurl/7.12.1 OpenSSL/0.9.7a zlib/1.2.1.2 libidn/0.5.6"
64.26.187.150 - - [03/Oct/2012:23:12:12 +0300] "HEAD /css/homebase.css HTTP/1.1" 403 0 "-" "curl/7.12.1 (i386-redhat-linux-gnu) libcurl/7.12.1 OpenSSL/0.9.7a zlib/1.2.1.2 libidn/0.5.6"
64.26.187.150 - - [03/Oct/2012:23:50:24 +0300] "HEAD /css/homebase.css HTTP/1.1" 403 0 "-" "curl/7.12.1 (i386-redhat-linux-gnu) libcurl/7.12.1 OpenSSL/0.9.7a zlib/1.2.1.2 libidn/0.5.6"
64.26.187.150 - - [04/Oct/2012:00:27:46 +0300] "HEAD /css/homebase.css HTTP/1.1" 403 0 "-" "curl/7.12.1 (i386-redhat-linux-gnu) libcurl/7.12.1 OpenSSL/0.9.7a zlib/1.2.1.2 libidn/0.5.6"
64.26.187.150 - - [04/Oct/2012:01:04:26 +0300] "HEAD /css/homebase.css HTTP/1.1" 403 0 "-" "curl/7.12.1 (i386-redhat-linux-gnu) libcurl/7.12.1 OpenSSL/0.9.7a zlib/1.2.1.2 libidn/0.5.6"
64.26.187.150 - - [04/Oct/2012:01:41:25 +0300] "HEAD /css/homebase.css HTTP/1.1" 403 0 "-" "curl/7.12.1 (i386-redhat-linux-gnu) libcurl/7.12.1 OpenSSL/0.9.7a zlib/1.2.1.2 libidn/0.5.6"
64.26.187.150 - - [04/Oct/2012:02:17:59 +0300] "HEAD /css/homebase.css HTTP/1.1" 403 0 "-" "curl/7.12.1 (i386-redhat-linux-gnu) libcurl/7.12.1 OpenSSL/0.9.7a zlib/1.2.1.2 libidn/0.5.6"
64.26.187.150 - - [04/Oct/2012:02:54:33 +0300] "HEAD /css/homebase.css HTTP/1.1" 403 0 "-" "curl/7.12.1 (i386-redhat-linux-gnu) libcurl/7.12.1 OpenSSL/0.9.7a zlib/1.2.1.2 libidn/0.5.6"
64.26.187.150 - - [04/Oct/2012:03:30:54 +0300] "HEAD /css/homebase.css HTTP/1.1" 403 0 "-" "curl/7.12.1 (i386-redhat-linux-gnu) libcurl/7.12.1 OpenSSL/0.9.7a zlib/1.2.1.2 libidn/0.5.6"
64.26.187.151 - - [04/Oct/2012:03:30:58 +0300] "HEAD /css/homebase.css HTTP/1.1" 403 0 "-" "curl/7.12.1 (x86_64-redhat-linux-gnu) libcurl/7.12.1 OpenSSL/0.9.7a zlib/1.2.1.2 libidn/0.5.6"
64.26.187.150 - - [04/Oct/2012:04:07:16 +0300] "HEAD /css/homebase.css HTTP/1.1" 403 0 "-" "curl/7.12.1 (i386-redhat-linux-gnu) libcurl/7.12.1 OpenSSL/0.9.7a zlib/1.2.1.2 libidn/0.5.6"
64.26.187.150 - - [04/Oct/2012:04:43:25 +0300] "HEAD /css/homebase.css HTTP/1.1" 403 0 "-" "curl/7.12.1 (i386-redhat-linux-gnu) libcurl/7.12.1 OpenSSL/0.9.7a zlib/1.2.1.2 libidn/0.5.6"
64.26.187.150 - - [04/Oct/2012:05:19:38 +0300] "HEAD /css/homebase.css HTTP/1.1" 403 0 "-" "curl/7.12.1 (i386-redhat-linux-gnu) libcurl/7.12.1 OpenSSL/0.9.7a zlib/1.2.1.2 libidn/0.5.6"
64.26.187.151 - - [04/Oct/2012:05:19:42 +0300] "HEAD /css/homebase.css HTTP/1.1" 403 0 "-" "curl/7.12.1 (x86_64-redhat-linux-gnu) libcurl/7.12.1 OpenSSL/0.9.7a zlib/1.2.1.2 libidn/0.5.6"
64.26.187.150 - - [04/Oct/2012:05:55:52 +0300] "HEAD /css/homebase.css HTTP/1.1" 403 0 "-" "curl/7.12.1 (i386-redhat-linux-gnu) libcurl/7.12.1 OpenSSL/0.9.7a zlib/1.2.1.2 libidn/0.5.6"
64.26.187.151 - - [04/Oct/2012:05:55:55 +0300] "HEAD /css/homebase.css HTTP/1.1" 403 0 "-" "curl/7.12.1 (x86_64-redhat-linux-gnu) libcurl/7.12.1 OpenSSL/0.9.7a zlib/1.2.1.2 libidn/0.5.6"
64.26.187.150 - - [04/Oct/2012:06:31:51 +0300] "HEAD /css/homebase.css HTTP/1.1" 403 0 "-" "curl/7.12.1 (i386-redhat-linux-gnu) libcurl/7.12.1 OpenSSL/0.9.7a zlib/1.2.1.2 libidn/0.5.6"
64.26.187.150 - - [04/Oct/2012:07:07:51 +0300] "HEAD /css/homebase.css HTTP/1.1" 403 0 "-" "curl/7.12.1 (i386-redhat-linux-gnu) libcurl/7.12.1 OpenSSL/0.9.7a zlib/1.2.1.2 libidn/0.5.6"
64.26.187.150 - - [04/Oct/2012:07:44:02 +0300] "HEAD /css/homebase.css HTTP/1.1" 403 0 "-" "curl/7.12.1 (i386-redhat-linux-gnu) libcurl/7.12.1 OpenSSL/0.9.7a zlib/1.2.1.2 libidn/0.5.6"
64.26.187.151 - - [04/Oct/2012:07:44:06 +0300] "HEAD /css/homebase.css HTTP/1.1" 403 0 "-" "curl/7.12.1 (x86_64-redhat-linux-gnu) libcurl/7.12.1 OpenSSL/0.9.7a zlib/1.2.1.2 libidn/0.5.6"
64.26.187.150 - - [04/Oct/2012:08:20:09 +0300] "HEAD /css/homebase.css HTTP/1.1" 403 0 "-" "curl/7.12.1 (i386-redhat-linux-gnu) libcurl/7.12.1 OpenSSL/0.9.7a zlib/1.2.1.2 libidn/0.5.6"
64.26.187.150 - - [04/Oct/2012:08:56:16 +0300] "HEAD /css/homebase.css HTTP/1.1" 403 0 "-" "curl/7.12.1 (i386-redhat-linux-gnu) libcurl/7.12.1 OpenSSL/0.9.7a zlib/1.2.1.2 libidn/0.5.6"
64.26.187.151 - - [04/Oct/2012:08:56:21 +0300] "HEAD /css/homebase.css HTTP/1.1" 403 0 "-" "curl/7.12.1 (x86_64-redhat-linux-gnu) libcurl/7.12.1 OpenSSL/0.9.7a zlib/1.2.1.2 libidn/0.5.6"
64.26.187.150 - - [04/Oct/2012:09:32:43 +0300] "HEAD /css/homebase.css HTTP/1.1" 403 0 "-" "curl/7.12.1 (i386-redhat-linux-gnu) libcurl/7.12.1 OpenSSL/0.9.7a zlib/1.2.1.2 libidn/0.5.6"
64.26.187.150 - - [04/Oct/2012:10:09:09 +0300] "HEAD /css/homebase.css HTTP/1.1" 403 0 "-" "curl/7.12.1 (i386-redhat-linux-gnu) libcurl/7.12.1 OpenSSL/0.9.7a zlib/1.2.1.2 libidn/0.5.6"
64.26.187.151 - - [04/Oct/2012:10:09:13 +0300] "HEAD /css/homebase.css HTTP/1.1" 403 0 "-" "curl/7.12.1 (x86_64-redhat-linux-gnu) libcurl/7.12.1 OpenSSL/0.9.7a zlib/1.2.1.2 libidn/0.5.6"
64.26.187.150 - - [04/Oct/2012:10:45:54 +0300] "HEAD /css/homebase.css HTTP/1.1" 403 0 "-" "curl/7.12.1 (i386-redhat-linux-gnu) libcurl/7.12.1 OpenSSL/0.9.7a zlib/1.2.1.2 libidn/0.5.6"
64.26.187.150 - - [04/Oct/2012:11:23:24 +0300] "HEAD /css/homebase.css HTTP/1.1" 403 0 "-" "curl/7.12.1 (i386-redhat-linux-gnu) libcurl/7.12.1 OpenSSL/0.9.7a zlib/1.2.1.2 libidn/0.5.6"
64.26.187.150 - - [04/Oct/2012:12:00:57 +0300] "HEAD /css/homebase.css HTTP/1.1" 403 0 "-" "curl/7.12.1 (i386-redhat-linux-gnu) libcurl/7.12.1 OpenSSL/0.9.7a zlib/1.2.1.2 libidn/0.5.6"
64.26.187.150 - - [04/Oct/2012:12:38:03 +0300] "HEAD /css/homebase.css HTTP/1.1" 403 0 "-" "curl/7.12.1 (i386-redhat-linux-gnu) libcurl/7.12.1 OpenSSL/0.9.7a zlib/1.2.1.2 libidn/0.5.6"
64.26.187.150 - - [04/Oct/2012:13:15:07 +0300] "HEAD /css/homebase.css HTTP/1.1" 403 0 "-" "curl/7.12.1 (i386-redhat-linux-gnu) libcurl/7.12.1 OpenSSL/0.9.7a zlib/1.2.1.2 libidn/0.5.6"
64.26.187.150 - - [04/Oct/2012:13:52:03 +0300] "HEAD /css/homebase.css HTTP/1.1" 403 0 "-" "curl/7.12.1 (i386-redhat-linux-gnu) libcurl/7.12.1 OpenSSL/0.9.7a zlib/1.2.1.2 libidn/0.5.6"
64.26.187.150 - - [04/Oct/2012:14:29:05 +0300] "HEAD /css/homebase.css HTTP/1.1" 403 0 "-" "curl/7.12.1 (i386-redhat-linux-gnu) libcurl/7.12.1 OpenSSL/0.9.7a zlib/1.2.1.2 libidn/0.5.6"
64.26.187.150 - - [04/Oct/2012:15:06:22 +0300] "HEAD /css/homebase.css HTTP/1.1" 403 0 "-" "curl/7.12.1 (i386-redhat-linux-gnu) libcurl/7.12.1 OpenSSL/0.9.7a zlib/1.2.1.2 libidn/0.5.6"
64.26.187.151 - - [04/Oct/2012:15:06:26 +0300] "HEAD /css/homebase.css HTTP/1.1" 403 0 "-" "curl/7.12.1 (x86_64-redhat-linux-gnu) libcurl/7.12.1 OpenSSL/0.9.7a zlib/1.2.1.2 libidn/0.5.6"
64.26.187.150 - - [04/Oct/2012:15:43:41 +0300] "HEAD /css/homebase.css HTTP/1.1" 403 0 "-" "curl/7.12.1 (i386-redhat-linux-gnu) libcurl/7.12.1 OpenSSL/0.9.7a zlib/1.2.1.2 libidn/0.5.6"
64.26.187.151 - - [04/Oct/2012:15:43:45 +0300] "HEAD /css/homebase.css HTTP/1.1" 403 0 "-" "curl/7.12.1 (x86_64-redhat-linux-gnu) libcurl/7.12.1 OpenSSL/0.9.7a zlib/1.2.1.2 libidn/0.5.6"
64.26.187.150 - - [04/Oct/2012:16:21:16 +0300] "HEAD /css/homebase.css HTTP/1.1" 403 0 "-" "curl/7.12.1 (i386-redhat-linux-gnu) libcurl/7.12.1 OpenSSL/0.9.7a zlib/1.2.1.2 libidn/0.5.6"
64.26.187.151 - - [04/Oct/2012:16:21:20 +0300] "HEAD /css/homebase.css HTTP/1.1" 403 0 "-" "curl/7.12.1 (x86_64-redhat-linux-gnu) libcurl/7.12.1 OpenSSL/0.9.7a zlib/1.2.1.2 libidn/0.5.6"
64.26.187.150 - - [04/Oct/2012:16:58:23 +0300] "HEAD /css/homebase.css HTTP/1.1" 403 0 "-" "curl/7.12.1 (i386-redhat-linux-gnu) libcurl/7.12.1 OpenSSL/0.9.7a zlib/1.2.1.2 libidn/0.5.6"
64.26.187.150 - - [04/Oct/2012:17:35:29 +0300] "HEAD /css/homebase.css HTTP/1.1" 403 0 "-" "curl/7.12.1 (i386-redhat-linux-gnu) libcurl/7.12.1 OpenSSL/0.9.7a zlib/1.2.1.2 libidn/0.5.6"
64.26.187.150 - - [04/Oct/2012:18:12:52 +0300] "HEAD /css/homebase.css HTTP/1.1" 403 0 "-" "curl/7.12.1 (i386-redhat-linux-gnu) libcurl/7.12.1 OpenSSL/0.9.7a zlib/1.2.1.2 libidn/0.5.6"
64.26.187.150 - - [04/Oct/2012:18:50:19 +0300] "HEAD /css/homebase.css HTTP/1.1" 403 0 "-" "curl/7.12.1 (i386-redhat-linux-gnu) libcurl/7.12.1 OpenSSL/0.9.7a zlib/1.2.1.2 libidn/0.5.6"
64.26.187.151 - - [04/Oct/2012:18:50:22 +0300] "HEAD /css/homebase.css HTTP/1.1" 403 0 "-" "curl/7.12.1 (x86_64-redhat-linux-gnu) libcurl/7.12.1 OpenSSL/0.9.7a zlib/1.2.1.2 libidn/0.5.6"
64.26.187.150 - - [04/Oct/2012:19:27:37 +0300] "HEAD /css/homebase.css HTTP/1.1" 403 0 "-" "curl/7.12.1 (i386-redhat-linux-gnu) libcurl/7.12.1 OpenSSL/0.9.7a zlib/1.2.1.2 libidn/0.5.6"
64.26.187.150 - - [04/Oct/2012:20:04:52 +0300] "HEAD /css/homebase.css HTTP/1.1" 403 0 "-" "curl/7.12.1 (i386-redhat-linux-gnu) libcurl/7.12.1 OpenSSL/0.9.7a zlib/1.2.1.2 libidn/0.5.6"
64.26.187.151 - - [04/Oct/2012:20:04:56 +0300] "HEAD /css/homebase.css HTTP/1.1" 403 0 "-" "curl/7.12.1 (x86_64-redhat-linux-gnu) libcurl/7.12.1 OpenSSL/0.9.7a zlib/1.2.1.2 libidn/0.5.6"
64.26.187.150 - - [04/Oct/2012:20:42:28 +0300] "HEAD /css/homebase.css HTTP/1.1" 403 0 "-" "curl/7.12.1 (i386-redhat-linux-gnu) libcurl/7.12.1 OpenSSL/0.9.7a zlib/1.2.1.2 libidn/0.5.6"
64.26.187.151 - - [04/Oct/2012:20:42:32 +0300] "HEAD /css/homebase.css HTTP/1.1" 403 0 "-" "curl/7.12.1 (x86_64-redhat-linux-gnu) libcurl/7.12.1 OpenSSL/0.9.7a zlib/1.2.1.2 libidn/0.5.6"
64.26.187.150 - - [04/Oct/2012:21:19:59 +0300] "HEAD /css/homebase.css HTTP/1.1" 403 0 "-" "curl/7.12.1 (i386-redhat-linux-gnu) libcurl/7.12.1 OpenSSL/0.9.7a zlib/1.2.1.2 libidn/0.5.6"
64.26.187.150 - - [04/Oct/2012:21:57:35 +0300] "HEAD /css/homebase.css HTTP/1.1" 403 0 "-" "curl/7.12.1 (i386-redhat-linux-gnu) libcurl/7.12.1 OpenSSL/0.9.7a zlib/1.2.1.2 libidn/0.5.6"
64.26.187.150 - - [04/Oct/2012:22:35:02 +0300] "HEAD /css/homebase.css HTTP/1.1" 403 0 "-" "curl/7.12.1 (i386-redhat-linux-gnu) libcurl/7.12.1 OpenSSL/0.9.7a zlib/1.2.1.2 libidn/0.5.6"
64.26.187.150 - - [04/Oct/2012:23:12:27 +0300] "HEAD /css/homebase.css HTTP/1.1" 403 0 "-" "curl/7.12.1 (i386-redhat-linux-gnu) libcurl/7.12.1 OpenSSL/0.9.7a zlib/1.2.1.2 libidn/0.5.6"
64.26.187.151 - - [04/Oct/2012:23:12:30 +0300] "HEAD /css/homebase.css HTTP/1.1" 403 0 "-" "curl/7.12.1 (x86_64-redhat-linux-gnu) libcurl/7.12.1 OpenSSL/0.9.7a zlib/1.2.1.2 libidn/0.5.6"
64.26.187.150 - - [04/Oct/2012:23:50:07 +0300] "HEAD /css/homebase.css HTTP/1.1" 403 0 "-" "curl/7.12.1 (i386-redhat-linux-gnu) libcurl/7.12.1 OpenSSL/0.9.7a zlib/1.2.1.2 libidn/0.5.6"
64.26.187.151 - - [04/Oct/2012:23:50:10 +0300] "HEAD /css/homebase.css HTTP/1.1" 403 0 "-" "curl/7.12.1 (x86_64-redhat-linux-gnu) libcurl/7.12.1 OpenSSL/0.9.7a zlib/1.2.1.2 libidn/0.5.6"
64.26.187.150 - - [05/Oct/2012:00:27:45 +0300] "HEAD /css/homebase.css HTTP/1.1" 403 0 "-" "curl/7.12.1 (i386-redhat-linux-gnu) libcurl/7.12.1 OpenSSL/0.9.7a zlib/1.2.1.2 libidn/0.5.6"
64.26.187.151 - - [05/Oct/2012:00:27:48 +0300] "HEAD /css/homebase.css HTTP/1.1" 403 0 "-" "curl/7.12.1 (x86_64-redhat-linux-gnu) libcurl/7.12.1 OpenSSL/0.9.7a zlib/1.2.1.2 libidn/0.5.6"
64.26.187.150 - - [05/Oct/2012:01:05:11 +0300] "HEAD /css/homebase.css HTTP/1.1" 403 0 "-" "curl/7.12.1 (i386-redhat-linux-gnu) libcurl/7.12.1 OpenSSL/0.9.7a zlib/1.2.1.2 libidn/0.5.6"
64.26.187.151 - - [05/Oct/2012:01:05:14 +0300] "HEAD /css/homebase.css HTTP/1.1" 403 0 "-" "curl/7.12.1 (x86_64-redhat-linux-gnu) libcurl/7.12.1 OpenSSL/0.9.7a zlib/1.2.1.2 libidn/0.5.6"
64.26.187.150 - - [05/Oct/2012:01:42:33 +0300] "HEAD /css/homebase.css HTTP/1.1" 403 0 "-" "curl/7.12.1 (i386-redhat-linux-gnu) libcurl/7.12.1 OpenSSL/0.9.7a zlib/1.2.1.2 libidn/0.5.6"
64.26.187.151 - - [05/Oct/2012:01:42:36 +0300] "HEAD /css/homebase.css HTTP/1.1" 403 0 "-" "curl/7.12.1 (x86_64-redhat-linux-gnu) libcurl/7.12.1 OpenSSL/0.9.7a zlib/1.2.1.2 libidn/0.5.6"
64.26.187.150 - - [05/Oct/2012:02:19:43 +0300] "HEAD /css/homebase.css HTTP/1.1" 403 0 "-" "curl/7.12.1 (i386-redhat-linux-gnu) libcurl/7.12.1 OpenSSL/0.9.7a zlib/1.2.1.2 libidn/0.5.6"
64.26.187.151 - - [05/Oct/2012:02:19:46 +0300] "HEAD /css/homebase.css HTTP/1.1" 403 0 "-" "curl/7.12.1 (x86_64-redhat-linux-gnu) libcurl/7.12.1 OpenSSL/0.9.7a zlib/1.2.1.2 libidn/0.5.6"
64.26.187.150 - - [05/Oct/2012:02:56:29 +0300] "HEAD /css/homebase.css HTTP/1.1" 403 0 "-" "curl/7.12.1 (i386-redhat-linux-gnu) libcurl/7.12.1 OpenSSL/0.9.7a zlib/1.2.1.2 libidn/0.5.6"
64.26.187.151 - - [05/Oct/2012:02:56:31 +0300] "HEAD /css/homebase.css HTTP/1.1" 403 0 "-" "curl/7.12.1 (x86_64-redhat-linux-gnu) libcurl/7.12.1 OpenSSL/0.9.7a zlib/1.2.1.2 libidn/0.5.6"
64.26.187.150 - - [05/Oct/2012:03:33:06 +0300] "HEAD /css/homebase.css HTTP/1.1" 403 0 "-" "curl/7.12.1 (i386-redhat-linux-gnu) libcurl/7.12.1 OpenSSL/0.9.7a zlib/1.2.1.2 libidn/0.5.6"
64.26.187.151 - - [05/Oct/2012:03:33:08 +0300] "HEAD /css/homebase.css HTTP/1.1" 403 0 "-" "curl/7.12.1 (x86_64-redhat-linux-gnu) libcurl/7.12.1 OpenSSL/0.9.7a zlib/1.2.1.2 libidn/0.5.6"
64.26.187.150 - - [05/Oct/2012:04:09:53 +0300] "HEAD /css/homebase.css HTTP/1.1" 403 0 "-" "curl/7.12.1 (i386-redhat-linux-gnu) libcurl/7.12.1 OpenSSL/0.9.7a zlib/1.2.1.2 libidn/0.5.6"
64.26.187.150 - - [05/Oct/2012:04:46:25 +0300] "HEAD /css/homebase.css HTTP/1.1" 403 0 "-" "curl/7.12.1 (i386-redhat-linux-gnu) libcurl/7.12.1 OpenSSL/0.9.7a zlib/1.2.1.2 libidn/0.5.6"
64.26.187.150 - - [05/Oct/2012:05:22:53 +0300] "HEAD /css/homebase.css HTTP/1.1" 403 0 "-" "curl/7.12.1 (i386-redhat-linux-gnu) libcurl/7.12.1 OpenSSL/0.9.7a zlib/1.2.1.2 libidn/0.5.6"
64.26.187.150 - - [05/Oct/2012:05:59:17 +0300] "HEAD /css/homebase.css HTTP/1.1" 403 0 "-" "curl/7.12.1 (i386-redhat-linux-gnu) libcurl/7.12.1 OpenSSL/0.9.7a zlib/1.2.1.2 libidn/0.5.6"
64.26.187.150 - - [05/Oct/2012:06:35:51 +0300] "HEAD /css/homebase.css HTTP/1.1" 403 0 "-" "curl/7.12.1 (i386-redhat-linux-gnu) libcurl/7.12.1 OpenSSL/0.9.7a zlib/1.2.1.2 libidn/0.5.6"
64.26.187.150 - - [05/Oct/2012:07:12:12 +0300] "HEAD /css/homebase.css HTTP/1.1" 403 0 "-" "curl/7.12.1 (i386-redhat-linux-gnu) libcurl/7.12.1 OpenSSL/0.9.7a zlib/1.2.1.2 libidn/0.5.6"
64.26.187.150 - - [05/Oct/2012:07:48:52 +0300] "HEAD /css/homebase.css HTTP/1.1" 403 0 "-" "curl/7.12.1 (i386-redhat-linux-gnu) libcurl/7.12.1 OpenSSL/0.9.7a zlib/1.2.1.2 libidn/0.5.6"
64.26.187.151 - - [05/Oct/2012:07:48:54 +0300] "HEAD /css/homebase.css HTTP/1.1" 403 0 "-" "curl/7.12.1 (x86_64-redhat-linux-gnu) libcurl/7.12.1 OpenSSL/0.9.7a zlib/1.2.1.2 libidn/0.5.6"
64.26.187.150 - - [05/Oct/2012:08:25:26 +0300] "HEAD /css/homebase.css HTTP/1.1" 403 0 "-" "curl/7.12.1 (i386-redhat-linux-gnu) libcurl/7.12.1 OpenSSL/0.9.7a zlib/1.2.1.2 libidn/0.5.6"
64.26.187.150 - - [05/Oct/2012:09:02:12 +0300] "HEAD /css/homebase.css HTTP/1.1" 403 0 "-" "curl/7.12.1 (i386-redhat-linux-gnu) libcurl/7.12.1 OpenSSL/0.9.7a zlib/1.2.1.2 libidn/0.5.6"
64.26.187.151 - - [05/Oct/2012:09:02:15 +0300] "HEAD /css/homebase.css HTTP/1.1" 403 0 "-" "curl/7.12.1 (x86_64-redhat-linux-gnu) libcurl/7.12.1 OpenSSL/0.9.7a zlib/1.2.1.2 libidn/0.5.6"
64.26.187.150 - - [05/Oct/2012:09:39:12 +0300] "HEAD /css/homebase.css HTTP/1.1" 403 0 "-" "curl/7.12.1 (i386-redhat-linux-gnu) libcurl/7.12.1 OpenSSL/0.9.7a zlib/1.2.1.2 libidn/0.5.6"
64.26.187.150 - - [05/Oct/2012:10:16:14 +0300] "HEAD /css/homebase.css HTTP/1.1" 403 0 "-" "curl/7.12.1 (i386-redhat-linux-gnu) libcurl/7.12.1 OpenSSL/0.9.7a zlib/1.2.1.2 libidn/0.5.6"
64.26.187.150 - - [05/Oct/2012:10:53:29 +0300] "HEAD /css/homebase.css HTTP/1.1" 403 0 "-" "curl/7.12.1 (i386-redhat-linux-gnu) libcurl/7.12.1 OpenSSL/0.9.7a zlib/1.2.1.2 libidn/0.5.6"
64.26.187.150 - - [05/Oct/2012:11:32:39 +0300] "HEAD /css/homebase.css HTTP/1.1" 403 0 "-" "curl/7.12.1 (i386-redhat-linux-gnu) libcurl/7.12.1 OpenSSL/0.9.7a zlib/1.2.1.2 libidn/0.5.6"
64.26.187.150 - - [05/Oct/2012:12:10:54 +0300] "HEAD /css/homebase.css HTTP/1.1" 403 0 "-" "curl/7.12.1 (i386-redhat-linux-gnu) libcurl/7.12.1 OpenSSL/0.9.7a zlib/1.2.1.2 libidn/0.5.6"
64.26.187.150 - - [05/Oct/2012:12:49:05 +0300] "HEAD /css/homebase.css HTTP/1.1" 403 0 "-" "curl/7.12.1 (i386-redhat-linux-gnu) libcurl/7.12.1 OpenSSL/0.9.7a zlib/1.2.1.2 libidn/0.5.6"
64.26.187.151 - - [05/Oct/2012:12:49:07 +0300] "HEAD /css/homebase.css HTTP/1.1" 403 0 "-" "curl/7.12.1 (x86_64-redhat-linux-gnu) libcurl/7.12.1 OpenSSL/0.9.7a zlib/1.2.1.2 libidn/0.5.6"
64.26.187.150 - - [05/Oct/2012:13:26:36 +0300] "HEAD /css/homebase.css HTTP/1.1" 403 0 "-" "curl/7.12.1 (i386-redhat-linux-gnu) libcurl/7.12.1 OpenSSL/0.9.7a zlib/1.2.1.2 libidn/0.5.6"
64.26.187.150 - - [05/Oct/2012:14:04:04 +0300] "HEAD /css/homebase.css HTTP/1.1" 403 0 "-" "curl/7.12.1 (i386-redhat-linux-gnu) libcurl/7.12.1 OpenSSL/0.9.7a zlib/1.2.1.2 libidn/0.5.6"
64.26.187.150 - - [05/Oct/2012:14:41:44 +0300] "HEAD /css/homebase.css HTTP/1.1" 403 0 "-" "curl/7.12.1 (i386-redhat-linux-gnu) libcurl/7.12.1 OpenSSL/0.9.7a zlib/1.2.1.2 libidn/0.5.6"
64.26.187.150 - - [05/Oct/2012:15:19:13 +0300] "HEAD /css/homebase.css HTTP/1.1" 403 0 "-" "curl/7.12.1 (i386-redhat-linux-gnu) libcurl/7.12.1 OpenSSL/0.9.7a zlib/1.2.1.2 libidn/0.5.6"
64.26.187.150 - - [05/Oct/2012:15:56:51 +0300] "HEAD /css/homebase.css HTTP/1.1" 403 0 "-" "curl/7.12.1 (i386-redhat-linux-gnu) libcurl/7.12.1 OpenSSL/0.9.7a zlib/1.2.1.2 libidn/0.5.6"
64.26.187.150 - - [05/Oct/2012:16:34:35 +0300] "HEAD /css/homebase.css HTTP/1.1" 403 0 "-" "curl/7.12.1 (i386-redhat-linux-gnu) libcurl/7.12.1 OpenSSL/0.9.7a zlib/1.2.1.2 libidn/0.5.6"
64.26.187.151 - - [05/Oct/2012:16:34:37 +0300] "HEAD /css/homebase.css HTTP/1.1" 403 0 "-" "curl/7.12.1 (x86_64-redhat-linux-gnu) libcurl/7.12.1 OpenSSL/0.9.7a zlib/1.2.1.2 libidn/0.5.6"
64.26.187.150 - - [05/Oct/2012:17:12:14 +0300] "HEAD /css/homebase.css HTTP/1.1" 403 0 "-" "curl/7.12.1 (i386-redhat-linux-gnu) libcurl/7.12.1 OpenSSL/0.9.7a zlib/1.2.1.2 libidn/0.5.6"
64.26.187.150 - - [05/Oct/2012:17:49:56 +0300] "HEAD /css/homebase.css HTTP/1.1" 403 0 "-" "curl/7.12.1 (i386-redhat-linux-gnu) libcurl/7.12.1 OpenSSL/0.9.7a zlib/1.2.1.2 libidn/0.5.6"
64.26.187.150 - - [05/Oct/2012:18:27:26 +0300] "HEAD /css/homebase.css HTTP/1.1" 403 0 "-" "curl/7.12.1 (i386-redhat-linux-gnu) libcurl/7.12.1 OpenSSL/0.9.7a zlib/1.2.1.2 libidn/0.5.6"
64.26.187.150 - - [05/Oct/2012:19:05:02 +0300] "HEAD /css/homebase.css HTTP/1.1" 403 0 "-" "curl/7.12.1 (i386-redhat-linux-gnu) libcurl/7.12.1 OpenSSL/0.9.7a zlib/1.2.1.2 libidn/0.5.6"
157.55.35.80 - - [05/Oct/2012:19:34:57 +0300] "GET /robots.txt HTTP/1.1" 404 238 "-" "Mozilla/5.0 (compatible; bingbot/2.0; +http://www.bing.com/bingbot.htm)"
64.26.187.150 - - [05/Oct/2012:19:42:46 +0300] "HEAD /css/homebase.css HTTP/1.1" 403 0 "-" "curl/7.12.1 (i386-redhat-linux-gnu) libcurl/7.12.1 OpenSSL/0.9.7a zlib/1.2.1.2 libidn/0.5.6"
64.26.187.151 - - [05/Oct/2012:19:42:49 +0300] "HEAD /css/homebase.css HTTP/1.1" 403 0 "-" "curl/7.12.1 (x86_64-redhat-linux-gnu) libcurl/7.12.1 OpenSSL/0.9.7a zlib/1.2.1.2 libidn/0.5.6"
157.55.35.80 - - [05/Oct/2012:19:48:14 +0300] "GET / HTTP/1.1" 200 28 "-" "Mozilla/5.0 (compatible; bingbot/2.0; +http://www.bing.com/bingbot.htm)"
64.26.187.150 - - [05/Oct/2012:20:20:25 +0300] "HEAD /css/homebase.css HTTP/1.1" 403 0 "-" "curl/7.12.1 (i386-redhat-linux-gnu) libcurl/7.12.1 OpenSSL/0.9.7a zlib/1.2.1.2 libidn/0.5.6"
64.26.187.150 - - [05/Oct/2012:20:57:54 +0300] "HEAD /css/homebase.css HTTP/1.1" 403 0 "-" "curl/7.12.1 (i386-redhat-linux-gnu) libcurl/7.12.1 OpenSSL/0.9.7a zlib/1.2.1.2 libidn/0.5.6"
64.26.187.150 - - [05/Oct/2012:21:35:30 +0300] "HEAD /css/homebase.css HTTP/1.1" 403 0 "-" "curl/7.12.1 (i386-redhat-linux-gnu) libcurl/7.12.1 OpenSSL/0.9.7a zlib/1.2.1.2 libidn/0.5.6"
64.26.187.151 - - [05/Oct/2012:21:35:33 +0300] "HEAD /css/homebase.css HTTP/1.1" 403 0 "-" "curl/7.12.1 (x86_64-redhat-linux-gnu) libcurl/7.12.1 OpenSSL/0.9.7a zlib/1.2.1.2 libidn/0.5.6"
64.26.187.150 - - [05/Oct/2012:22:13:13 +0300] "HEAD /css/homebase.css HTTP/1.1" 403 0 "-" "curl/7.12.1 (i386-redhat-linux-gnu) libcurl/7.12.1 OpenSSL/0.9.7a zlib/1.2.1.2 libidn/0.5.6"
64.26.187.150 - - [05/Oct/2012:22:50:51 +0300] "HEAD /css/homebase.css HTTP/1.1" 403 0 "-" "curl/7.12.1 (i386-redhat-linux-gnu) libcurl/7.12.1 OpenSSL/0.9.7a zlib/1.2.1.2 libidn/0.5.6"
64.26.187.150 - - [05/Oct/2012:23:28:32 +0300] "HEAD /css/homebase.css HTTP/1.1" 403 0 "-" "curl/7.12.1 (i386-redhat-linux-gnu) libcurl/7.12.1 OpenSSL/0.9.7a zlib/1.2.1.2 libidn/0.5.6"
64.26.187.150 - - [06/Oct/2012:00:06:37 +0300] "HEAD /css/homebase.css HTTP/1.1" 403 0 "-" "curl/7.12.1 (i386-redhat-linux-gnu) libcurl/7.12.1 OpenSSL/0.9.7a zlib/1.2.1.2 libidn/0.5.6"
64.26.187.151 - - [06/Oct/2012:00:06:40 +0300] "HEAD /css/homebase.css HTTP/1.1" 403 0 "-" "curl/7.12.1 (x86_64-redhat-linux-gnu) libcurl/7.12.1 OpenSSL/0.9.7a zlib/1.2.1.2 libidn/0.5.6"
178.154.243.98 - - [06/Oct/2012:00:42:56 +0300] "GET /robots.txt HTTP/1.1" 404 238 "-" "Mozilla/5.0 (compatible; YandexBot/3.0; +http://yandex.com/bots)"
64.26.187.150 - - [06/Oct/2012:00:44:26 +0300] "HEAD /css/homebase.css HTTP/1.1" 403 0 "-" "curl/7.12.1 (i386-redhat-linux-gnu) libcurl/7.12.1 OpenSSL/0.9.7a zlib/1.2.1.2 libidn/0.5.6"
66.249.74.74 - - [06/Oct/2012:01:13:49 +0300] "GET /robots.txt HTTP/1.1" 404 238 "-" "Mozilla/5.0 (compatible; Googlebot/2.1; +http://www.google.com/bot.html)"
66.249.74.74 - - [06/Oct/2012:01:13:50 +0300] "GET / HTTP/1.1" 200 28 "-" "Mozilla/5.0 (compatible; Googlebot/2.1; +http://www.google.com/bot.html)"
64.26.187.150 - - [06/Oct/2012:01:21:52 +0300] "HEAD /css/homebase.css HTTP/1.1" 403 0 "-" "curl/7.12.1 (i386-redhat-linux-gnu) libcurl/7.12.1 OpenSSL/0.9.7a zlib/1.2.1.2 libidn/0.5.6"
64.26.187.150 - - [06/Oct/2012:01:59:16 +0300] "HEAD /css/homebase.css HTTP/1.1" 403 0 "-" "curl/7.12.1 (i386-redhat-linux-gnu) libcurl/7.12.1 OpenSSL/0.9.7a zlib/1.2.1.2 libidn/0.5.6"
64.26.187.151 - - [06/Oct/2012:01:59:18 +0300] "HEAD /css/homebase.css HTTP/1.1" 403 0 "-" "curl/7.12.1 (x86_64-redhat-linux-gnu) libcurl/7.12.1 OpenSSL/0.9.7a zlib/1.2.1.2 libidn/0.5.6"
178.154.243.98 - - [06/Oct/2012:02:23:48 +0300] "GET / HTTP/1.1" 200 28 "-" "Mozilla/5.0 (compatible; YandexBot/3.0; +http://yandex.com/bots)"
64.26.187.150 - - [06/Oct/2012:02:36:35 +0300] "HEAD /css/homebase.css HTTP/1.1" 403 0 "-" "curl/7.12.1 (i386-redhat-linux-gnu) libcurl/7.12.1 OpenSSL/0.9.7a zlib/1.2.1.2 libidn/0.5.6"
64.26.187.150 - - [06/Oct/2012:03:13:39 +0300] "HEAD /css/homebase.css HTTP/1.1" 403 0 "-" "curl/7.12.1 (i386-redhat-linux-gnu) libcurl/7.12.1 OpenSSL/0.9.7a zlib/1.2.1.2 libidn/0.5.6"
64.26.187.150 - - [06/Oct/2012:03:50:53 +0300] "HEAD /css/homebase.css HTTP/1.1" 403 0 "-" "curl/7.12.1 (i386-redhat-linux-gnu) libcurl/7.12.1 OpenSSL/0.9.7a zlib/1.2.1.2 libidn/0.5.6"
64.26.187.150 - - [06/Oct/2012:04:27:18 +0300] "HEAD /css/homebase.css HTTP/1.1" 403 0 "-" "curl/7.12.1 (i386-redhat-linux-gnu) libcurl/7.12.1 OpenSSL/0.9.7a zlib/1.2.1.2 libidn/0.5.6"
64.26.187.150 - - [06/Oct/2012:05:03:58 +0300] "HEAD /css/homebase.css HTTP/1.1" 403 0 "-" "curl/7.12.1 (i386-redhat-linux-gnu) libcurl/7.12.1 OpenSSL/0.9.7a zlib/1.2.1.2 libidn/0.5.6"
64.26.187.151 - - [06/Oct/2012:05:04:00 +0300] "HEAD /css/homebase.css HTTP/1.1" 403 0 "-" "curl/7.12.1 (x86_64-redhat-linux-gnu) libcurl/7.12.1 OpenSSL/0.9.7a zlib/1.2.1.2 libidn/0.5.6"
64.26.187.150 - - [06/Oct/2012:05:40:44 +0300] "HEAD /css/homebase.css HTTP/1.1" 403 0 "-" "curl/7.12.1 (i386-redhat-linux-gnu) libcurl/7.12.1 OpenSSL/0.9.7a zlib/1.2.1.2 libidn/0.5.6"
64.26.187.150 - - [06/Oct/2012:06:17:25 +0300] "HEAD /css/homebase.css HTTP/1.1" 403 0 "-" "curl/7.12.1 (i386-redhat-linux-gnu) libcurl/7.12.1 OpenSSL/0.9.7a zlib/1.2.1.2 libidn/0.5.6"
64.26.187.151 - - [06/Oct/2012:06:17:27 +0300] "HEAD /css/homebase.css HTTP/1.1" 403 0 "-" "curl/7.12.1 (x86_64-redhat-linux-gnu) libcurl/7.12.1 OpenSSL/0.9.7a zlib/1.2.1.2 libidn/0.5.6"
64.26.187.150 - - [06/Oct/2012:06:54:11 +0300] "HEAD /css/homebase.css HTTP/1.1" 403 0 "-" "curl/7.12.1 (i386-redhat-linux-gnu) libcurl/7.12.1 OpenSSL/0.9.7a zlib/1.2.1.2 libidn/0.5.6"
64.26.187.150 - - [06/Oct/2012:07:30:51 +0300] "HEAD /css/homebase.css HTTP/1.1" 403 0 "-" "curl/7.12.1 (i386-redhat-linux-gnu) libcurl/7.12.1 OpenSSL/0.9.7a zlib/1.2.1.2 libidn/0.5.6"
64.26.187.151 - - [06/Oct/2012:07:30:54 +0300] "HEAD /css/homebase.css HTTP/1.1" 403 0 "-" "curl/7.12.1 (x86_64-redhat-linux-gnu) libcurl/7.12.1 OpenSSL/0.9.7a zlib/1.2.1.2 libidn/0.5.6"
64.26.187.150 - - [06/Oct/2012:08:07:33 +0300] "HEAD /css/homebase.css HTTP/1.1" 403 0 "-" "curl/7.12.1 (i386-redhat-linux-gnu) libcurl/7.12.1 OpenSSL/0.9.7a zlib/1.2.1.2 libidn/0.5.6"
64.26.187.150 - - [06/Oct/2012:08:44:24 +0300] "HEAD /css/homebase.css HTTP/1.1" 403 0 "-" "curl/7.12.1 (i386-redhat-linux-gnu) libcurl/7.12.1 OpenSSL/0.9.7a zlib/1.2.1.2 libidn/0.5.6"
64.26.187.150 - - [06/Oct/2012:09:21:02 +0300] "HEAD /css/homebase.css HTTP/1.1" 403 0 "-" "curl/7.12.1 (i386-redhat-linux-gnu) libcurl/7.12.1 OpenSSL/0.9.7a zlib/1.2.1.2 libidn/0.5.6"
64.26.187.151 - - [06/Oct/2012:09:21:05 +0300] "HEAD /css/homebase.css HTTP/1.1" 403 0 "-" "curl/7.12.1 (x86_64-redhat-linux-gnu) libcurl/7.12.1 OpenSSL/0.9.7a zlib/1.2.1.2 libidn/0.5.6"
64.26.187.150 - - [06/Oct/2012:09:58:09 +0300] "HEAD /css/homebase.css HTTP/1.1" 403 0 "-" "curl/7.12.1 (i386-redhat-linux-gnu) libcurl/7.12.1 OpenSSL/0.9.7a zlib/1.2.1.2 libidn/0.5.6"
64.26.187.150 - - [06/Oct/2012:10:35:14 +0300] "HEAD /css/homebase.css HTTP/1.1" 403 0 "-" "curl/7.12.1 (i386-redhat-linux-gnu) libcurl/7.12.1 OpenSSL/0.9.7a zlib/1.2.1.2 libidn/0.5.6"
64.26.187.151 - - [06/Oct/2012:10:35:17 +0300] "HEAD /css/homebase.css HTTP/1.1" 403 0 "-" "curl/7.12.1 (x86_64-redhat-linux-gnu) libcurl/7.12.1 OpenSSL/0.9.7a zlib/1.2.1.2 libidn/0.5.6"
64.26.187.150 - - [06/Oct/2012:11:12:22 +0300] "HEAD /css/homebase.css HTTP/1.1" 403 0 "-" "curl/7.12.1 (i386-redhat-linux-gnu) libcurl/7.12.1 OpenSSL/0.9.7a zlib/1.2.1.2 libidn/0.5.6"
64.26.187.150 - - [06/Oct/2012:11:50:32 +0300] "HEAD /css/homebase.css HTTP/1.1" 403 0 "-" "curl/7.12.1 (i386-redhat-linux-gnu) libcurl/7.12.1 OpenSSL/0.9.7a zlib/1.2.1.2 libidn/0.5.6"
66.249.74.105 - - [06/Oct/2012:12:17:31 +0300] "GET /robots.txt HTTP/1.1" 404 238 "-" "Mozilla/5.0 (compatible; Googlebot/2.1; +http://www.google.com/bot.html)"
66.249.74.105 - - [06/Oct/2012:12:17:32 +0300] "GET / HTTP/1.1" 200 28 "-" "Mozilla/5.0 (compatible; Googlebot/2.1; +http://www.google.com/bot.html)"
64.26.187.150 - - [06/Oct/2012:12:27:46 +0300] "HEAD /css/homebase.css HTTP/1.1" 403 0 "-" "curl/7.12.1 (i386-redhat-linux-gnu) libcurl/7.12.1 OpenSSL/0.9.7a zlib/1.2.1.2 libidn/0.5.6"
64.26.187.150 - - [06/Oct/2012:13:04:51 +0300] "HEAD /css/homebase.css HTTP/1.1" 403 0 "-" "curl/7.12.1 (i386-redhat-linux-gnu) libcurl/7.12.1 OpenSSL/0.9.7a zlib/1.2.1.2 libidn/0.5.6"
178.154.243.98 - - [06/Oct/2012:13:39:12 +0300] "GET /robots.txt HTTP/1.1" 404 238 "-" "Mozilla/5.0 (compatible; YandexBot/3.0; +http://yandex.com/bots)"
64.26.187.150 - - [06/Oct/2012:13:42:16 +0300] "HEAD /css/homebase.css HTTP/1.1" 403 0 "-" "curl/7.12.1 (i386-redhat-linux-gnu) libcurl/7.12.1 OpenSSL/0.9.7a zlib/1.2.1.2 libidn/0.5.6"
64.26.187.150 - - [06/Oct/2012:14:19:41 +0300] "HEAD /css/homebase.css HTTP/1.1" 403 0 "-" "curl/7.12.1 (i386-redhat-linux-gnu) libcurl/7.12.1 OpenSSL/0.9.7a zlib/1.2.1.2 libidn/0.5.6"
64.26.187.151 - - [06/Oct/2012:14:19:44 +0300] "HEAD /css/homebase.css HTTP/1.1" 403 0 "-" "curl/7.12.1 (x86_64-redhat-linux-gnu) libcurl/7.12.1 OpenSSL/0.9.7a zlib/1.2.1.2 libidn/0.5.6"
64.26.187.150 - - [06/Oct/2012:14:57:09 +0300] "HEAD /css/homebase.css HTTP/1.1" 403 0 "-" "curl/7.12.1 (i386-redhat-linux-gnu) libcurl/7.12.1 OpenSSL/0.9.7a zlib/1.2.1.2 libidn/0.5.6"
178.154.243.98 - - [06/Oct/2012:15:00:24 +0300] "GET / HTTP/1.1" 200 28 "-" "Mozilla/5.0 (compatible; YandexBot/3.0; +http://yandex.com/bots)"
64.26.187.150 - - [06/Oct/2012:15:34:30 +0300] "HEAD /css/homebase.css HTTP/1.1" 403 0 "-" "curl/7.12.1 (i386-redhat-linux-gnu) libcurl/7.12.1 OpenSSL/0.9.7a zlib/1.2.1.2 libidn/0.5.6"
216.240.136.96 - - [06/Oct/2012:16:01:16 +0300] "GET / HTTP/1.1" 200 28 "-" "Mozilla/5.0 (Windows; U; Windows NT 6.0; en-US; rv:1.9.1.2) Gecko/20090729 Firefox/3.5.2 (.NET CLR 3.5.30729)"
64.26.187.150 - - [06/Oct/2012:16:11:52 +0300] "HEAD /css/homebase.css HTTP/1.1" 403 0 "-" "curl/7.12.1 (i386-redhat-linux-gnu) libcurl/7.12.1 OpenSSL/0.9.7a zlib/1.2.1.2 libidn/0.5.6"
64.26.187.150 - - [06/Oct/2012:16:49:27 +0300] "HEAD /css/homebase.css HTTP/1.1" 403 0 "-" "curl/7.12.1 (i386-redhat-linux-gnu) libcurl/7.12.1 OpenSSL/0.9.7a zlib/1.2.1.2 libidn/0.5.6"
